Archive member included to satisfy reference by file (symbol)

/usr/lib/gcc/arm-none-eabi/9.2.1/../../../arm-none-eabi/lib/thumb/v7e-m+fp/hard/libc_nano.a(lib_a-atexit.o)
                              /usr/lib/gcc/arm-none-eabi/9.2.1/../../../arm-none-eabi/lib/thumb/v7e-m+fp/hard/crt0.o (atexit)
/usr/lib/gcc/arm-none-eabi/9.2.1/../../../arm-none-eabi/lib/thumb/v7e-m+fp/hard/libc_nano.a(lib_a-exit.o)
                              /usr/lib/gcc/arm-none-eabi/9.2.1/../../../arm-none-eabi/lib/thumb/v7e-m+fp/hard/crt0.o (exit)
/usr/lib/gcc/arm-none-eabi/9.2.1/../../../arm-none-eabi/lib/thumb/v7e-m+fp/hard/libc_nano.a(lib_a-fini.o)
                              /usr/lib/gcc/arm-none-eabi/9.2.1/../../../arm-none-eabi/lib/thumb/v7e-m+fp/hard/crt0.o (__libc_fini_array)
/usr/lib/gcc/arm-none-eabi/9.2.1/../../../arm-none-eabi/lib/thumb/v7e-m+fp/hard/libc_nano.a(lib_a-impure.o)
                              /usr/lib/gcc/arm-none-eabi/9.2.1/../../../arm-none-eabi/lib/thumb/v7e-m+fp/hard/libc_nano.a(lib_a-exit.o) (_global_impure_ptr)
/usr/lib/gcc/arm-none-eabi/9.2.1/../../../arm-none-eabi/lib/thumb/v7e-m+fp/hard/libc_nano.a(lib_a-init.o)
                              /usr/lib/gcc/arm-none-eabi/9.2.1/../../../arm-none-eabi/lib/thumb/v7e-m+fp/hard/crt0.o (__libc_init_array)
/usr/lib/gcc/arm-none-eabi/9.2.1/../../../arm-none-eabi/lib/thumb/v7e-m+fp/hard/libc_nano.a(lib_a-memcpy.o)
                              build/mcpa.o (memcpy)
/usr/lib/gcc/arm-none-eabi/9.2.1/../../../arm-none-eabi/lib/thumb/v7e-m+fp/hard/libc_nano.a(lib_a-memset.o)
                              /usr/lib/gcc/arm-none-eabi/9.2.1/../../../arm-none-eabi/lib/thumb/v7e-m+fp/hard/crt0.o (memset)
/usr/lib/gcc/arm-none-eabi/9.2.1/../../../arm-none-eabi/lib/thumb/v7e-m+fp/hard/libc_nano.a(lib_a-__atexit.o)
                              /usr/lib/gcc/arm-none-eabi/9.2.1/../../../arm-none-eabi/lib/thumb/v7e-m+fp/hard/libc_nano.a(lib_a-atexit.o) (__register_exitproc)
/usr/lib/gcc/arm-none-eabi/9.2.1/../../../arm-none-eabi/lib/thumb/v7e-m+fp/hard/libc_nano.a(lib_a-__call_atexit.o)
                              /usr/lib/gcc/arm-none-eabi/9.2.1/../../../arm-none-eabi/lib/thumb/v7e-m+fp/hard/libc_nano.a(lib_a-__atexit.o) (__call_exitprocs)
/usr/lib/gcc/arm-none-eabi/9.2.1/../../../arm-none-eabi/lib/thumb/v7e-m+fp/hard/libnosys.a(_exit.o)
                              /usr/lib/gcc/arm-none-eabi/9.2.1/../../../arm-none-eabi/lib/thumb/v7e-m+fp/hard/libc_nano.a(lib_a-exit.o) (_exit)
/usr/lib/gcc/arm-none-eabi/9.2.1/thumb/v7e-m+fp/hard/libgcc.a(_arm_muldf3.o)
                              build/mc_interface.o (__aeabi_dmul)
/usr/lib/gcc/arm-none-eabi/9.2.1/thumb/v7e-m+fp/hard/libgcc.a(_arm_addsubdf3.o)
                              build/mc_interface.o (__aeabi_i2d)
/usr/lib/gcc/arm-none-eabi/9.2.1/thumb/v7e-m+fp/hard/libgcc.a(_arm_fixdfsi.o)
                              build/mc_interface.o (__aeabi_d2iz)
/usr/lib/gcc/arm-none-eabi/9.2.1/thumb/v7e-m+fp/hard/libgcc.a(_arm_truncdfsf2.o)
                              build/mc_interface.o (__aeabi_d2f)

Allocating common symbols
Common symbol       size              file

dataPtrTableBuffA   0x28              build/mcp_config.o
MCP_UserCallBack    0x8               build/mcp_config.o
htim4               0x4c              build/main.o
uwTick              0x4               build/stm32g4xx_hal.o
dataSizeTableBuffA  0xa               build/mcp_config.o
pMCI                0x4               build/motorcontrol.o
Mci                 0x24              build/mc_config.o
dataPtrTableA       0x28              build/mcp_config.o
dataSizeTableA      0xa               build/mcp_config.o

Discarded input sections

 .text          0x0000000000000000        0x0 /usr/lib/gcc/arm-none-eabi/9.2.1/thumb/v7e-m+fp/hard/crti.o
 .data          0x0000000000000000        0x0 /usr/lib/gcc/arm-none-eabi/9.2.1/thumb/v7e-m+fp/hard/crti.o
 .bss           0x0000000000000000        0x0 /usr/lib/gcc/arm-none-eabi/9.2.1/thumb/v7e-m+fp/hard/crti.o
 .data          0x0000000000000000        0x4 /usr/lib/gcc/arm-none-eabi/9.2.1/thumb/v7e-m+fp/hard/crtbegin.o
 .text          0x0000000000000000       0x70 /usr/lib/gcc/arm-none-eabi/9.2.1/../../../arm-none-eabi/lib/thumb/v7e-m+fp/hard/crt0.o
 .data          0x0000000000000000        0x0 /usr/lib/gcc/arm-none-eabi/9.2.1/../../../arm-none-eabi/lib/thumb/v7e-m+fp/hard/crt0.o
 .bss           0x0000000000000000        0x0 /usr/lib/gcc/arm-none-eabi/9.2.1/../../../arm-none-eabi/lib/thumb/v7e-m+fp/hard/crt0.o
 .ARM.extab     0x0000000000000000        0x0 /usr/lib/gcc/arm-none-eabi/9.2.1/../../../arm-none-eabi/lib/thumb/v7e-m+fp/hard/crt0.o
 .ARM.exidx     0x0000000000000000       0x10 /usr/lib/gcc/arm-none-eabi/9.2.1/../../../arm-none-eabi/lib/thumb/v7e-m+fp/hard/crt0.o
 .debug_line    0x0000000000000000       0x87 /usr/lib/gcc/arm-none-eabi/9.2.1/../../../arm-none-eabi/lib/thumb/v7e-m+fp/hard/crt0.o
[...]
Memory Configuration

Name             Origin             Length             Attributes
RAM              0x0000000020000000 0x0000000000008000 xrw
FLASH            0x0000000008000000 0x0000000000020000 xr
*default*        0x0000000000000000 0xffffffffffffffff

Linker script and memory map

LOAD /usr/lib/gcc/arm-none-eabi/9.2.1/thumb/v7e-m+fp/hard/crti.o
LOAD /usr/lib/gcc/arm-none-eabi/9.2.1/thumb/v7e-m+fp/hard/crtbegin.o
LOAD /usr/lib/gcc/arm-none-eabi/9.2.1/../../../arm-none-eabi/lib/thumb/v7e-m+fp/hard/crt0.o
LOAD build/stm32g4xx_hal.o
LOAD build/stm32g4xx_hal_cortex.o
LOAD build/stm32g4xx_hal_dma.o
LOAD build/stm32g4xx_hal_dma_ex.o
LOAD build/stm32g4xx_hal_exti.o
LOAD build/stm32g4xx_hal_flash.o
LOAD build/stm32g4xx_hal_flash_ex.o
LOAD build/stm32g4xx_hal_flash_ramfunc.o
LOAD build/stm32g4xx_hal_gpio.o
LOAD build/stm32g4xx_hal_pwr.o
LOAD build/stm32g4xx_hal_pwr_ex.o
LOAD build/stm32g4xx_hal_rcc.o
LOAD build/stm32g4xx_hal_rcc_ex.o
LOAD build/stm32g4xx_hal_tim.o
LOAD build/stm32g4xx_hal_tim_ex.o
LOAD build/stm32g4xx_ll_adc.o
LOAD build/stm32g4xx_ll_cordic.o
LOAD build/stm32g4xx_ll_dma.o
LOAD build/stm32g4xx_ll_exti.o
LOAD build/stm32g4xx_ll_gpio.o
LOAD build/stm32g4xx_ll_opamp.o
LOAD build/stm32g4xx_ll_rcc.o
LOAD build/stm32g4xx_ll_tim.o
LOAD build/stm32g4xx_ll_usart.o
LOAD build/stm32g4xx_ll_utils.o
LOAD build/bus_voltage_sensor.o
LOAD build/circle_limitation.o
LOAD build/digital_output.o
LOAD build/mcp.o
LOAD build/mcpa.o
LOAD build/ntc_temperature_sensor.o
LOAD build/open_loop.o
LOAD build/pid_regulator.o
LOAD build/pqd_motor_power_measurement.o
LOAD build/pwm_common.o
LOAD build/r_divider_bus_voltage_sensor.o
LOAD build/ramp_ext_mngr.o
LOAD build/revup_ctrl.o
LOAD build/speed_pos_fdbk.o
LOAD build/speed_torq_ctrl.o
LOAD build/sto_cordic_speed_pos_fdbk.o
LOAD build/sto_pll_speed_pos_fdbk.o
LOAD build/virtual_speed_sensor.o
LOAD build/r3_2_g4xx_pwm_curr_fdbk.o
LOAD build/aspep.o
LOAD build/debug_scope.o
LOAD build/main.o
LOAD build/mc_api.o
LOAD build/mc_config.o
LOAD build/mc_configuration_registers.o
LOAD build/mc_interface.o
LOAD build/mc_math.o
LOAD build/mc_parameters.o
LOAD build/mc_perf.o
LOAD build/mc_tasks.o
LOAD build/mcp_config.o
LOAD build/motorcontrol.o
LOAD build/pwm_curr_fdbk.o
LOAD build/register_interface.o
LOAD build/regular_conversion_manager.o
LOAD build/stm32g4xx_hal_msp.o
LOAD build/stm32g4xx_it.o
LOAD build/stm32g4xx_mc_it.o
LOAD build/system_stm32g4xx.o
LOAD build/usart_aspep_driver.o
LOAD build/startup_stm32g431xx.o
LOAD /usr/lib/gcc/arm-none-eabi/9.2.1/../../../arm-none-eabi/lib/thumb/v7e-m+fp/hard/libc_nano.a
LOAD /usr/lib/gcc/arm-none-eabi/9.2.1/../../../arm-none-eabi/lib/thumb/v7e-m+fp/hard/libm.a
LOAD /usr/lib/gcc/arm-none-eabi/9.2.1/../../../arm-none-eabi/lib/thumb/v7e-m+fp/hard/libnosys.a
START GROUP
LOAD /usr/lib/gcc/arm-none-eabi/9.2.1/thumb/v7e-m+fp/hard/libgcc.a
LOAD /usr/lib/gcc/arm-none-eabi/9.2.1/../../../arm-none-eabi/lib/thumb/v7e-m+fp/hard/libc_nano.a
END GROUP
START GROUP
LOAD /usr/lib/gcc/arm-none-eabi/9.2.1/thumb/v7e-m+fp/hard/libgcc.a
LOAD /usr/lib/gcc/arm-none-eabi/9.2.1/../../../arm-none-eabi/lib/thumb/v7e-m+fp/hard/libc_nano.a
END GROUP
LOAD /usr/lib/gcc/arm-none-eabi/9.2.1/thumb/v7e-m+fp/hard/crtend.o
LOAD /usr/lib/gcc/arm-none-eabi/9.2.1/thumb/v7e-m+fp/hard/crtn.o
                0x0000000020008000                _estack = (ORIGIN (RAM) + LENGTH (RAM))
                0x0000000000000200                _Min_Heap_Size = 0x200
                0x0000000000000400                _Min_Stack_Size = 0x400

.isr_vector     0x0000000008000000      0x1d8
                0x0000000008000000                . = ALIGN (0x4)
 *(.isr_vector)
 .isr_vector    0x0000000008000000      0x1d8 build/startup_stm32g431xx.o
                0x0000000008000000                g_pfnVectors
                0x00000000080001d8                . = ALIGN (0x4)

.text           0x00000000080001d8     0x8480
                0x00000000080001d8                . = ALIGN (0x4)
 *(.text)
 .text          0x00000000080001d8       0x88 /usr/lib/gcc/arm-none-eabi/9.2.1/thumb/v7e-m+fp/hard/crtbegin.o
 .text          0x0000000008000260       0x48 /usr/lib/gcc/arm-none-eabi/9.2.1/../../../arm-none-eabi/lib/thumb/v7e-m+fp/hard/libc_nano.a(lib_a-init.o)
                0x0000000008000260                __libc_init_array
 .text          0x00000000080002a8      0x134 /usr/lib/gcc/arm-none-eabi/9.2.1/../../../arm-none-eabi/lib/thumb/v7e-m+fp/hard/libc_nano.a(lib_a-memcpy.o)
                0x00000000080002a8                memcpy
 .text          0x00000000080003dc       0xa0 /usr/lib/gcc/arm-none-eabi/9.2.1/../../../arm-none-eabi/lib/thumb/v7e-m+fp/hard/libc_nano.a(lib_a-memset.o)
                0x00000000080003dc                memset
 *(.text*)
 .text.HAL_InitTick
                0x000000000800047c       0x50 build/stm32g4xx_hal.o
                0x000000000800047c                HAL_InitTick
 .text.HAL_Init
                0x00000000080004cc       0x1e build/stm32g4xx_hal.o
                0x00000000080004cc                HAL_Init
 *fill*         0x00000000080004ea        0x2 
 .text.HAL_IncTick
                0x00000000080004ec       0x18 build/stm32g4xx_hal.o
                0x00000000080004ec                HAL_IncTick
 .text.HAL_NVIC_SetPriorityGrouping
                0x0000000008000504       0x24 build/stm32g4xx_hal_cortex.o
                0x0000000008000504                HAL_NVIC_SetPriorityGrouping
 .text.HAL_NVIC_SetPriority
                0x0000000008000528       0x68 build/stm32g4xx_hal_cortex.o
                0x0000000008000528                HAL_NVIC_SetPriority
 .text.HAL_SYSTICK_Config
                0x0000000008000590       0x2c build/stm32g4xx_hal_cortex.o
                0x0000000008000590                HAL_SYSTICK_Config
 .text.HAL_SYSTICK_Callback
                0x00000000080005bc        0x2 build/stm32g4xx_hal_cortex.o
                0x00000000080005bc                HAL_SYSTICK_Callback
 .text.HAL_SYSTICK_IRQHandler
                0x00000000080005be        0x8 build/stm32g4xx_hal_cortex.o
                0x00000000080005be                HAL_SYSTICK_IRQHandler
 *fill*         0x00000000080005c6        0x2 
 .text.HAL_GPIO_Init
                0x00000000080005c8      0x1ac build/stm32g4xx_hal_gpio.o
                0x00000000080005c8                HAL_GPIO_Init
 .text.HAL_PWREx_DisableUCPDDeadBattery
                0x0000000008000774       0x10 build/stm32g4xx_hal_pwr_ex.o
                0x0000000008000774                HAL_PWREx_DisableUCPDDeadBattery
 .text.HAL_RCC_GetHCLKFreq
                0x0000000008000784        0xc build/stm32g4xx_hal_rcc.o
                0x0000000008000784                HAL_RCC_GetHCLKFreq
 .text.TIM_Base_SetConfig
                0x0000000008000790       0xb8 build/stm32g4xx_hal_tim.o
                0x0000000008000790                TIM_Base_SetConfig
 .text.HAL_TIM_Encoder_Init
                0x0000000008000848       0xb0 build/stm32g4xx_hal_tim.o
                0x0000000008000848                HAL_TIM_Encoder_Init
 .text.HAL_TIMEx_MasterConfigSynchronization
                0x00000000080008f8       0x94 build/stm32g4xx_hal_tim_ex.o
                0x00000000080008f8                HAL_TIMEx_MasterConfigSynchronization
 .text.LL_ADC_CommonInit
                0x000000000800098c       0x60 build/stm32g4xx_ll_adc.o
                0x000000000800098c                LL_ADC_CommonInit
 .text.LL_ADC_Init
                0x00000000080009ec       0x2e build/stm32g4xx_ll_adc.o
                0x00000000080009ec                LL_ADC_Init
 *fill*         0x0000000008000a1a        0x2 
 .text.LL_ADC_REG_Init
                0x0000000008000a1c       0x60 build/stm32g4xx_ll_adc.o
                0x0000000008000a1c                LL_ADC_REG_Init
 .text.LL_ADC_INJ_Init
                0x0000000008000a7c       0x4c build/stm32g4xx_ll_adc.o
                0x0000000008000a7c                LL_ADC_INJ_Init
 .text.LL_EXTI_Init
                0x0000000008000ac8      0x1a0 build/stm32g4xx_ll_exti.o
                0x0000000008000ac8                LL_EXTI_Init
 .text.LL_GPIO_Init
                0x0000000008000c68      0x172 build/stm32g4xx_ll_gpio.o
                0x0000000008000c68                LL_GPIO_Init
 .text.LL_OPAMP_Init
                0x0000000008000dda       0x50 build/stm32g4xx_ll_opamp.o
                0x0000000008000dda                LL_OPAMP_Init
 *fill*         0x0000000008000e2a        0x2 
 .text.RCC_GetHCLKClockFreq
                0x0000000008000e2c       0x1c build/stm32g4xx_ll_rcc.o
 .text.RCC_GetPCLK1ClockFreq
                0x0000000008000e48       0x1c build/stm32g4xx_ll_rcc.o
 .text.RCC_GetPCLK2ClockFreq
                0x0000000008000e64       0x1c build/stm32g4xx_ll_rcc.o
 .text.RCC_PLL_GetFreqDomain_SYS
                0x0000000008000e80       0x48 build/stm32g4xx_ll_rcc.o
 .text.RCC_GetSystemClockFreq
                0x0000000008000ec8       0x2c build/stm32g4xx_ll_rcc.o
 .text.LL_RCC_GetUSARTClockFreq
                0x0000000008000ef4      0x11c build/stm32g4xx_ll_rcc.o
                0x0000000008000ef4                LL_RCC_GetUSARTClockFreq
 .text.LL_RCC_GetUARTClockFreq
                0x0000000008001010       0x68 build/stm32g4xx_ll_rcc.o
                0x0000000008001010                LL_RCC_GetUARTClockFreq
 .text.OC1Config
                0x0000000008001078       0x8c build/stm32g4xx_ll_tim.o
 .text.OC2Config
                0x0000000008001104       0x94 build/stm32g4xx_ll_tim.o
 .text.OC3Config
                0x0000000008001198       0x94 build/stm32g4xx_ll_tim.o
 .text.OC4Config
                0x000000000800122c       0x94 build/stm32g4xx_ll_tim.o
 .text.OC5Config
                0x00000000080012c0       0x78 build/stm32g4xx_ll_tim.o
 .text.OC6Config
                0x0000000008001338       0x78 build/stm32g4xx_ll_tim.o
 .text.LL_TIM_Init
                0x00000000080013b0       0xb8 build/stm32g4xx_ll_tim.o
                0x00000000080013b0                LL_TIM_Init
 .text.LL_TIM_OC_Init
                0x0000000008001468       0x54 build/stm32g4xx_ll_tim.o
                0x0000000008001468                LL_TIM_OC_Init
 .text.LL_TIM_BDTR_Init
                0x00000000080014bc       0x8c build/stm32g4xx_ll_tim.o
                0x00000000080014bc                LL_TIM_BDTR_Init
 .text.LL_USART_Init
                0x0000000008001548      0x104 build/stm32g4xx_ll_usart.o
                0x0000000008001548                LL_USART_Init
 .text.LL_SetSystemCoreClock
                0x000000000800164c        0xc build/stm32g4xx_ll_utils.o
                0x000000000800164c                LL_SetSystemCoreClock
 .text.VBS_GetAvBusVoltage_d
                0x0000000008001658        0x4 build/bus_voltage_sensor.o
                0x0000000008001658                VBS_GetAvBusVoltage_d
 .text.VBS_GetAvBusVoltage_V
                0x000000000800165c        0xc build/bus_voltage_sensor.o
                0x000000000800165c                VBS_GetAvBusVoltage_V
 .text.Circle_Limitation
                0x0000000008001668       0x6e build/circle_limitation.o
                0x0000000008001668                Circle_Limitation
 *fill*         0x00000000080016d6        0x2 
 .text.MCP_ReceivedPacket
                0x00000000080016d8      0x1cc build/mcp.o
                0x00000000080016d8                MCP_ReceivedPacket
 .text.MCPA_stopDataLog
                0x00000000080018a4       0x36 build/mcpa.o
 *fill*         0x00000000080018da        0x2 
 .text.MCPA_dataLog
                0x00000000080018dc      0x170 build/mcpa.o
                0x00000000080018dc                MCPA_dataLog
 .text.MCPA_flushDataLog
                0x0000000008001a4c       0x60 build/mcpa.o
                0x0000000008001a4c                MCPA_flushDataLog
 .text.MCPA_cfgLog
                0x0000000008001aac       0xc2 build/mcpa.o
                0x0000000008001aac                MCPA_cfgLog
 .text.NTC_SetFaultState
                0x0000000008001b6e       0x1a build/ntc_temperature_sensor.o
                0x0000000008001b6e                NTC_SetFaultState
 .text.NTC_Clear
                0x0000000008001b88        0x6 build/ntc_temperature_sensor.o
                0x0000000008001b88                NTC_Clear
 .text.NTC_Init
                0x0000000008001b8e       0x24 build/ntc_temperature_sensor.o
                0x0000000008001b8e                NTC_Init
 .text.NTC_CalcAvTemp
                0x0000000008001bb2       0x3a build/ntc_temperature_sensor.o
                0x0000000008001bb2                NTC_CalcAvTemp
 .text.NTC_GetAvTemp_C
                0x0000000008001bec       0x20 build/ntc_temperature_sensor.o
                0x0000000008001bec                NTC_GetAvTemp_C
 .text.PID_HandleInit
                0x0000000008001c0c       0x1a build/pid_regulator.o
                0x0000000008001c0c                PID_HandleInit
 .text.PID_SetKP
                0x0000000008001c26        0x4 build/pid_regulator.o
                0x0000000008001c26                PID_SetKP
 .text.PID_SetKI
                0x0000000008001c2a        0x4 build/pid_regulator.o
                0x0000000008001c2a                PID_SetKI
 .text.PID_GetKP
                0x0000000008001c2e        0x6 build/pid_regulator.o
                0x0000000008001c2e                PID_GetKP
 .text.PID_GetKI
                0x0000000008001c34        0x6 build/pid_regulator.o
                0x0000000008001c34                PID_GetKI
 .text.PID_SetIntegralTerm
                0x0000000008001c3a        0x4 build/pid_regulator.o
                0x0000000008001c3a                PID_SetIntegralTerm
 .text.PID_GetKPDivisorPOW2
                0x0000000008001c3e        0x4 build/pid_regulator.o
                0x0000000008001c3e                PID_GetKPDivisorPOW2
 .text.PID_SetKPDivisorPOW2
                0x0000000008001c42        0xc build/pid_regulator.o
                0x0000000008001c42                PID_SetKPDivisorPOW2
 .text.PID_GetKIDivisor
                0x0000000008001c4e        0x4 build/pid_regulator.o
                0x0000000008001c4e                PID_GetKIDivisor
 .text.PID_GetKIDivisorPOW2
                0x0000000008001c52        0x4 build/pid_regulator.o
                0x0000000008001c52                PID_GetKIDivisorPOW2
 .text.PID_SetLowerIntegralTermLimit
                0x0000000008001c56        0x4 build/pid_regulator.o
                0x0000000008001c56                PID_SetLowerIntegralTermLimit
 .text.PID_SetUpperIntegralTermLimit
                0x0000000008001c5a        0x4 build/pid_regulator.o
                0x0000000008001c5a                PID_SetUpperIntegralTermLimit
 *fill*         0x0000000008001c5e        0x2 
 .text.PID_SetKIDivisorPOW2
                0x0000000008001c60       0x28 build/pid_regulator.o
                0x0000000008001c60                PID_SetKIDivisorPOW2
 .text.PID_SetKD
                0x0000000008001c88        0x4 build/pid_regulator.o
                0x0000000008001c88                PID_SetKD
 .text.PID_GetKD
                0x0000000008001c8c        0x6 build/pid_regulator.o
                0x0000000008001c8c                PID_GetKD
 .text.PID_GetKDDivisorPOW2
                0x0000000008001c92        0x4 build/pid_regulator.o
                0x0000000008001c92                PID_GetKDDivisorPOW2
 .text.PID_SetKDDivisorPOW2
                0x0000000008001c96        0xc build/pid_regulator.o
                0x0000000008001c96                PID_SetKDDivisorPOW2
 *fill*         0x0000000008001ca2        0x2 
 .text.PI_Controller
                0x0000000008001ca4       0x8c build/pid_regulator.o
                0x0000000008001ca4                PI_Controller
 .text.PQD_CalcElMotorPower
                0x0000000008001d30       0x44 build/pqd_motor_power_measurement.o
                0x0000000008001d30                PQD_CalcElMotorPower
 .text.PQD_Clear
                0x0000000008001d74        0x6 build/pqd_motor_power_measurement.o
                0x0000000008001d74                PQD_Clear
 .text.PQD_GetAvrgElMotorPowerW
                0x0000000008001d7a       0x24 build/pqd_motor_power_measurement.o
                0x0000000008001d7a                PQD_GetAvrgElMotorPowerW
 *fill*         0x0000000008001d9e        0x2 
 .text.startTimers
                0x0000000008001da0       0x7c build/pwm_common.o
                0x0000000008001da0                startTimers
 .text.waitForPolarizationEnd
                0x0000000008001e1c       0x3e build/pwm_common.o
                0x0000000008001e1c                waitForPolarizationEnd
 .text.RVBS_Clear
                0x0000000008001e5a       0x28 build/r_divider_bus_voltage_sensor.o
                0x0000000008001e5a                RVBS_Clear
 .text.RVBS_Init
                0x0000000008001e82       0x16 build/r_divider_bus_voltage_sensor.o
                0x0000000008001e82                RVBS_Init
 .text.RVBS_CheckFaultState
                0x0000000008001e98       0x1a build/r_divider_bus_voltage_sensor.o
                0x0000000008001e98                RVBS_CheckFaultState
 .text.RVBS_CalcAvVbus
                0x0000000008001eb2       0x62 build/r_divider_bus_voltage_sensor.o
                0x0000000008001eb2                RVBS_CalcAvVbus
 .text.REMNG_Init
                0x0000000008001f14       0x10 build/ramp_ext_mngr.o
                0x0000000008001f14                REMNG_Init
 .text.REMNG_Calc
                0x0000000008001f24       0x2c build/ramp_ext_mngr.o
                0x0000000008001f24                REMNG_Calc
 .text.REMNG_RampCompleted
                0x0000000008001f50        0xc build/ramp_ext_mngr.o
                0x0000000008001f50                REMNG_RampCompleted
 .text.getScalingFactor
                0x0000000008001f5c       0x28 build/ramp_ext_mngr.o
                0x0000000008001f5c                getScalingFactor
 .text.REMNG_ExecRamp
                0x0000000008001f84       0x88 build/ramp_ext_mngr.o
                0x0000000008001f84                REMNG_ExecRamp
 .text.RUC_Init
                0x000000000800200c       0x5c build/revup_ctrl.o
                0x000000000800200c                RUC_Init
 .text.RUC_Clear
                0x0000000008002068       0x90 build/revup_ctrl.o
                0x0000000008002068                RUC_Clear
 .text.RUC_Exec
                0x00000000080020f8       0x70 build/revup_ctrl.o
                0x00000000080020f8                RUC_Exec
 .text.RUC_FirstAccelerationStageReached
                0x0000000008002168       0x14 build/revup_ctrl.o
                0x0000000008002168                RUC_FirstAccelerationStageReached
 .text.RUC_SetPhase
                0x000000000800217c       0x2a build/revup_ctrl.o
                0x000000000800217c                RUC_SetPhase
 .text.RUC_GetNumberOfPhases
                0x00000000080021a6        0x6 build/revup_ctrl.o
                0x00000000080021a6                RUC_GetNumberOfPhases
 .text.RUC_GetPhase
                0x00000000080021ac       0x2a build/revup_ctrl.o
                0x00000000080021ac                RUC_GetPhase
 .text.SPD_GetElAngle
                0x00000000080021d6        0x6 build/speed_pos_fdbk.o
                0x00000000080021d6                SPD_GetElAngle
 .text.SPD_GetAvrgMecSpeedUnit
                0x00000000080021dc        0x6 build/speed_pos_fdbk.o
                0x00000000080021dc                SPD_GetAvrgMecSpeedUnit
 .text.SPD_GetInstElSpeedDpp
                0x00000000080021e2        0x6 build/speed_pos_fdbk.o
                0x00000000080021e2                SPD_GetInstElSpeedDpp
 .text.SPD_IsMecSpeedReliable
                0x00000000080021e8       0x68 build/speed_pos_fdbk.o
                0x00000000080021e8                SPD_IsMecSpeedReliable
 .text.SPD_GetS16Speed
                0x0000000008002250       0x14 build/speed_pos_fdbk.o
                0x0000000008002250                SPD_GetS16Speed
 .text.STC_Init
                0x0000000008002264       0x24 build/speed_torq_ctrl.o
                0x0000000008002264                STC_Init
 .text.STC_SetSpeedSensor
                0x0000000008002288        0x4 build/speed_torq_ctrl.o
                0x0000000008002288                STC_SetSpeedSensor
 .text.STC_GetSpeedSensor
                0x000000000800228c        0x4 build/speed_torq_ctrl.o
                0x000000000800228c                STC_GetSpeedSensor
 .text.STC_Clear
                0x0000000008002290       0x14 build/speed_torq_ctrl.o
                0x0000000008002290                STC_Clear
 .text.STC_GetMecSpeedRefUnit
                0x00000000080022a4        0x6 build/speed_torq_ctrl.o
                0x00000000080022a4                STC_GetMecSpeedRefUnit
 .text.STC_GetTorqueRef
                0x00000000080022aa        0x6 build/speed_torq_ctrl.o
                0x00000000080022aa                STC_GetTorqueRef
 .text.STC_SetControlMode
                0x00000000080022b0        0x8 build/speed_torq_ctrl.o
                0x00000000080022b0                STC_SetControlMode
 .text.STC_ExecRamp
                0x00000000080022b8       0xa0 build/speed_torq_ctrl.o
                0x00000000080022b8                STC_ExecRamp
 .text.STC_ExecSin
                0x0000000008002358      0x118 build/speed_torq_ctrl.o
                0x0000000008002358                STC_ExecSin
 .text.STC_StopRamp
                0x0000000008002470        0x8 build/speed_torq_ctrl.o
                0x0000000008002470                STC_StopRamp
 .text.STC_CalcTorqueReference
                0x0000000008002478       0x52 build/speed_torq_ctrl.o
                0x0000000008002478                STC_CalcTorqueReference
 .text.STC_GetMecSpeedRefUnitDefault
                0x00000000080024ca        0x6 build/speed_torq_ctrl.o
                0x00000000080024ca                STC_GetMecSpeedRefUnitDefault
 .text.STC_GetDefaultIqdref
                0x00000000080024d0       0x26 build/speed_torq_ctrl.o
                0x00000000080024d0                STC_GetDefaultIqdref
 .text.STC_ForceSpeedReferenceToCurrentSpeed
                0x00000000080024f6       0x10 build/speed_torq_ctrl.o
                0x00000000080024f6                STC_ForceSpeedReferenceToCurrentSpeed
 .text.STO_CR_InitSpeedBuffer
                0x0000000008002506       0x3a build/sto_cordic_speed_pos_fdbk.o
 .text.STO_CR_CalcElAngle
                0x0000000008002540      0x26c build/sto_cordic_speed_pos_fdbk.o
                0x0000000008002540                STO_CR_CalcElAngle
 .text.STO_CR_CalcAvrgMecSpeedUnit
                0x00000000080027ac      0x164 build/sto_cordic_speed_pos_fdbk.o
                0x00000000080027ac                STO_CR_CalcAvrgMecSpeedUnit
 .text.STO_CR_Clear
                0x0000000008002910       0x42 build/sto_cordic_speed_pos_fdbk.o
                0x0000000008002910                STO_CR_Clear
 *fill*         0x0000000008002952        0x2 
 .text.STO_CR_Init
                0x0000000008002954       0x60 build/sto_cordic_speed_pos_fdbk.o
                0x0000000008002954                STO_CR_Init
 .text.STO_CR_IsObserverConverged
                0x00000000080029b4       0xc8 build/sto_cordic_speed_pos_fdbk.o
                0x00000000080029b4                STO_CR_IsObserverConverged
 .text.STO_CR_GetEstimatedBemf
                0x0000000008002a7c       0x26 build/sto_cordic_speed_pos_fdbk.o
                0x0000000008002a7c                STO_CR_GetEstimatedBemf
 .text.STO_CR_GetEstimatedCurrent
                0x0000000008002aa2       0x2a build/sto_cordic_speed_pos_fdbk.o
                0x0000000008002aa2                STO_CR_GetEstimatedCurrent
 .text.STO_CR_GetObserverGains
                0x0000000008002acc        0xe build/sto_cordic_speed_pos_fdbk.o
                0x0000000008002acc                STO_CR_GetObserverGains
 .text.STO_CR_SetObserverGains
                0x0000000008002ada        0x6 build/sto_cordic_speed_pos_fdbk.o
                0x0000000008002ada                STO_CR_SetObserverGains
 .text.STO_CR_CalcAvrgElSpeedDpp
                0x0000000008002ae0       0x9c build/sto_cordic_speed_pos_fdbk.o
                0x0000000008002ae0                STO_CR_CalcAvrgElSpeedDpp
 .text.STO_CR_GetEstimatedBemfLevel
                0x0000000008002b7c        0x6 build/sto_cordic_speed_pos_fdbk.o
                0x0000000008002b7c                STO_CR_GetEstimatedBemfLevel
 .text.STO_CR_GetObservedBemfLevel
                0x0000000008002b82        0x6 build/sto_cordic_speed_pos_fdbk.o
                0x0000000008002b82                STO_CR_GetObservedBemfLevel
 .text.STO_CR_IsSpeedReliable
                0x0000000008002b88        0x8 build/sto_cordic_speed_pos_fdbk.o
                0x0000000008002b88                STO_CR_IsSpeedReliable
 .text.STO_CR_ForceConvergency1
                0x0000000008002b90        0xa build/sto_cordic_speed_pos_fdbk.o
                0x0000000008002b90                STO_CR_ForceConvergency1
 .text.STO_CR_ForceConvergency2
                0x0000000008002b9a        0xa build/sto_cordic_speed_pos_fdbk.o
                0x0000000008002b9a                STO_CR_ForceConvergency2
 .text.STO_InitSpeedBuffer
                0x0000000008002ba4       0x2e build/sto_pll_speed_pos_fdbk.o
 .text.STO_PLL_CalcElAngle
                0x0000000008002bd2      0x1f4 build/sto_pll_speed_pos_fdbk.o
                0x0000000008002bd2                STO_PLL_CalcElAngle
 .text.STO_PLL_CalcAvrgMecSpeedUnit
                0x0000000008002dc6      0x16c build/sto_pll_speed_pos_fdbk.o
                0x0000000008002dc6                STO_PLL_CalcAvrgMecSpeedUnit
 .text.STO_PLL_CalcAvrgElSpeedDpp
                0x0000000008002f32       0x68 build/sto_pll_speed_pos_fdbk.o
                0x0000000008002f32                STO_PLL_CalcAvrgElSpeedDpp
 .text.STO_PLL_Clear
                0x0000000008002f9a       0x46 build/sto_pll_speed_pos_fdbk.o
                0x0000000008002f9a                STO_PLL_Clear
 .text.STO_PLL_Init
                0x0000000008002fe0       0x68 build/sto_pll_speed_pos_fdbk.o
                0x0000000008002fe0                STO_PLL_Init
 .text.STO_PLL_GetEstimatedBemf
                0x0000000008003048       0x26 build/sto_pll_speed_pos_fdbk.o
                0x0000000008003048                STO_PLL_GetEstimatedBemf
 .text.STO_PLL_GetEstimatedCurrent
                0x000000000800306e       0x2a build/sto_pll_speed_pos_fdbk.o
                0x000000000800306e                STO_PLL_GetEstimatedCurrent
 .text.STO_PLL_GetObserverGains
                0x0000000008003098        0xe build/sto_pll_speed_pos_fdbk.o
                0x0000000008003098                STO_PLL_GetObserverGains
 .text.STO_PLL_SetObserverGains
                0x00000000080030a6        0x6 build/sto_pll_speed_pos_fdbk.o
                0x00000000080030a6                STO_PLL_SetObserverGains
 .text.STO_PLL_GetEstimatedBemfLevel
                0x00000000080030ac        0x6 build/sto_pll_speed_pos_fdbk.o
                0x00000000080030ac                STO_PLL_GetEstimatedBemfLevel
 .text.STO_PLL_GetObservedBemfLevel
                0x00000000080030b2        0x6 build/sto_pll_speed_pos_fdbk.o
                0x00000000080030b2                STO_PLL_GetObservedBemfLevel
 .text.VSS_Clear
                0x00000000080030b8       0x2e build/virtual_speed_sensor.o
                0x00000000080030b8                VSS_Clear
 .text.VSS_Init
                0x00000000080030e6        0x8 build/virtual_speed_sensor.o
                0x00000000080030e6                VSS_Init
 .text.VSS_CalcElAngle
                0x00000000080030ee       0xa0 build/virtual_speed_sensor.o
                0x00000000080030ee                VSS_CalcElAngle
 .text.VSS_CalcAvrgMecSpeedUnit
                0x000000000800318e       0x84 build/virtual_speed_sensor.o
                0x000000000800318e                VSS_CalcAvrgMecSpeedUnit
 .text.VSS_SetMecAngle
                0x0000000008003212        0xe build/virtual_speed_sensor.o
                0x0000000008003212                VSS_SetMecAngle
 .text.VSS_SetMecAcceleration
                0x0000000008003220       0x88 build/virtual_speed_sensor.o
                0x0000000008003220                VSS_SetMecAcceleration
 .text.VSS_SetStartTransition
                0x00000000080032a8       0x24 build/virtual_speed_sensor.o
                0x00000000080032a8                VSS_SetStartTransition
 .text.VSS_TransitionEnded
                0x00000000080032cc        0x6 build/virtual_speed_sensor.o
                0x00000000080032cc                VSS_TransitionEnded
 *fill*         0x00000000080032d2        0x2 
 .text.R3_2_ADCxInit
                0x00000000080032d4       0xc0 build/r3_2_g4xx_pwm_curr_fdbk.o
 .text.R3_2_TIMxInit
                0x0000000008003394       0xfa build/r3_2_g4xx_pwm_curr_fdbk.o
 .text.R3_2_GetPhaseCurrents
                0x000000000800348e      0x144 build/r3_2_g4xx_pwm_curr_fdbk.o
                0x000000000800348e                R3_2_GetPhaseCurrents
 *fill*         0x00000000080035d2        0x2 
 .text.R3_2_SetADCSampPointPolarization
                0x00000000080035d4       0x3c build/r3_2_g4xx_pwm_curr_fdbk.o
                0x00000000080035d4                R3_2_SetADCSampPointPolarization
 .text.R3_2_HFCurrentsPolarizationAB
                0x0000000008003610       0x60 build/r3_2_g4xx_pwm_curr_fdbk.o
 .text.R3_2_HFCurrentsPolarizationC
                0x0000000008003670       0x50 build/r3_2_g4xx_pwm_curr_fdbk.o
 .text.R3_2_TurnOnLowSides
                0x00000000080036c0       0x5c build/r3_2_g4xx_pwm_curr_fdbk.o
                0x00000000080036c0                R3_2_TurnOnLowSides
 .text.R3_2_SwitchOnPWM
                0x000000000800371c       0xc6 build/r3_2_g4xx_pwm_curr_fdbk.o
                0x000000000800371c                R3_2_SwitchOnPWM
 .text.R3_2_SwitchOffPWM
                0x00000000080037e2       0x6c build/r3_2_g4xx_pwm_curr_fdbk.o
                0x00000000080037e2                R3_2_SwitchOffPWM
 *fill*         0x000000000800384e        0x2 
 .text.R3_2_SetAOReferenceVoltage
                0x0000000008003850       0x88 build/r3_2_g4xx_pwm_curr_fdbk.o
 .text.R3_2_RLGetPhaseCurrents
                0x00000000080038d8       0x5c build/r3_2_g4xx_pwm_curr_fdbk.o
 .text.R3_2_RLTurnOnLowSides
                0x0000000008003934       0x56 build/r3_2_g4xx_pwm_curr_fdbk.o
 .text.R3_2_RLSwitchOnPWM
                0x000000000800398a       0xde build/r3_2_g4xx_pwm_curr_fdbk.o
 .text.R3_2_Init
                0x0000000008003a68      0x1cc build/r3_2_g4xx_pwm_curr_fdbk.o
                0x0000000008003a68                R3_2_Init
 .text.R3_2_SetOffsetCalib
                0x0000000008003c34       0x14 build/r3_2_g4xx_pwm_curr_fdbk.o
                0x0000000008003c34                R3_2_SetOffsetCalib
 .text.R3_2_GetOffsetCalib
                0x0000000008003c48        0xe build/r3_2_g4xx_pwm_curr_fdbk.o
                0x0000000008003c48                R3_2_GetOffsetCalib
 *fill*         0x0000000008003c56        0x2 
 .text.R3_2_CurrentReadingPolarization
                0x0000000008003c58      0x18c build/r3_2_g4xx_pwm_curr_fdbk.o
                0x0000000008003c58                R3_2_CurrentReadingPolarization
 .text.R3_2_SetADCSampPointSectX
                0x0000000008003de4       0x90 build/r3_2_g4xx_pwm_curr_fdbk.o
                0x0000000008003de4                R3_2_SetADCSampPointSectX
 .text.R3_2_TIMx_UP_IRQHandler
                0x0000000008003e74       0xae build/r3_2_g4xx_pwm_curr_fdbk.o
                0x0000000008003e74                R3_2_TIMx_UP_IRQHandler
 .text.R3_2_BRK2_IRQHandler
                0x0000000008003f22       0x46 build/r3_2_g4xx_pwm_curr_fdbk.o
                0x0000000008003f22                R3_2_BRK2_IRQHandler
 .text.R3_2_BRK_IRQHandler
                0x0000000008003f68       0x20 build/r3_2_g4xx_pwm_curr_fdbk.o
                0x0000000008003f68                R3_2_BRK_IRQHandler
 .text.R3_2_IsOverCurrentOccurred
                0x0000000008003f88       0x26 build/r3_2_g4xx_pwm_curr_fdbk.o
                0x0000000008003f88                R3_2_IsOverCurrentOccurred
 *fill*         0x0000000008003fae        0x2 
 .text.R3_2_RLDetectionModeEnable
                0x0000000008003fb0       0xd4 build/r3_2_g4xx_pwm_curr_fdbk.o
                0x0000000008003fb0                R3_2_RLDetectionModeEnable
 .text.R3_2_RLDetectionModeDisable
                0x0000000008004084      0x108 build/r3_2_g4xx_pwm_curr_fdbk.o
                0x0000000008004084                R3_2_RLDetectionModeDisable
 .text.R3_2_RLDetectionModeSetDuty
                0x000000000800418c       0x84 build/r3_2_g4xx_pwm_curr_fdbk.o
                0x000000000800418c                R3_2_RLDetectionModeSetDuty
 .text.ASPEP_ComputeHeaderCRC
                0x0000000008004210       0x38 build/aspep.o
 .text.ASPEP_CheckHeaderCRC
                0x0000000008004248       0x28 build/aspep.o
 .text.ASPEP_TXframeProcess
                0x0000000008004270       0xb2 build/aspep.o
 .text.ASPEP_sendNack
                0x0000000008004322       0x1c build/aspep.o
 .text.ASPEP_start
                0x000000000800433e       0x26 build/aspep.o
                0x000000000800433e                ASPEP_start
 .text.ASPEP_sendBeacon
                0x0000000008004364       0x32 build/aspep.o
                0x0000000008004364                ASPEP_sendBeacon
 .text.ASPEP_sendPing
                0x0000000008004396       0x3c build/aspep.o
                0x0000000008004396                ASPEP_sendPing
 .text.ASPEP_getBuffer
                0x00000000080043d2       0x70 build/aspep.o
                0x00000000080043d2                ASPEP_getBuffer
 .text.ASPEP_CheckBeacon
                0x0000000008004442       0x82 build/aspep.o
                0x0000000008004442                ASPEP_CheckBeacon
 .text.ASPEP_sendPacket
                0x00000000080044c4       0x50 build/aspep.o
                0x00000000080044c4                ASPEP_sendPacket
 .text.ASPEP_HWDataTransmittedIT
                0x0000000008004514       0xa2 build/aspep.o
                0x0000000008004514                ASPEP_HWDataTransmittedIT
 .text.ASPEP_RXframeProcess
                0x00000000080045b6      0x13e build/aspep.o
                0x00000000080045b6                ASPEP_RXframeProcess
 .text.ASPEP_HWDataReceivedIT
                0x00000000080046f4       0x8c build/aspep.o
                0x00000000080046f4                ASPEP_HWDataReceivedIT
 .text.ASPEP_HWDMAReset
                0x0000000008004780       0x16 build/aspep.o
                0x0000000008004780                ASPEP_HWDMAReset
 *fill*         0x0000000008004796        0x2 
 .text.getTickMSCounter
                0x0000000008004798        0xc build/debug_scope.o
                0x0000000008004798                getTickMSCounter
 .text.DebugScopeInsertData
                0x00000000080047a4       0xce build/debug_scope.o
                0x00000000080047a4                DebugScopeInsertData
 .text.DebugScopeStartWrite
                0x0000000008004872        0xa build/debug_scope.o
                0x0000000008004872                DebugScopeStartWrite
 .text.MX_NVIC_Init
                0x000000000800487c      0x164 build/main.o
 .text.MX_CORDIC_Init
                0x00000000080049e0       0x20 build/main.o
 .text.MX_DMA_Init
                0x0000000008004a00       0x30 build/main.o
 .text.MX_GPIO_Init
                0x0000000008004a30      0x1b0 build/main.o
 .text.MX_ADC1_Init
                0x0000000008004be0      0x244 build/main.o
 .text.MX_ADC2_Init
                0x0000000008004e24      0x194 build/main.o
 .text.MX_OPAMP1_Init
                0x0000000008004fb8       0xac build/main.o
 .text.MX_OPAMP2_Init
                0x0000000008005064       0xa8 build/main.o
 .text.MX_OPAMP3_Init
                0x000000000800510c       0xa8 build/main.o
 .text.MX_TIM1_Init
                0x00000000080051b4      0x268 build/main.o
 .text.MX_USART2_UART_Init
                0x000000000800541c      0x1b0 build/main.o
 .text.Error_Handler
                0x00000000080055cc        0x4 build/main.o
                0x00000000080055cc                Error_Handler
 .text.MX_TIM4_Init
                0x00000000080055d0       0x64 build/main.o
 .text.SystemClock_Config
                0x0000000008005634      0x114 build/main.o
                0x0000000008005634                SystemClock_Config
 .text.main     0x0000000008005748       0x40 build/main.o
                0x0000000008005748                main
 .text.MC_StartMotor1
                0x0000000008005788       0x20 build/mc_api.o
                0x0000000008005788                MC_StartMotor1
 .text.MC_StopMotor1
                0x00000000080057a8       0x10 build/mc_api.o
                0x00000000080057a8                MC_StopMotor1
 .text.MC_GetSTMStateMotor1
                0x00000000080057b8       0x10 build/mc_api.o
                0x00000000080057b8                MC_GetSTMStateMotor1
 .text.MCI_Init
                0x00000000080057c8       0x1e build/mc_interface.o
                0x00000000080057c8                MCI_Init
 .text.MCI_ExecSpeedRamp
                0x00000000080057e6       0x14 build/mc_interface.o
                0x00000000080057e6                MCI_ExecSpeedRamp
 .text.MCI_ExecSpeedSin
                0x00000000080057fa       0x1e build/mc_interface.o
                0x00000000080057fa                MCI_ExecSpeedSin
 .text.MCI_ExecTorqueRamp
                0x0000000008005818       0x16 build/mc_interface.o
                0x0000000008005818                MCI_ExecTorqueRamp
 .text.MCI_SetCurrentReferences
                0x000000000800582e       0x1c build/mc_interface.o
                0x000000000800582e                MCI_SetCurrentReferences
 .text.MCI_FaultProcessing
                0x000000000800584a       0x12 build/mc_interface.o
                0x000000000800584a                MCI_FaultProcessing
 .text.MCI_ExecBufferedCommands
                0x000000000800585c       0xa0 build/mc_interface.o
                0x000000000800585c                MCI_ExecBufferedCommands
 .text.MCI_GetSTMState
                0x00000000080058fc        0x4 build/mc_interface.o
                0x00000000080058fc                MCI_GetSTMState
 .text.MCI_GetOccurredFaults
                0x0000000008005900        0x4 build/mc_interface.o
                0x0000000008005900                MCI_GetOccurredFaults
 .text.MCI_GetCurrentFaults
                0x0000000008005904        0x4 build/mc_interface.o
                0x0000000008005904                MCI_GetCurrentFaults
 .text.MCI_StartMotor
                0x0000000008005908       0x30 build/mc_interface.o
                0x0000000008005908                MCI_StartMotor
 .text.MCI_StopMotor
                0x0000000008005938       0x3c build/mc_interface.o
                0x0000000008005938                MCI_StopMotor
 .text.MCI_FaultAcknowledged
                0x0000000008005974       0x28 build/mc_interface.o
                0x0000000008005974                MCI_FaultAcknowledged
 .text.MCI_GetFaultState
                0x000000000800599c        0xa build/mc_interface.o
                0x000000000800599c                MCI_GetFaultState
 .text.MCI_GetControlMode
                0x00000000080059a6        0x6 build/mc_interface.o
                0x00000000080059a6                MCI_GetControlMode
 .text.MCI_GetImposedMotorDirection
                0x00000000080059ac       0x4a build/mc_interface.o
                0x00000000080059ac                MCI_GetImposedMotorDirection
 .text.MCI_GetLastRampFinalSpeed
                0x00000000080059f6        0x6 build/mc_interface.o
                0x00000000080059f6                MCI_GetLastRampFinalSpeed
 .text.MCI_GetLastRampFinalTorque
                0x00000000080059fc        0x6 build/mc_interface.o
                0x00000000080059fc                MCI_GetLastRampFinalTorque
 .text.MCI_GetLastRampFinalDuration
                0x0000000008005a02        0x4 build/mc_interface.o
                0x0000000008005a02                MCI_GetLastRampFinalDuration
 .text.MCI_StopRamp
                0x0000000008005a06        0xa build/mc_interface.o
                0x0000000008005a06                MCI_StopRamp
 .text.MCI_GetAvrgMecSpeedUnit
                0x0000000008005a10        0xe build/mc_interface.o
                0x0000000008005a10                MCI_GetAvrgMecSpeedUnit
 .text.MCI_GetMecSpeedRefUnit
                0x0000000008005a1e        0xa build/mc_interface.o
                0x0000000008005a1e                MCI_GetMecSpeedRefUnit
 .text.MCI_GetIab
                0x0000000008005a28       0x1a build/mc_interface.o
                0x0000000008005a28                MCI_GetIab
 .text.MCI_GetIalphabeta
                0x0000000008005a42       0x1a build/mc_interface.o
                0x0000000008005a42                MCI_GetIalphabeta
 .text.MCI_GetIqd
                0x0000000008005a5c       0x1a build/mc_interface.o
                0x0000000008005a5c                MCI_GetIqd
 .text.MCI_GetIqdref
                0x0000000008005a76       0x1a build/mc_interface.o
                0x0000000008005a76                MCI_GetIqdref
 .text.MCI_GetVqd
                0x0000000008005a90       0x1c build/mc_interface.o
                0x0000000008005a90                MCI_GetVqd
 .text.MCI_GetValphabeta
                0x0000000008005aac       0x1c build/mc_interface.o
                0x0000000008005aac                MCI_GetValphabeta
 .text.MCI_GetTeref
                0x0000000008005ac8        0x8 build/mc_interface.o
                0x0000000008005ac8                MCI_GetTeref
 .text.MCI_Clear_Iqdref
                0x0000000008005ad0       0x14 build/mc_interface.o
                0x0000000008005ad0                MCI_Clear_Iqdref
 .text.MCM_Clarke
                0x0000000008005ae4       0x64 build/mc_math.o
                0x0000000008005ae4                MCM_Clarke
 .text.MCM_Trig_Functions
                0x0000000008005b48       0x2c build/mc_math.o
                0x0000000008005b48                MCM_Trig_Functions
 .text.MCM_Park
                0x0000000008005b74       0x9c build/mc_math.o
                0x0000000008005b74                MCM_Park
 .text.MCM_Rev_Park
                0x0000000008005c10       0x4c build/mc_math.o
                0x0000000008005c10                MCM_Rev_Park
 .text.MCM_Sqrt
                0x0000000008005c5c       0x20 build/mc_math.o
                0x0000000008005c5c                MCM_Sqrt
 .text.FOC_Clear
                0x0000000008005c7c       0x8c build/mc_tasks.o
                0x0000000008005c7c                FOC_Clear
 .text.MCboot   0x0000000008005d08      0x148 build/mc_tasks.o
                0x0000000008005d08                MCboot
 .text.FOC_InitAdditionalMethods
                0x0000000008005e50        0x2 build/mc_tasks.o
                0x0000000008005e50                FOC_InitAdditionalMethods
 *fill*         0x0000000008005e52        0x2 
 .text.FOC_CalcCurrRef
                0x0000000008005e54       0x34 build/mc_tasks.o
                0x0000000008005e54                FOC_CalcCurrRef
 .text.TSK_SetChargeBootCapDelayM1
                0x0000000008005e88        0xc build/mc_tasks.o
                0x0000000008005e88                TSK_SetChargeBootCapDelayM1
 .text.TSK_ChargeBootCapDelayHasElapsedM1
                0x0000000008005e94       0x14 build/mc_tasks.o
                0x0000000008005e94                TSK_ChargeBootCapDelayHasElapsedM1
 .text.TSK_SetStopPermanencyTimeM1
                0x0000000008005ea8        0xc build/mc_tasks.o
                0x0000000008005ea8                TSK_SetStopPermanencyTimeM1
 .text.TSK_MF_StopProcessing
                0x0000000008005eb4       0x44 build/mc_tasks.o
                0x0000000008005eb4                TSK_MF_StopProcessing
 .text.TSK_StopPermanencyTimeHasElapsedM1
                0x0000000008005ef8       0x14 build/mc_tasks.o
                0x0000000008005ef8                TSK_StopPermanencyTimeHasElapsedM1
 .text.TSK_MediumFrequencyTaskM1
                0x0000000008005f0c      0x3a4 build/mc_tasks.o
                0x0000000008005f0c                TSK_MediumFrequencyTaskM1
 .text.MC_Scheduler
                0x00000000080062b0       0x98 build/mc_tasks.o
                0x00000000080062b0                MC_Scheduler
 .text.TSK_HighFrequencyTask
                0x0000000008006348      0x1a0 build/mc_tasks.o
                0x0000000008006348                TSK_HighFrequencyTask
 .text.TSK_SafetyTask_PWMOFF
                0x00000000080064e8       0x94 build/mc_tasks.o
                0x00000000080064e8                TSK_SafetyTask_PWMOFF
 .text.TSK_SafetyTask
                0x000000000800657c       0x20 build/mc_tasks.o
                0x000000000800657c                TSK_SafetyTask
 .text.MC_RunMotorControlTasks
                0x000000000800659c       0x18 build/mc_tasks.o
                0x000000000800659c                MC_RunMotorControlTasks
 .text.TSK_HardwareFaultTask
                0x00000000080065b4       0x20 build/mc_tasks.o
                0x00000000080065b4                TSK_HardwareFaultTask
 .text.UI_HandleStartStopButton_cb
                0x00000000080065d4       0x14 build/mc_tasks.o
                0x00000000080065d4                UI_HandleStartStopButton_cb
 .text.mc_lock_pins
                0x00000000080065e8      0x190 build/mc_tasks.o
                0x00000000080065e8                mc_lock_pins
 .text.MX_MotorControl_Init
                0x0000000008006778       0x38 build/motorcontrol.o
                0x0000000008006778                MX_MotorControl_Init
 .text.PWMC_GetPhaseCurrents
                0x00000000080067b0        0x8 build/pwm_curr_fdbk.o
                0x00000000080067b0                PWMC_GetPhaseCurrents
 .text.PWMC_SetPhaseVoltage
                0x00000000080067b8      0x2ca build/pwm_curr_fdbk.o
                0x00000000080067b8                PWMC_SetPhaseVoltage
 .text.PWMC_SwitchOffPWM
                0x0000000008006a82        0x8 build/pwm_curr_fdbk.o
                0x0000000008006a82                PWMC_SwitchOffPWM
 .text.PWMC_SwitchOnPWM
                0x0000000008006a8a        0x8 build/pwm_curr_fdbk.o
                0x0000000008006a8a                PWMC_SwitchOnPWM
 .text.PWMC_CurrentReadingCalibr
                0x0000000008006a92       0x3c build/pwm_curr_fdbk.o
                0x0000000008006a92                PWMC_CurrentReadingCalibr
 .text.PWMC_CheckOverCurrent
                0x0000000008006ace        0x8 build/pwm_curr_fdbk.o
                0x0000000008006ace                PWMC_CheckOverCurrent
 .text.RI_MovString
                0x0000000008006ad6       0x2e build/register_interface.o
 .text.RI_SetReg
                0x0000000008006b04      0x79c build/register_interface.o
 .text.RI_GetReg
                0x00000000080072a0      0x888 build/register_interface.o
 .text.RI_SetRegCommandParser
                0x0000000008007b28       0x92 build/register_interface.o
                0x0000000008007b28                RI_SetRegCommandParser
 .text.RI_GetRegCommandParser
                0x0000000008007bba       0x5a build/register_interface.o
                0x0000000008007bba                RI_GetRegCommandParser
 .text.RI_GetIDSize
                0x0000000008007c14       0x20 build/register_interface.o
                0x0000000008007c14                RI_GetIDSize
 .text.RI_GetPtrReg
                0x0000000008007c34      0x1a0 build/register_interface.o
                0x0000000008007c34                RI_GetPtrReg
 .text.RCM_RegisterRegConv
                0x0000000008007dd4      0x130 build/regular_conversion_manager.o
                0x0000000008007dd4                RCM_RegisterRegConv
 .text.RCM_ExecRegularConv
                0x0000000008007f04      0x17c build/regular_conversion_manager.o
                0x0000000008007f04                RCM_ExecRegularConv
 .text.RCM_ExecUserConv
                0x0000000008008080       0x60 build/regular_conversion_manager.o
                0x0000000008008080                RCM_ExecUserConv
 .text.RCM_ExecNextConv
                0x00000000080080e0       0xa0 build/regular_conversion_manager.o
                0x00000000080080e0                RCM_ExecNextConv
 .text.RCM_ReadOngoingConv
                0x0000000008008180       0x5c build/regular_conversion_manager.o
                0x0000000008008180                RCM_ReadOngoingConv
 .text.HAL_MspInit
                0x00000000080081dc       0x40 build/stm32g4xx_hal_msp.o
                0x00000000080081dc                HAL_MspInit
 .text.HAL_TIM_Encoder_MspInit
                0x000000000800821c       0x68 build/stm32g4xx_hal_msp.o
                0x000000000800821c                HAL_TIM_Encoder_MspInit
 .text.ADC1_2_IRQHandler
                0x0000000008008284       0x10 build/stm32g4xx_mc_it.o
                0x0000000008008284                ADC1_2_IRQHandler
 .text.TIM1_UP_TIM16_IRQHandler
                0x0000000008008294       0x1c build/stm32g4xx_mc_it.o
                0x0000000008008294                TIM1_UP_TIM16_IRQHandler
 .text.TIM1_BRK_TIM15_IRQHandler
                0x00000000080082b0       0x40 build/stm32g4xx_mc_it.o
                0x00000000080082b0                TIM1_BRK_TIM15_IRQHandler
 .text.DMA2_Channel2_IRQHandler
                0x00000000080082f0       0x24 build/stm32g4xx_mc_it.o
                0x00000000080082f0                DMA2_Channel2_IRQHandler
 .text.USART2_IRQHandler
                0x0000000008008314      0x100 build/stm32g4xx_mc_it.o
                0x0000000008008314                USART2_IRQHandler
 .text.HardFault_Handler
                0x0000000008008414        0x8 build/stm32g4xx_mc_it.o
                0x0000000008008414                HardFault_Handler
 .text.SysTick_Handler
                0x000000000800841c       0x2c build/stm32g4xx_mc_it.o
                0x000000000800841c                SysTick_Handler
 .text.EXTI15_10_IRQHandler
                0x0000000008008448       0x20 build/stm32g4xx_mc_it.o
                0x0000000008008448                EXTI15_10_IRQHandler
 .text.SystemInit
                0x0000000008008468       0x14 build/system_stm32g4xx.o
                0x0000000008008468                SystemInit
 .text.UASPEP_DAMCONFIG_TX
                0x000000000800847c       0x54 build/usart_aspep_driver.o
                0x000000000800847c                UASPEP_DAMCONFIG_TX
 .text.UASPEP_DAMCONFIG_RX
                0x00000000080084d0       0x68 build/usart_aspep_driver.o
                0x00000000080084d0                UASPEP_DAMCONFIG_RX
 .text.UASPEP_INIT
                0x0000000008008538       0x10 build/usart_aspep_driver.o
                0x0000000008008538                UASPEP_INIT
 .text.UASPEP_SEND_PACKET
                0x0000000008008548       0x44 build/usart_aspep_driver.o
                0x0000000008008548                UASPEP_SEND_PACKET
 .text.UASPEP_RECEIVE_BUFFER
                0x000000000800858c       0x44 build/usart_aspep_driver.o
                0x000000000800858c                UASPEP_RECEIVE_BUFFER
 .text.UASPEP_IDLE_ENABLE
                0x00000000080085d0       0x1a build/usart_aspep_driver.o
                0x00000000080085d0                UASPEP_IDLE_ENABLE
 *fill*         0x00000000080085ea        0x2 
 .text.Reset_Handler
                0x00000000080085ec       0x50 build/startup_stm32g431xx.o
                0x00000000080085ec                Reset_Handler
 .text.Default_Handler
                0x000000000800863c        0x2 build/startup_stm32g431xx.o
                0x000000000800863c                RTC_Alarm_IRQHandler
                0x000000000800863c                EXTI2_IRQHandler
                0x000000000800863c                TIM8_TRG_COM_IRQHandler
                0x000000000800863c                TIM8_CC_IRQHandler
                0x000000000800863c                DebugMon_Handler
                0x000000000800863c                TIM1_CC_IRQHandler
                0x000000000800863c                USB_HP_IRQHandler
                0x000000000800863c                CORDIC_IRQHandler
                0x000000000800863c                PendSV_Handler
                0x000000000800863c                NMI_Handler
                0x000000000800863c                EXTI3_IRQHandler
                0x000000000800863c                I2C3_ER_IRQHandler
                0x000000000800863c                EXTI0_IRQHandler
                0x000000000800863c                I2C2_EV_IRQHandler
                0x000000000800863c                FPU_IRQHandler
                0x000000000800863c                FDCAN1_IT1_IRQHandler
                0x000000000800863c                UsageFault_Handler
                0x000000000800863c                SPI1_IRQHandler
                0x000000000800863c                TIM6_DAC_IRQHandler
                0x000000000800863c                TIM8_UP_IRQHandler
                0x000000000800863c                DMA1_Channel4_IRQHandler
                0x000000000800863c                USART3_IRQHandler
                0x000000000800863c                TIM4_IRQHandler
                0x000000000800863c                DMA2_Channel1_IRQHandler
                0x000000000800863c                I2C1_EV_IRQHandler
                0x000000000800863c                DMA1_Channel6_IRQHandler
                0x000000000800863c                UART4_IRQHandler
                0x000000000800863c                DMA2_Channel4_IRQHandler
                0x000000000800863c                TIM3_IRQHandler
                0x000000000800863c                RCC_IRQHandler
                0x000000000800863c                DMA1_Channel1_IRQHandler
                0x000000000800863c                Default_Handler
                0x000000000800863c                RTC_TAMP_LSECSS_IRQHandler
                0x000000000800863c                FMAC_IRQHandler
                0x000000000800863c                TIM7_IRQHandler
                0x000000000800863c                UCPD1_IRQHandler
                0x000000000800863c                I2C3_EV_IRQHandler
                0x000000000800863c                EXTI9_5_IRQHandler
                0x000000000800863c                RTC_WKUP_IRQHandler
                0x000000000800863c                PVD_PVM_IRQHandler
                0x000000000800863c                SPI2_IRQHandler
                0x000000000800863c                MemManage_Handler
                0x000000000800863c                SVC_Handler
                0x000000000800863c                DMA2_Channel5_IRQHandler
                0x000000000800863c                CRS_IRQHandler
                0x000000000800863c                DMA1_Channel5_IRQHandler
                0x000000000800863c                USB_LP_IRQHandler
                0x000000000800863c                EXTI4_IRQHandler
                0x000000000800863c                RNG_IRQHandler
                0x000000000800863c                TIM1_TRG_COM_TIM17_IRQHandler
                0x000000000800863c                DMA1_Channel3_IRQHandler
                0x000000000800863c                WWDG_IRQHandler
                0x000000000800863c                LPUART1_IRQHandler
                0x000000000800863c                DMA2_Channel6_IRQHandler
                0x000000000800863c                FDCAN1_IT0_IRQHandler
                0x000000000800863c                TIM2_IRQHandler
                0x000000000800863c                COMP1_2_3_IRQHandler
                0x000000000800863c                EXTI1_IRQHandler
                0x000000000800863c                I2C2_ER_IRQHandler
                0x000000000800863c                DMA1_Channel2_IRQHandler
                0x000000000800863c                TIM8_BRK_IRQHandler
                0x000000000800863c                FLASH_IRQHandler
                0x000000000800863c                BusFault_Handler
                0x000000000800863c                USART1_IRQHandler
                0x000000000800863c                SPI3_IRQHandler
                0x000000000800863c                I2C1_ER_IRQHandler
                0x000000000800863c                LPTIM1_IRQHandler
                0x000000000800863c                DMAMUX_OVR_IRQHandler
                0x000000000800863c                USBWakeUp_IRQHandler
                0x000000000800863c                SAI1_IRQHandler
                0x000000000800863c                DMA2_Channel3_IRQHandler
                0x000000000800863c                COMP4_IRQHandler
 *(.glue_7)
 .glue_7        0x000000000800863e        0x0 linker stubs
 *(.glue_7t)
 .glue_7t       0x000000000800863e        0x0 linker stubs
 *(.eh_frame)
 *fill*         0x000000000800863e        0x2 
 .eh_frame      0x0000000008008640        0x0 /usr/lib/gcc/arm-none-eabi/9.2.1/thumb/v7e-m+fp/hard/crtbegin.o
 *(.init)
 .init          0x0000000008008640        0x4 /usr/lib/gcc/arm-none-eabi/9.2.1/thumb/v7e-m+fp/hard/crti.o
                0x0000000008008640                _init
 .init          0x0000000008008644        0x8 /usr/lib/gcc/arm-none-eabi/9.2.1/thumb/v7e-m+fp/hard/crtn.o
 *(.fini)
 .fini          0x000000000800864c        0x4 /usr/lib/gcc/arm-none-eabi/9.2.1/thumb/v7e-m+fp/hard/crti.o
                0x000000000800864c                _fini
 .fini          0x0000000008008650        0x8 /usr/lib/gcc/arm-none-eabi/9.2.1/thumb/v7e-m+fp/hard/crtn.o
                0x0000000008008658                . = ALIGN (0x4)
                0x0000000008008658                _etext = .

.vfp11_veneer   0x0000000008008658        0x0
 .vfp11_veneer  0x0000000008008658        0x0 linker stubs

.v4_bx          0x0000000008008658        0x0
 .v4_bx         0x0000000008008658        0x0 linker stubs

.iplt           0x0000000008008658        0x0
 .iplt          0x0000000008008658        0x0 /usr/lib/gcc/arm-none-eabi/9.2.1/thumb/v7e-m+fp/hard/crtbegin.o

.rodata         0x0000000008008658      0x338
                0x0000000008008658                . = ALIGN (0x4)
 *(.rodata)
 *(.rodata*)
 .rodata.USART_PRESCALER_TAB
                0x0000000008008658       0x30 build/stm32g4xx_ll_usart.o
 .rodata.CRC4_Lookup4
                0x0000000008008688       0x10 build/aspep.o
 .rodata.CRC4_Lookup8
                0x0000000008008698      0x100 build/aspep.o
 .rodata.CTL_BOARD
                0x0000000008008798        0xd build/mc_configuration_registers.o
                0x0000000008008798                CTL_BOARD
 *fill*         0x00000000080087a5        0x3 
 .rodata.FIRMWARE_NAME
                0x00000000080087a8       0x18 build/mc_configuration_registers.o
                0x00000000080087a8                FIRMWARE_NAME
 .rodata.M1_ApplicationConfig_reg
                0x00000000080087c0        0xe build/mc_configuration_registers.o
 *fill*         0x00000000080087ce        0x2 
 .rodata.M1_FOCConfig_reg
                0x00000000080087d0        0xe build/mc_configuration_registers.o
 *fill*         0x00000000080087de        0x2 
 .rodata.M1_MotorConfig_reg
                0x00000000080087e0       0x3c build/mc_configuration_registers.o
                0x00000000080087e0                M1_MotorConfig_reg
 .rodata.M1_PWR_BOARD
                0x000000000800881c        0xd build/mc_configuration_registers.o
 *fill*         0x0000000008008829        0x3 
 .rodata.globalConfig_reg
                0x000000000800882c        0xa build/mc_configuration_registers.o
                0x000000000800882c                globalConfig_reg
 *fill*         0x0000000008008836        0x2 
 .rodata.R3_2_ParamsM1
                0x0000000008008838       0xcc build/mc_parameters.o
                0x0000000008008838                R3_2_ParamsM1
 .rodata.R3_3_OPAMPParamsM1
                0x0000000008008904       0x6c build/mc_parameters.o
                0x0000000008008904                R3_3_OPAMPParamsM1
 .rodata.AHBPrescTable
                0x0000000008008970       0x10 build/system_stm32g4xx.o
                0x0000000008008970                AHBPrescTable
 .rodata.APBPrescTable
                0x0000000008008980        0x8 build/system_stm32g4xx.o
                0x0000000008008980                APBPrescTable
 .rodata.CHANNEL_OFFSET_TAB
                0x0000000008008988        0x6 build/usart_aspep_driver.o
                0x0000000008008990                . = ALIGN (0x4)
 *fill*         0x000000000800898e        0x2 

.rel.dyn        0x0000000008008990        0x0
 .rel.iplt      0x0000000008008990        0x0 /usr/lib/gcc/arm-none-eabi/9.2.1/thumb/v7e-m+fp/hard/crtbegin.o

.ARM.extab      0x0000000008008990        0x0
                0x0000000008008990                . = ALIGN (0x4)
 *(.ARM.extab* .gnu.linkonce.armextab.*)
                0x0000000008008990                . = ALIGN (0x4)

.ARM            0x0000000008008990        0x0
                0x0000000008008990                . = ALIGN (0x4)
                0x0000000008008990                __exidx_start = .
 *(.ARM.exidx*)
                0x0000000008008990                __exidx_end = .
                0x0000000008008990                . = ALIGN (0x4)

.preinit_array  0x0000000008008990        0x0
                0x0000000008008990                . = ALIGN (0x4)
                0x0000000008008990                PROVIDE (__preinit_array_start = .)
 *(.preinit_array*)
                0x0000000008008990                PROVIDE (__preinit_array_end = .)
                0x0000000008008990                . = ALIGN (0x4)

.init_array     0x0000000008008990        0x4
                0x0000000008008990                . = ALIGN (0x4)
                0x0000000008008990                PROVIDE (__init_array_start = .)
 *(SORT_BY_NAME(.init_array.*))
 *(.init_array*)
 .init_array    0x0000000008008990        0x4 /usr/lib/gcc/arm-none-eabi/9.2.1/thumb/v7e-m+fp/hard/crtbegin.o
                0x0000000008008994                PROVIDE (__init_array_end = .)
                0x0000000008008994                . = ALIGN (0x4)

.fini_array     0x0000000008008994        0x4
                0x0000000008008994                . = ALIGN (0x4)
                0x0000000008008994                PROVIDE (__fini_array_start = .)
 *(SORT_BY_NAME(.fini_array.*))
 *(.fini_array*)
 .fini_array    0x0000000008008994        0x4 /usr/lib/gcc/arm-none-eabi/9.2.1/thumb/v7e-m+fp/hard/crtbegin.o
                0x0000000008008998                PROVIDE (__fini_array_end = .)
                0x0000000008008998                . = ALIGN (0x4)
                0x0000000008008998                _sidata = LOADADDR (.data)

.data           0x0000000020000000     0x1ef8 load address 0x0000000008008998
                0x0000000020000000                . = ALIGN (0x4)
                0x0000000020000000                _sdata = .
 *(.data)
 *(.data*)
 .data.uwTickFreq
                0x0000000020000000        0x4 build/stm32g4xx_hal.o
                0x0000000020000000                uwTickFreq
 .data.uwTickPrio
                0x0000000020000004        0x4 build/stm32g4xx_hal.o
                0x0000000020000004                uwTickPrio
 .data.startMotorTime
                0x0000000020000008        0x8 build/mc_api.o
 .data.BusVoltageSensor_M1
                0x0000000020000010       0x28 build/mc_config.o
                0x0000000020000010                BusVoltageSensor_M1
 .data.CircleLimitationM1
                0x0000000020000038       0xb4 build/mc_config.o
                0x0000000020000038                CircleLimitationM1
 .data.PIDIdHandle_M1
                0x00000000200000ec       0x2c build/mc_config.o
                0x00000000200000ec                PIDIdHandle_M1
 .data.PIDIqHandle_M1
                0x0000000020000118       0x2c build/mc_config.o
                0x0000000020000118                PIDIqHandle_M1
 .data.PIDSpeedHandle_M1
                0x0000000020000144       0x2c build/mc_config.o
                0x0000000020000144                PIDSpeedHandle_M1
 .data.PQD_MotorPowMeasM1
                0x0000000020000170       0x10 build/mc_config.o
                0x0000000020000170                PQD_MotorPowMeasM1
 .data.PWM_Handle_M1
                0x0000000020000180       0x90 build/mc_config.o
                0x0000000020000180                PWM_Handle_M1
 .data.RampExtMngrHFParamsM1
                0x0000000020000210       0x18 build/mc_config.o
                0x0000000020000210                RampExtMngrHFParamsM1
 .data.RevUpControlM1
                0x0000000020000228       0x78 build/mc_config.o
                0x0000000020000228                RevUpControlM1
 .data.STO_CR_M1
                0x00000000200002a0      0x184 build/mc_config.o
                0x00000000200002a0                STO_CR_M1
 .data.STO_M1   0x0000000020000424       0x14 build/mc_config.o
                0x0000000020000424                STO_M1
 .data.STO_PLL_M1
                0x0000000020000438      0x128 build/mc_config.o
                0x0000000020000438                STO_PLL_M1
 .data.SpeednTorqCtrlM1
                0x0000000020000560       0x34 build/mc_config.o
                0x0000000020000560                SpeednTorqCtrlM1
 .data.TempSensor_M1
                0x0000000020000594       0x28 build/mc_config.o
                0x0000000020000594                TempSensor_M1
 .data.VirtualSpeedSensorM1
                0x00000000200005bc       0x38 build/mc_config.o
                0x00000000200005bc                VirtualSpeedSensorM1
 .data.debugScopeM1
                0x00000000200005f4     0x1814 build/mc_config.o
                0x00000000200005f4                debugScopeM1
 .data.pMPM     0x0000000020001e08        0x4 build/mc_config.o
                0x0000000020001e08                pMPM
 .data.pPIDId   0x0000000020001e0c        0x4 build/mc_config.o
                0x0000000020001e0c                pPIDId
 .data.pPIDIq   0x0000000020001e10        0x4 build/mc_config.o
                0x0000000020001e10                pPIDIq
 .data.pSTC     0x0000000020001e14        0x4 build/mc_config.o
                0x0000000020001e14                pSTC
 .data.pTemperatureSensor
                0x0000000020001e18        0x4 build/mc_config.o
                0x0000000020001e18                pTemperatureSensor
 .data.ApplicationConfig_reg
                0x0000000020001e1c        0x4 build/mc_configuration_registers.o
                0x0000000020001e1c                ApplicationConfig_reg
 .data.FOCConfig_reg
                0x0000000020001e20        0x4 build/mc_configuration_registers.o
                0x0000000020001e20                FOCConfig_reg
 .data.MotorConfig_reg
                0x0000000020001e24        0x4 build/mc_configuration_registers.o
                0x0000000020001e24                MotorConfig_reg
 .data.PWR_BOARD_NAME
                0x0000000020001e28        0x4 build/mc_configuration_registers.o
                0x0000000020001e28                PWR_BOARD_NAME
 .data.MCPA_UART_A
                0x0000000020001e2c       0x2c build/mcp_config.o
                0x0000000020001e2c                MCPA_UART_A
 .data.MCP_Over_UartA
                0x0000000020001e58       0x10 build/mcp_config.o
                0x0000000020001e58                MCP_Over_UartA
 .data.UASPEP_A
                0x0000000020001e68       0x14 build/mcp_config.o
 .data.aspepOverUartA
                0x0000000020001e7c       0x74 build/mcp_config.o
                0x0000000020001e7c                aspepOverUartA
 .data.SystickDividerCounter.15134
                0x0000000020001ef0        0x1 build/stm32g4xx_mc_it.o
 *fill*         0x0000000020001ef1        0x3 
 .data.SystemCoreClock
                0x0000000020001ef4        0x4 build/system_stm32g4xx.o
                0x0000000020001ef4                SystemCoreClock
 *(.RamFunc)
 *(.RamFunc*)
                0x0000000020001ef8                . = ALIGN (0x4)
                0x0000000020001ef8                _edata = .

.tm_clone_table
                0x0000000020001ef8        0x0 load address 0x000000000800a890
 .tm_clone_table
                0x0000000020001ef8        0x0 /usr/lib/gcc/arm-none-eabi/9.2.1/thumb/v7e-m+fp/hard/crtbegin.o
 .tm_clone_table
                0x0000000020001ef8        0x0 /usr/lib/gcc/arm-none-eabi/9.2.1/thumb/v7e-m+fp/hard/crtend.o

.igot.plt       0x0000000020001ef8        0x0 load address 0x000000000800a890
 .igot.plt      0x0000000020001ef8        0x0 /usr/lib/gcc/arm-none-eabi/9.2.1/thumb/v7e-m+fp/hard/crtbegin.o
                0x0000000020001ef8                . = ALIGN (0x4)

.bss            0x0000000020001ef8     0x12cc load address 0x000000000800a890
                0x0000000020001ef8                _sbss = .
                0x0000000020001ef8                __bss_start__ = _sbss
 *(.bss)
 .bss           0x0000000020001ef8       0x1c /usr/lib/gcc/arm-none-eabi/9.2.1/thumb/v7e-m+fp/hard/crtbegin.o
 *(.bss*)
 .bss.GLOBAL_TIMESTAMP
                0x0000000020001f14        0x4 build/mcpa.o
                0x0000000020001f14                GLOBAL_TIMESTAMP
 .bss.prevAngle.13774
                0x0000000020001f18        0x2 build/speed_torq_ctrl.o
 .bss.sectionCounter.13775
                0x0000000020001f1a        0x2 build/speed_torq_ctrl.o
 *fill*         0x0000000020001f1c        0x4 
 .bss.TickMSCounter
                0x0000000020001f20        0x8 build/debug_scope.o
                0x0000000020001f20                TickMSCounter
 .bss.RealBusVoltageSensorFilterBufferM1
                0x0000000020001f28        0xc build/mc_config.o
 .bss.FOCVars   0x0000000020001f34       0x26 build/mc_tasks.o
 .bss.bMCBootCompleted
                0x0000000020001f5a        0x1 build/mc_tasks.o
 *fill*         0x0000000020001f5b        0x1 
 .bss.hBootCapDelayCounterM1
                0x0000000020001f5c        0x2 build/mc_tasks.o
 .bss.hMFTaskCounterM1
                0x0000000020001f5e        0x2 build/mc_tasks.o
 .bss.hStopPermanencyCounterM1
                0x0000000020001f60        0x2 build/mc_tasks.o
 *fill*         0x0000000020001f62        0x2 
 .bss.pCLM      0x0000000020001f64        0x4 build/mc_tasks.o
 .bss.pREMNG    0x0000000020001f68        0x4 build/mc_tasks.o
 .bss.pwmcHandle
                0x0000000020001f6c        0x4 build/mc_tasks.o
 .bss.MCPAsyncBuffUARTA_A
                0x0000000020001f70      0x806 build/mcp_config.o
 *fill*         0x0000000020002776        0x2 
 .bss.MCPAsyncBuffUARTA_B
                0x0000000020002778      0x806 build/mcp_config.o
 *fill*         0x0000000020002f7e        0x2 
 .bss.MCPSyncRXBuff
                0x0000000020002f80       0x82 build/mcp_config.o
 *fill*         0x0000000020003002        0x2 
 .bss.MCPSyncTxBuff
                0x0000000020003004       0x86 build/mcp_config.o
 .bss.nullData16.15666
                0x000000002000308a        0x2 build/register_interface.o
 .bss.RCM_CB_array
                0x000000002000308c       0x20 build/regular_conversion_manager.o
 .bss.RCM_NoInj_array
                0x00000000200030ac       0x18 build/regular_conversion_manager.o
 .bss.RCM_UserConvHandle
                0x00000000200030c4        0x1 build/regular_conversion_manager.o
 .bss.RCM_UserConvState
                0x00000000200030c5        0x1 build/regular_conversion_manager.o
 .bss.RCM_UserConvValue
                0x00000000200030c6        0x2 build/regular_conversion_manager.o
 .bss.RCM_currentHandle
                0x00000000200030c8        0x1 build/regular_conversion_manager.o
 *fill*         0x00000000200030c9        0x3 
 .bss.RCM_handle_array
                0x00000000200030cc       0x10 build/regular_conversion_manager.o
 *(COMMON)
 COMMON         0x00000000200030dc        0x4 build/stm32g4xx_hal.o
                0x00000000200030dc                uwTick
 COMMON         0x00000000200030e0       0x4c build/main.o
                0x00000000200030e0                htim4
 COMMON         0x000000002000312c       0x24 build/mc_config.o
                0x000000002000312c                Mci
 COMMON         0x0000000020003150       0x6e build/mcp_config.o
                0x0000000020003150                dataPtrTableBuffA
                0x0000000020003178                MCP_UserCallBack
                0x0000000020003180                dataSizeTableBuffA
                0x000000002000318c                dataPtrTableA
                0x00000000200031b4                dataSizeTableA
 *fill*         0x00000000200031be        0x2 
 COMMON         0x00000000200031c0        0x4 build/motorcontrol.o
                0x00000000200031c0                pMCI
                0x00000000200031c4                . = ALIGN (0x4)
                0x00000000200031c4                _ebss = .
                0x00000000200031c4                __bss_end__ = _ebss

._user_heap_stack
                0x00000000200031c4      0x604 load address 0x000000000800a890
                0x00000000200031c8                . = ALIGN (0x8)
 *fill*         0x00000000200031c4        0x4 
                [!provide]                        PROVIDE (end = .)
                [!provide]                        PROVIDE (_end = .)
                0x00000000200033c8                . = (. + _Min_Heap_Size)
 *fill*         0x00000000200031c8      0x200 
                0x00000000200037c8                . = (. + _Min_Stack_Size)
 *fill*         0x00000000200033c8      0x400 
                0x00000000200037c8                . = ALIGN (0x8)

/DISCARD/
 libc.a(*)
 libm.a(*)
 libgcc.a(*)

.ARM.attributes
                0x0000000000000000       0x30
 *(.ARM.attributes)
 .ARM.attributes
                0x0000000000000000       0x1e /usr/lib/gcc/arm-none-eabi/9.2.1/thumb/v7e-m+fp/hard/crti.o
 .ARM.attributes
                0x000000000000001e       0x34 /usr/lib/gcc/arm-none-eabi/9.2.1/thumb/v7e-m+fp/hard/crtbegin.o
 .ARM.attributes
                0x0000000000000052       0x34 build/stm32g4xx_hal.o
 .ARM.attributes
                0x0000000000000086       0x34 build/stm32g4xx_hal_cortex.o
 .ARM.attributes
                0x00000000000000ba       0x34 build/stm32g4xx_hal_gpio.o
 .ARM.attributes
                0x00000000000000ee       0x34 build/stm32g4xx_hal_pwr_ex.o
 .ARM.attributes
                0x0000000000000122       0x34 build/stm32g4xx_hal_rcc.o
 .ARM.attributes
                0x0000000000000156       0x34 build/stm32g4xx_hal_tim.o
 .ARM.attributes
                0x000000000000018a       0x34 build/stm32g4xx_hal_tim_ex.o
 .ARM.attributes
                0x00000000000001be       0x34 build/stm32g4xx_ll_adc.o
 .ARM.attributes
                0x00000000000001f2       0x34 build/stm32g4xx_ll_exti.o
 .ARM.attributes
                0x0000000000000226       0x34 build/stm32g4xx_ll_gpio.o
 .ARM.attributes
                0x000000000000025a       0x34 build/stm32g4xx_ll_opamp.o
 .ARM.attributes
                0x000000000000028e       0x34 build/stm32g4xx_ll_rcc.o
 .ARM.attributes
                0x00000000000002c2       0x34 build/stm32g4xx_ll_tim.o
 .ARM.attributes
                0x00000000000002f6       0x34 build/stm32g4xx_ll_usart.o
 .ARM.attributes
                0x000000000000032a       0x34 build/stm32g4xx_ll_utils.o
 .ARM.attributes
                0x000000000000035e       0x34 build/bus_voltage_sensor.o
 .ARM.attributes
                0x0000000000000392       0x34 build/circle_limitation.o
 .ARM.attributes
                0x00000000000003c6       0x34 build/mcp.o
 .ARM.attributes
                0x00000000000003fa       0x34 build/mcpa.o
 .ARM.attributes
                0x000000000000042e       0x34 build/ntc_temperature_sensor.o
 .ARM.attributes
                0x0000000000000462       0x34 build/pid_regulator.o
 .ARM.attributes
                0x0000000000000496       0x34 build/pqd_motor_power_measurement.o
 .ARM.attributes
                0x00000000000004ca       0x34 build/pwm_common.o
 .ARM.attributes
                0x00000000000004fe       0x34 build/r_divider_bus_voltage_sensor.o
 .ARM.attributes
                0x0000000000000532       0x34 build/ramp_ext_mngr.o
 .ARM.attributes
                0x0000000000000566       0x34 build/revup_ctrl.o
 .ARM.attributes
                0x000000000000059a       0x34 build/speed_pos_fdbk.o
 .ARM.attributes
                0x00000000000005ce       0x34 build/speed_torq_ctrl.o
 .ARM.attributes
                0x0000000000000602       0x34 build/sto_cordic_speed_pos_fdbk.o
 .ARM.attributes
                0x0000000000000636       0x34 build/sto_pll_speed_pos_fdbk.o
 .ARM.attributes
                0x000000000000066a       0x34 build/virtual_speed_sensor.o
 .ARM.attributes
                0x000000000000069e       0x34 build/r3_2_g4xx_pwm_curr_fdbk.o
 .ARM.attributes
                0x00000000000006d2       0x34 build/aspep.o
 .ARM.attributes
                0x0000000000000706       0x34 build/debug_scope.o
 .ARM.attributes
                0x000000000000073a       0x34 build/main.o
 .ARM.attributes
                0x000000000000076e       0x34 build/mc_api.o
 .ARM.attributes
                0x00000000000007a2       0x39 build/mc_config.o
 .ARM.attributes
                0x00000000000007db       0x39 build/mc_configuration_registers.o
 .ARM.attributes
                0x0000000000000814       0x34 build/mc_interface.o
 .ARM.attributes
                0x0000000000000848       0x34 build/mc_math.o
 .ARM.attributes
                0x000000000000087c       0x39 build/mc_parameters.o
 .ARM.attributes
                0x00000000000008b5       0x34 build/mc_tasks.o
 .ARM.attributes
                0x00000000000008e9       0x39 build/mcp_config.o
 .ARM.attributes
                0x0000000000000922       0x34 build/motorcontrol.o
 .ARM.attributes
                0x0000000000000956       0x34 build/pwm_curr_fdbk.o
 .ARM.attributes
                0x000000000000098a       0x34 build/register_interface.o
 .ARM.attributes
                0x00000000000009be       0x34 build/regular_conversion_manager.o
 .ARM.attributes
                0x00000000000009f2       0x34 build/stm32g4xx_hal_msp.o
 .ARM.attributes
                0x0000000000000a26       0x34 build/stm32g4xx_mc_it.o
 .ARM.attributes
                0x0000000000000a5a       0x34 build/system_stm32g4xx.o
 .ARM.attributes
                0x0000000000000a8e       0x34 build/usart_aspep_driver.o
 .ARM.attributes
                0x0000000000000ac2       0x21 build/startup_stm32g431xx.o
 .ARM.attributes
                0x0000000000000ae3       0x34 /usr/lib/gcc/arm-none-eabi/9.2.1/../../../arm-none-eabi/lib/thumb/v7e-m+fp/hard/libc_nano.a(lib_a-init.o)
 .ARM.attributes
                0x0000000000000b17       0x1c /usr/lib/gcc/arm-none-eabi/9.2.1/../../../arm-none-eabi/lib/thumb/v7e-m+fp/hard/libc_nano.a(lib_a-memcpy.o)
 .ARM.attributes
                0x0000000000000b33       0x34 /usr/lib/gcc/arm-none-eabi/9.2.1/../../../arm-none-eabi/lib/thumb/v7e-m+fp/hard/libc_nano.a(lib_a-memset.o)
 .ARM.attributes
                0x0000000000000b67       0x32 /usr/lib/gcc/arm-none-eabi/9.2.1/thumb/v7e-m+fp/hard/crtend.o
 .ARM.attributes
                0x0000000000000b99       0x1e /usr/lib/gcc/arm-none-eabi/9.2.1/thumb/v7e-m+fp/hard/crtn.o
OUTPUT(build/STM32_MCSDK_Project.elf elf32-littlearm)
LOAD linker stubs
LOAD /usr/lib/gcc/arm-none-eabi/9.2.1/../../../arm-none-eabi/lib/thumb/v7e-m+fp/hard/libc.a
LOAD /usr/lib/gcc/arm-none-eabi/9.2.1/../../../arm-none-eabi/lib/thumb/v7e-m+fp/hard/libm.a
LOAD /usr/lib/gcc/arm-none-eabi/9.2.1/thumb/v7e-m+fp/hard/libgcc.a

.comment        0x0000000000000000       0xa7
 .comment       0x0000000000000000       0x59 /usr/lib/gcc/arm-none-eabi/9.2.1/thumb/v7e-m+fp/hard/crtbegin.o
                                         0x5a (size before relaxing)
 .comment       0x0000000000000059       0x5a build/stm32g4xx_hal.o
 .comment       0x0000000000000059       0x5a build/stm32g4xx_hal_cortex.o
 .comment       0x0000000000000059       0x5a build/stm32g4xx_hal_gpio.o
 .comment       0x0000000000000059       0x5a build/stm32g4xx_hal_pwr_ex.o
 .comment       0x0000000000000059       0x5a build/stm32g4xx_hal_rcc.o
 .comment       0x0000000000000059       0x5a build/stm32g4xx_hal_tim.o
 .comment       0x0000000000000059       0x5a build/stm32g4xx_hal_tim_ex.o
 .comment       0x0000000000000059       0x5a build/stm32g4xx_ll_adc.o
 .comment       0x0000000000000059       0x5a build/stm32g4xx_ll_exti.o
 .comment       0x0000000000000059       0x5a build/stm32g4xx_ll_gpio.o
 .comment       0x0000000000000059       0x5a build/stm32g4xx_ll_opamp.o
 .comment       0x0000000000000059       0x5a build/stm32g4xx_ll_rcc.o
 .comment       0x0000000000000059       0x5a build/stm32g4xx_ll_tim.o
 .comment       0x0000000000000059       0x5a build/stm32g4xx_ll_usart.o
 .comment       0x0000000000000059       0x5a build/stm32g4xx_ll_utils.o
 .comment       0x0000000000000059       0x5a build/bus_voltage_sensor.o
 .comment       0x0000000000000059       0x5a build/circle_limitation.o
 .comment       0x0000000000000059       0x5a build/mcp.o
 .comment       0x0000000000000059       0x5a build/mcpa.o
 .comment       0x0000000000000059       0x5a build/ntc_temperature_sensor.o
 .comment       0x0000000000000059       0x5a build/pid_regulator.o
 .comment       0x0000000000000059       0x5a build/pqd_motor_power_measurement.o
 .comment       0x0000000000000059       0x5a build/pwm_common.o
 .comment       0x0000000000000059       0x5a build/r_divider_bus_voltage_sensor.o
 .comment       0x0000000000000059       0x5a build/ramp_ext_mngr.o
 .comment       0x0000000000000059       0x5a build/revup_ctrl.o
 .comment       0x0000000000000059       0x5a build/speed_pos_fdbk.o
 .comment       0x0000000000000059       0x5a build/speed_torq_ctrl.o
 .comment       0x0000000000000059       0x5a build/sto_cordic_speed_pos_fdbk.o
 .comment       0x0000000000000059       0x5a build/sto_pll_speed_pos_fdbk.o
 .comment       0x0000000000000059       0x5a build/virtual_speed_sensor.o
 .comment       0x0000000000000059       0x5a build/r3_2_g4xx_pwm_curr_fdbk.o
 .comment       0x0000000000000059       0x5a build/aspep.o
 .comment       0x0000000000000059       0x5a build/debug_scope.o
 .comment       0x0000000000000059       0x5a build/main.o
 .comment       0x0000000000000059       0x5a build/mc_api.o
 .comment       0x0000000000000059       0x5a build/mc_config.o
 .comment       0x0000000000000059       0x5a build/mc_configuration_registers.o
 .comment       0x0000000000000059       0x5a build/mc_interface.o
 .comment       0x0000000000000059       0x5a build/mc_math.o
 .comment       0x0000000000000059       0x5a build/mc_parameters.o
 .comment       0x0000000000000059       0x5a build/mc_tasks.o
 .comment       0x0000000000000059       0x5a build/mcp_config.o
 .comment       0x0000000000000059       0x5a build/motorcontrol.o
 .comment       0x0000000000000059       0x5a build/pwm_curr_fdbk.o
 .comment       0x0000000000000059       0x5a build/register_interface.o
 .comment       0x0000000000000059       0x5a build/regular_conversion_manager.o
 .comment       0x0000000000000059       0x5a build/stm32g4xx_hal_msp.o
 .comment       0x0000000000000059       0x5a build/stm32g4xx_mc_it.o
 .comment       0x0000000000000059       0x5a build/system_stm32g4xx.o
 .comment       0x0000000000000059       0x5a build/usart_aspep_driver.o
 .comment       0x0000000000000059       0x4e /usr/lib/gcc/arm-none-eabi/9.2.1/../../../arm-none-eabi/lib/thumb/v7e-m+fp/hard/libc_nano.a(lib_a-init.o)
                                         0x4f (size before relaxing)
 .comment       0x00000000000000a7       0x4f /usr/lib/gcc/arm-none-eabi/9.2.1/../../../arm-none-eabi/lib/thumb/v7e-m+fp/hard/libc_nano.a(lib_a-memset.o)
 .comment       0x00000000000000a7       0x5a /usr/lib/gcc/arm-none-eabi/9.2.1/thumb/v7e-m+fp/hard/crtend.o

.debug_info     0x0000000000000000    0x56b79
 .debug_info    0x0000000000000000      0xd00 build/stm32g4xx_hal.o
 .debug_info    0x0000000000000d00     0x11d1 build/stm32g4xx_hal_cortex.o
 .debug_info    0x0000000000001ed1      0xa19 build/stm32g4xx_hal_gpio.o
 .debug_info    0x00000000000028ea      0xba3 build/stm32g4xx_hal_pwr_ex.o
 .debug_info    0x000000000000348d      0xfde build/stm32g4xx_hal_rcc.o
 .debug_info    0x000000000000446b     0x4225 build/stm32g4xx_hal_tim.o
 .debug_info    0x0000000000008690     0x269f build/stm32g4xx_hal_tim_ex.o
 .debug_info    0x000000000000ad2f     0x109e build/stm32g4xx_ll_adc.o
 .debug_info    0x000000000000bdcd      0xa21 build/stm32g4xx_ll_exti.o
 .debug_info    0x000000000000c7ee      0xfab build/stm32g4xx_ll_gpio.o
 .debug_info    0x000000000000d799      0x48c build/stm32g4xx_ll_opamp.o
 .debug_info    0x000000000000dc25     0x15ae build/stm32g4xx_ll_rcc.o
 .debug_info    0x000000000000f1d3     0x1992 build/stm32g4xx_ll_tim.o
 .debug_info    0x0000000000010b65      0xc40 build/stm32g4xx_ll_usart.o
 .debug_info    0x00000000000117a5     0x1103 build/stm32g4xx_ll_utils.o
 .debug_info    0x00000000000128a8      0x4bf build/bus_voltage_sensor.o
 .debug_info    0x0000000000012d67      0x526 build/circle_limitation.o
 .debug_info    0x000000000001328d     0x32af build/mcp.o
 .debug_info    0x000000000001653c     0x10da build/mcpa.o
 .debug_info    0x0000000000017616      0x901 build/ntc_temperature_sensor.o
 .debug_info    0x0000000000017f17      0xb47 build/pid_regulator.o
 .debug_info    0x0000000000018a5e      0x6a3 build/pqd_motor_power_measurement.o
 .debug_info    0x0000000000019101      0xaf0 build/pwm_common.o
 .debug_info    0x0000000000019bf1      0x9db build/r_divider_bus_voltage_sensor.o
 .debug_info    0x000000000001a5cc      0x6b6 build/ramp_ext_mngr.o
 .debug_info    0x000000000001ac82     0x1675 build/revup_ctrl.o
 .debug_info    0x000000000001c2f7      0x73a build/speed_pos_fdbk.o
 .debug_info    0x000000000001ca31     0x109a build/speed_torq_ctrl.o
 .debug_info    0x000000000001dacb     0x13dd build/sto_cordic_speed_pos_fdbk.o
 .debug_info    0x000000000001eea8     0x170b build/sto_pll_speed_pos_fdbk.o
 .debug_info    0x00000000000205b3      0x958 build/virtual_speed_sensor.o
 .debug_info    0x0000000000020f0b     0x5117 build/r3_2_g4xx_pwm_curr_fdbk.o
 .debug_info    0x0000000000026022      0xffb build/aspep.o
 .debug_info    0x000000000002701d      0x25d build/debug_scope.o
 .debug_info    0x000000000002727a     0x7ad0 build/main.o
 .debug_info    0x000000000002ed4a     0x33ec build/mc_api.o
 .debug_info    0x0000000000032136     0x2b03 build/mc_config.o
 .debug_info    0x0000000000034c39      0x71d build/mc_configuration_registers.o
 .debug_info    0x0000000000035356     0x3d80 build/mc_interface.o
 .debug_info    0x00000000000390d6      0x8d7 build/mc_math.o
 .debug_info    0x00000000000399ad     0x28d6 build/mc_parameters.o
 .debug_info    0x000000000003c283     0x45fc build/mc_tasks.o
 .debug_info    0x000000000004087f      0xc4d build/mcp_config.o
 .debug_info    0x00000000000414cc     0x2b3e build/motorcontrol.o
 .debug_info    0x000000000004400a     0x1138 build/pwm_curr_fdbk.o
 .debug_info    0x0000000000045142     0x4dc0 build/register_interface.o
 .debug_info    0x0000000000049f02     0x3340 build/regular_conversion_manager.o
 .debug_info    0x000000000004d242     0x3212 build/stm32g4xx_hal_msp.o
 .debug_info    0x0000000000050454     0x3e82 build/stm32g4xx_mc_it.o
 .debug_info    0x00000000000542d6      0x709 build/system_stm32g4xx.o
 .debug_info    0x00000000000549df     0x1117 build/usart_aspep_driver.o
 .debug_info    0x0000000000055af6       0x22 build/startup_stm32g431xx.o
 .debug_info    0x0000000000055b18      0x11a /usr/lib/gcc/arm-none-eabi/9.2.1/../../../arm-none-eabi/lib/thumb/v7e-m+fp/hard/libc_nano.a(lib_a-init.o)
 .debug_info    0x0000000000055c32       0x26 /usr/lib/gcc/arm-none-eabi/9.2.1/../../../arm-none-eabi/lib/thumb/v7e-m+fp/hard/libc_nano.a(lib_a-memcpy.o)
 .debug_info    0x0000000000055c58      0xf21 /usr/lib/gcc/arm-none-eabi/9.2.1/../../../arm-none-eabi/lib/thumb/v7e-m+fp/hard/libc_nano.a(lib_a-memset.o)

.debug_abbrev   0x0000000000000000     0x8717
 .debug_abbrev  0x0000000000000000      0x25e build/stm32g4xx_hal.o
 .debug_abbrev  0x000000000000025e      0x387 build/stm32g4xx_hal_cortex.o
 .debug_abbrev  0x00000000000005e5      0x213 build/stm32g4xx_hal_gpio.o
 .debug_abbrev  0x00000000000007f8      0x258 build/stm32g4xx_hal_pwr_ex.o
 .debug_abbrev  0x0000000000000a50      0x26f build/stm32g4xx_hal_rcc.o
 .debug_abbrev  0x0000000000000cbf      0x289 build/stm32g4xx_hal_tim.o
 .debug_abbrev  0x0000000000000f48      0x29f build/stm32g4xx_hal_tim_ex.o
 .debug_abbrev  0x00000000000011e7      0x224 build/stm32g4xx_ll_adc.o
 .debug_abbrev  0x000000000000140b      0x216 build/stm32g4xx_ll_exti.o
 .debug_abbrev  0x0000000000001621      0x2c1 build/stm32g4xx_ll_gpio.o
 .debug_abbrev  0x00000000000018e2      0x1e8 build/stm32g4xx_ll_opamp.o
 .debug_abbrev  0x0000000000001aca      0x2d6 build/stm32g4xx_ll_rcc.o
 .debug_abbrev  0x0000000000001da0      0x30d build/stm32g4xx_ll_tim.o
 .debug_abbrev  0x00000000000020ad      0x2f9 build/stm32g4xx_ll_usart.o
 .debug_abbrev  0x00000000000023a6      0x2cf build/stm32g4xx_ll_utils.o
 .debug_abbrev  0x0000000000002675      0x137 build/bus_voltage_sensor.o
 .debug_abbrev  0x00000000000027ac      0x16c build/circle_limitation.o
 .debug_abbrev  0x0000000000002918      0x2d3 build/mcp.o
 .debug_abbrev  0x0000000000002beb      0x2f2 build/mcpa.o
 .debug_abbrev  0x0000000000002edd      0x1e1 build/ntc_temperature_sensor.o
 .debug_abbrev  0x00000000000030be      0x1e5 build/pid_regulator.o
 .debug_abbrev  0x00000000000032a3      0x1b9 build/pqd_motor_power_measurement.o
 .debug_abbrev  0x000000000000345c      0x252 build/pwm_common.o
 .debug_abbrev  0x00000000000036ae      0x211 build/r_divider_bus_voltage_sensor.o
 .debug_abbrev  0x00000000000038bf      0x24a build/ramp_ext_mngr.o
 .debug_abbrev  0x0000000000003b09      0x266 build/revup_ctrl.o
 .debug_abbrev  0x0000000000003d6f      0x1bb build/speed_pos_fdbk.o
 .debug_abbrev  0x0000000000003f2a      0x28b build/speed_torq_ctrl.o
 .debug_abbrev  0x00000000000041b5      0x362 build/sto_cordic_speed_pos_fdbk.o
 .debug_abbrev  0x0000000000004517      0x333 build/sto_pll_speed_pos_fdbk.o
 .debug_abbrev  0x000000000000484a      0x1f9 build/virtual_speed_sensor.o
 .debug_abbrev  0x0000000000004a43      0x3ed build/r3_2_g4xx_pwm_curr_fdbk.o
 .debug_abbrev  0x0000000000004e30      0x34b build/aspep.o
 .debug_abbrev  0x000000000000517b      0x15f build/debug_scope.o
 .debug_abbrev  0x00000000000052da      0x526 build/main.o
 .debug_abbrev  0x0000000000005800      0x2eb build/mc_api.o
 .debug_abbrev  0x0000000000005aeb      0x236 build/mc_config.o
 .debug_abbrev  0x0000000000005d21      0x12b build/mc_configuration_registers.o
 .debug_abbrev  0x0000000000005e4c      0x447 build/mc_interface.o
 .debug_abbrev  0x0000000000006293      0x2c0 build/mc_math.o
 .debug_abbrev  0x0000000000006553      0x1fc build/mc_parameters.o
 .debug_abbrev  0x000000000000674f      0x3d8 build/mc_tasks.o
 .debug_abbrev  0x0000000000006b27      0x194 build/mcp_config.o
 .debug_abbrev  0x0000000000006cbb      0x25c build/motorcontrol.o
 .debug_abbrev  0x0000000000006f17      0x2f2 build/pwm_curr_fdbk.o
 .debug_abbrev  0x0000000000007209      0x441 build/register_interface.o
 .debug_abbrev  0x000000000000764a      0x3be build/regular_conversion_manager.o
 .debug_abbrev  0x0000000000007a08      0x26c build/stm32g4xx_hal_msp.o
 .debug_abbrev  0x0000000000007c74      0x396 build/stm32g4xx_mc_it.o
 .debug_abbrev  0x000000000000800a      0x168 build/system_stm32g4xx.o
 .debug_abbrev  0x0000000000008172      0x2da build/usart_aspep_driver.o
 .debug_abbrev  0x000000000000844c       0x12 build/startup_stm32g431xx.o
 .debug_abbrev  0x000000000000845e       0xcc /usr/lib/gcc/arm-none-eabi/9.2.1/../../../arm-none-eabi/lib/thumb/v7e-m+fp/hard/libc_nano.a(lib_a-init.o)
 .debug_abbrev  0x000000000000852a       0x14 /usr/lib/gcc/arm-none-eabi/9.2.1/../../../arm-none-eabi/lib/thumb/v7e-m+fp/hard/libc_nano.a(lib_a-memcpy.o)
 .debug_abbrev  0x000000000000853e      0x1d9 /usr/lib/gcc/arm-none-eabi/9.2.1/../../../arm-none-eabi/lib/thumb/v7e-m+fp/hard/libc_nano.a(lib_a-memset.o)

.debug_loc      0x0000000000000000    0x2437c
 .debug_loc     0x0000000000000000      0x1ef build/stm32g4xx_hal.o
 .debug_loc     0x00000000000001ef      0x736 build/stm32g4xx_hal_cortex.o
 .debug_loc     0x0000000000000925      0x32c build/stm32g4xx_hal_gpio.o
 .debug_loc     0x0000000000000c51      0xa06 build/stm32g4xx_hal_pwr_ex.o
 .debug_loc     0x0000000000001657      0x86c build/stm32g4xx_hal_rcc.o
 .debug_loc     0x0000000000001ec3     0x56d1 build/stm32g4xx_hal_tim.o
 .debug_loc     0x0000000000007594     0x2ac8 build/stm32g4xx_hal_tim_ex.o
 .debug_loc     0x000000000000a05c      0x58b build/stm32g4xx_ll_adc.o
 .debug_loc     0x000000000000a5e7      0x44f build/stm32g4xx_ll_exti.o
 .debug_loc     0x000000000000aa36      0x810 build/stm32g4xx_ll_gpio.o
 .debug_loc     0x000000000000b246      0x1dc build/stm32g4xx_ll_opamp.o
 .debug_loc     0x000000000000b422      0xba1 build/stm32g4xx_ll_rcc.o
 .debug_loc     0x000000000000bfc3     0x1636 build/stm32g4xx_ll_tim.o
 .debug_loc     0x000000000000d5f9      0x64a build/stm32g4xx_ll_usart.o
 .debug_loc     0x000000000000dc43      0x7ae build/stm32g4xx_ll_utils.o
 .debug_loc     0x000000000000e3f1       0xd4 build/bus_voltage_sensor.o
 .debug_loc     0x000000000000e4c5      0x2c4 build/circle_limitation.o
 .debug_loc     0x000000000000e789      0x3ba build/mcp.o
 .debug_loc     0x000000000000eb43      0x43b build/mcpa.o
 .debug_loc     0x000000000000ef7e      0x228 build/ntc_temperature_sensor.o
 .debug_loc     0x000000000000f1a6      0x616 build/pid_regulator.o
 .debug_loc     0x000000000000f7bc       0x99 build/pqd_motor_power_measurement.o
 .debug_loc     0x000000000000f855      0x1bd build/pwm_common.o
 .debug_loc     0x000000000000fa12      0x388 build/r_divider_bus_voltage_sensor.o
 .debug_loc     0x000000000000fd9a      0x38c build/ramp_ext_mngr.o
 .debug_loc     0x0000000000010126      0x9b5 build/revup_ctrl.o
 .debug_loc     0x0000000000010adb      0x398 build/speed_pos_fdbk.o
 .debug_loc     0x0000000000010e73      0x7aa build/speed_torq_ctrl.o
 .debug_loc     0x000000000001161d     0x159d build/sto_cordic_speed_pos_fdbk.o
 .debug_loc     0x0000000000012bba     0x139e build/sto_pll_speed_pos_fdbk.o
 .debug_loc     0x0000000000013f58      0x5a6 build/virtual_speed_sensor.o
 .debug_loc     0x00000000000144fe     0x33c8 build/r3_2_g4xx_pwm_curr_fdbk.o
 .debug_loc     0x00000000000178c6      0xf34 build/aspep.o
 .debug_loc     0x00000000000187fa      0x227 build/debug_scope.o
 .debug_loc     0x0000000000018a21     0x23bf build/main.o
 .debug_loc     0x000000000001ade0      0x201 build/mc_api.o
 .debug_loc     0x000000000001afe1      0xe38 build/mc_interface.o
 .debug_loc     0x000000000001be19      0x5a4 build/mc_math.o
 .debug_loc     0x000000000001c3bd      0x73d build/mc_tasks.o