Archive member included to satisfy reference by file (symbol)

/usr/lib/gcc/arm-none-eabi/9.2.1/../../../arm-none-eabi/lib/thumb/v7e-m+fp/hard/libc_nano.a(lib_a-atexit.o)
                              /usr/lib/gcc/arm-none-eabi/9.2.1/../../../arm-none-eabi/lib/thumb/v7e-m+fp/hard/crt0.o (atexit)
/usr/lib/gcc/arm-none-eabi/9.2.1/../../../arm-none-eabi/lib/thumb/v7e-m+fp/hard/libc_nano.a(lib_a-exit.o)
                              /usr/lib/gcc/arm-none-eabi/9.2.1/../../../arm-none-eabi/lib/thumb/v7e-m+fp/hard/crt0.o (exit)
/usr/lib/gcc/arm-none-eabi/9.2.1/../../../arm-none-eabi/lib/thumb/v7e-m+fp/hard/libc_nano.a(lib_a-fini.o)
                              /usr/lib/gcc/arm-none-eabi/9.2.1/../../../arm-none-eabi/lib/thumb/v7e-m+fp/hard/crt0.o (__libc_fini_array)
/usr/lib/gcc/arm-none-eabi/9.2.1/../../../arm-none-eabi/lib/thumb/v7e-m+fp/hard/libc_nano.a(lib_a-impure.o)
                              /usr/lib/gcc/arm-none-eabi/9.2.1/../../../arm-none-eabi/lib/thumb/v7e-m+fp/hard/libc_nano.a(lib_a-exit.o) (_global_impure_ptr)
/usr/lib/gcc/arm-none-eabi/9.2.1/../../../arm-none-eabi/lib/thumb/v7e-m+fp/hard/libc_nano.a(lib_a-init.o)
                              /usr/lib/gcc/arm-none-eabi/9.2.1/../../../arm-none-eabi/lib/thumb/v7e-m+fp/hard/crt0.o (__libc_init_array)
/usr/lib/gcc/arm-none-eabi/9.2.1/../../../arm-none-eabi/lib/thumb/v7e-m+fp/hard/libc_nano.a(lib_a-memcpy.o)
                              build/mcpa.o (memcpy)
/usr/lib/gcc/arm-none-eabi/9.2.1/../../../arm-none-eabi/lib/thumb/v7e-m+fp/hard/libc_nano.a(lib_a-memset.o)
                              /usr/lib/gcc/arm-none-eabi/9.2.1/../../../arm-none-eabi/lib/thumb/v7e-m+fp/hard/crt0.o (memset)
/usr/lib/gcc/arm-none-eabi/9.2.1/../../../arm-none-eabi/lib/thumb/v7e-m+fp/hard/libc_nano.a(lib_a-__atexit.o)
                              /usr/lib/gcc/arm-none-eabi/9.2.1/../../../arm-none-eabi/lib/thumb/v7e-m+fp/hard/libc_nano.a(lib_a-atexit.o) (__register_exitproc)
/usr/lib/gcc/arm-none-eabi/9.2.1/../../../arm-none-eabi/lib/thumb/v7e-m+fp/hard/libc_nano.a(lib_a-__call_atexit.o)
                              /usr/lib/gcc/arm-none-eabi/9.2.1/../../../arm-none-eabi/lib/thumb/v7e-m+fp/hard/libc_nano.a(lib_a-__atexit.o) (__call_exitprocs)
/usr/lib/gcc/arm-none-eabi/9.2.1/../../../arm-none-eabi/lib/thumb/v7e-m+fp/hard/libnosys.a(_exit.o)
                              /usr/lib/gcc/arm-none-eabi/9.2.1/../../../arm-none-eabi/lib/thumb/v7e-m+fp/hard/libc_nano.a(lib_a-exit.o) (_exit)
/usr/lib/gcc/arm-none-eabi/9.2.1/thumb/v7e-m+fp/hard/libgcc.a(_arm_muldf3.o)
                              build/mc_interface.o (__aeabi_dmul)
/usr/lib/gcc/arm-none-eabi/9.2.1/thumb/v7e-m+fp/hard/libgcc.a(_arm_addsubdf3.o)
                              build/mc_interface.o (__aeabi_i2d)
/usr/lib/gcc/arm-none-eabi/9.2.1/thumb/v7e-m+fp/hard/libgcc.a(_arm_truncdfsf2.o)
                              build/mc_interface.o (__aeabi_d2f)

Allocating common symbols
Common symbol       size              file

dataPtrTableBuffA   0x28              build/mcp_config.o
MCP_UserCallBack    0x8               build/mcp_config.o
htim4               0x4c              build/main.o
angArr              0x190             build/stm32g4xx_it.o
uwTick              0x4               build/stm32g4xx_hal.o
dataSizeTableBuffA  0xa               build/mcp_config.o
pMCI                0x4               build/motorcontrol.o
Mci                 0x28              build/mc_config.o
dataPtrTableA       0x28              build/mcp_config.o
dataSizeTableA      0xa               build/mcp_config.o

Discarded input sections

 .text          0x0000000000000000        0x0 /usr/lib/gcc/arm-none-eabi/9.2.1/thumb/v7e-m+fp/hard/crti.o
 .data          0x0000000000000000        0x0 /usr/lib/gcc/arm-none-eabi/9.2.1/thumb/v7e-m+fp/hard/crti.o
 .bss           0x0000000000000000        0x0 /usr/lib/gcc/arm-none-eabi/9.2.1/thumb/v7e-m+fp/hard/crti.o
 .data          0x0000000000000000        0x4 /usr/lib/gcc/arm-none-eabi/9.2.1/thumb/v7e-m+fp/hard/crtbegin.o
 .text          0x0000000000000000       0x70 /usr/lib/gcc/arm-none-eabi/9.2.1/../../../arm-none-eabi/lib/thumb/v7e-m+fp/hard/crt0.o
 .data          0x0000000000000000        0x0 /usr/lib/gcc/arm-none-eabi/9.2.1/../../../arm-none-eabi/lib/thumb/v7e-m+fp/hard/crt0.o
 .bss           0x0000000000000000        0x0 /usr/lib/gcc/arm-none-eabi/9.2.1/../../../arm-none-eabi/lib/thumb/v7e-m+fp/hard/crt0.o
 .ARM.extab     0x0000000000000000        0x0 /usr/lib/gcc/arm-none-eabi/9.2.1/../../../arm-none-eabi/lib/thumb/v7e-m+fp/hard/crt0.o
 .ARM.exidx     0x0000000000000000       0x10 /usr/lib/gcc/arm-none-eabi/9.2.1/../../../arm-none-eabi/lib/thumb/v7e-m+fp/hard/crt0.o
 .debug_line    0x0000000000000000       0x87 /usr/lib/gcc/arm-none-eabi/9.2.1/../../../arm-none-eabi/lib/thumb/v7e-m+fp/hard/crt0.o
 .debug_info    0x0000000000000000       0x26 /usr/lib/gcc/arm-none-eabi/9.2.1/../../../arm-none-eabi/lib/thumb/v7e-m+fp/hard/crt0.o
[...]
Memory Configuration

Name             Origin             Length             Attributes
RAM              0x0000000020000000 0x0000000000008000 xrw
FLASH            0x0000000008000000 0x0000000000020000 xr
*default*        0x0000000000000000 0xffffffffffffffff

Linker script and memory map

LOAD /usr/lib/gcc/arm-none-eabi/9.2.1/thumb/v7e-m+fp/hard/crti.o
LOAD /usr/lib/gcc/arm-none-eabi/9.2.1/thumb/v7e-m+fp/hard/crtbegin.o
LOAD /usr/lib/gcc/arm-none-eabi/9.2.1/../../../arm-none-eabi/lib/thumb/v7e-m+fp/hard/crt0.o
LOAD build/stm32g4xx_hal.o
LOAD build/stm32g4xx_hal_cortex.o
LOAD build/stm32g4xx_hal_dma.o
LOAD build/stm32g4xx_hal_dma_ex.o
LOAD build/stm32g4xx_hal_exti.o
LOAD build/stm32g4xx_hal_flash.o
LOAD build/stm32g4xx_hal_flash_ex.o
LOAD build/stm32g4xx_hal_flash_ramfunc.o
LOAD build/stm32g4xx_hal_gpio.o
LOAD build/stm32g4xx_hal_pwr.o
LOAD build/stm32g4xx_hal_pwr_ex.o
LOAD build/stm32g4xx_hal_rcc.o
LOAD build/stm32g4xx_hal_rcc_ex.o
LOAD build/stm32g4xx_hal_tim.o
LOAD build/stm32g4xx_hal_tim_ex.o
LOAD build/stm32g4xx_ll_adc.o
LOAD build/stm32g4xx_ll_comp.o
LOAD build/stm32g4xx_ll_cordic.o
LOAD build/stm32g4xx_ll_dac.o
LOAD build/stm32g4xx_ll_dma.o
LOAD build/stm32g4xx_ll_exti.o
LOAD build/stm32g4xx_ll_gpio.o
LOAD build/stm32g4xx_ll_opamp.o
LOAD build/stm32g4xx_ll_rcc.o
LOAD build/stm32g4xx_ll_tim.o
LOAD build/stm32g4xx_ll_usart.o
LOAD build/stm32g4xx_ll_utils.o
LOAD build/bus_voltage_sensor.o
LOAD build/circle_limitation.o
LOAD build/digital_output.o
LOAD build/enc_align_ctrl.o
LOAD build/encoder_speed_pos_fdbk.o
LOAD build/feed_forward_ctrl.o
LOAD build/mcp.o
LOAD build/mcpa.o
LOAD build/ntc_temperature_sensor.o
LOAD build/open_loop.o
LOAD build/pid_regulator.o
LOAD build/pqd_motor_power_measurement.o
LOAD build/pwm_common.o
LOAD build/r_divider_bus_voltage_sensor.o
LOAD build/ramp_ext_mngr.o
LOAD build/revup_ctrl.o
LOAD build/speed_pos_fdbk.o
LOAD build/speed_torq_ctrl.o
LOAD build/sto_cordic_speed_pos_fdbk.o
LOAD build/sto_pll_speed_pos_fdbk.o
LOAD build/virtual_speed_sensor.o
LOAD build/r3_2_g4xx_pwm_curr_fdbk.o
LOAD build/aspep.o
LOAD build/debug_scope.o
LOAD build/main.o
LOAD build/mc_api.o
LOAD build/mc_app_hooks.o
LOAD build/mc_config.o
LOAD build/mc_configuration_registers.o
LOAD build/mc_interface.o
LOAD build/mc_math.o
LOAD build/mc_parameters.o
LOAD build/mc_perf.o
LOAD build/mc_tasks.o
LOAD build/mcp_config.o
LOAD build/motorcontrol.o
LOAD build/pwm_curr_fdbk.o
LOAD build/register_interface.o
LOAD build/regular_conversion_manager.o
LOAD build/stm32g4xx_hal_msp.o
LOAD build/stm32g4xx_it.o
LOAD build/stm32g4xx_mc_it.o
LOAD build/system_stm32g4xx.o
LOAD build/usart_aspep_driver.o
LOAD build/startup_stm32g431xx.o
LOAD /usr/lib/gcc/arm-none-eabi/9.2.1/../../../arm-none-eabi/lib/thumb/v7e-m+fp/hard/libc_nano.a
LOAD /usr/lib/gcc/arm-none-eabi/9.2.1/../../../arm-none-eabi/lib/thumb/v7e-m+fp/hard/libm.a
LOAD /usr/lib/gcc/arm-none-eabi/9.2.1/../../../arm-none-eabi/lib/thumb/v7e-m+fp/hard/libnosys.a
START GROUP
LOAD /usr/lib/gcc/arm-none-eabi/9.2.1/thumb/v7e-m+fp/hard/libgcc.a
LOAD /usr/lib/gcc/arm-none-eabi/9.2.1/../../../arm-none-eabi/lib/thumb/v7e-m+fp/hard/libc_nano.a
END GROUP
START GROUP
LOAD /usr/lib/gcc/arm-none-eabi/9.2.1/thumb/v7e-m+fp/hard/libgcc.a
LOAD /usr/lib/gcc/arm-none-eabi/9.2.1/../../../arm-none-eabi/lib/thumb/v7e-m+fp/hard/libc_nano.a
END GROUP
LOAD /usr/lib/gcc/arm-none-eabi/9.2.1/thumb/v7e-m+fp/hard/crtend.o
LOAD /usr/lib/gcc/arm-none-eabi/9.2.1/thumb/v7e-m+fp/hard/crtn.o
                0x0000000020008000                _estack = (ORIGIN (RAM) + LENGTH (RAM))
                0x0000000000000200                _Min_Heap_Size = 0x200
                0x0000000000000400                _Min_Stack_Size = 0x400

.isr_vector     0x0000000008000000      0x1d8
                0x0000000008000000                . = ALIGN (0x4)
 *(.isr_vector)
 .isr_vector    0x0000000008000000      0x1d8 build/startup_stm32g431xx.o
                0x0000000008000000                g_pfnVectors
                0x00000000080001d8                . = ALIGN (0x4)

.text           0x00000000080001d8     0x88f0
                0x00000000080001d8                . = ALIGN (0x4)
 *(.text)
 .text          0x00000000080001d8       0x88 /usr/lib/gcc/arm-none-eabi/9.2.1/thumb/v7e-m+fp/hard/crtbegin.o
 .text          0x0000000008000260       0x48 /usr/lib/gcc/arm-none-eabi/9.2.1/../../../arm-none-eabi/lib/thumb/v7e-m+fp/hard/libc_nano.a(lib_a-init.o)
                0x0000000008000260                __libc_init_array
 .text          0x00000000080002a8      0x134 /usr/lib/gcc/arm-none-eabi/9.2.1/../../../arm-none-eabi/lib/thumb/v7e-m+fp/hard/libc_nano.a(lib_a-memcpy.o)
                0x00000000080002a8                memcpy
 .text          0x00000000080003dc       0xa0 /usr/lib/gcc/arm-none-eabi/9.2.1/../../../arm-none-eabi/lib/thumb/v7e-m+fp/hard/libc_nano.a(lib_a-memset.o)
                0x00000000080003dc                memset
 *(.text*)
 .text.HAL_InitTick
                0x000000000800047c       0x50 build/stm32g4xx_hal.o
                0x000000000800047c                HAL_InitTick
 .text.HAL_Init
                0x00000000080004cc       0x1e build/stm32g4xx_hal.o
                0x00000000080004cc                HAL_Init
 *fill*         0x00000000080004ea        0x2 
 .text.HAL_IncTick
                0x00000000080004ec       0x18 build/stm32g4xx_hal.o
                0x00000000080004ec                HAL_IncTick
 .text.HAL_NVIC_SetPriorityGrouping
                0x0000000008000504       0x24 build/stm32g4xx_hal_cortex.o
                0x0000000008000504                HAL_NVIC_SetPriorityGrouping
 .text.HAL_NVIC_SetPriority
                0x0000000008000528       0x68 build/stm32g4xx_hal_cortex.o
                0x0000000008000528                HAL_NVIC_SetPriority
 .text.HAL_SYSTICK_Config
                0x0000000008000590       0x2c build/stm32g4xx_hal_cortex.o
                0x0000000008000590                HAL_SYSTICK_Config
 .text.HAL_SYSTICK_Callback
                0x00000000080005bc        0x2 build/stm32g4xx_hal_cortex.o
                0x00000000080005bc                HAL_SYSTICK_Callback
 .text.HAL_SYSTICK_IRQHandler
                0x00000000080005be        0x8 build/stm32g4xx_hal_cortex.o
                0x00000000080005be                HAL_SYSTICK_IRQHandler
 *fill*         0x00000000080005c6        0x2 
 .text.HAL_PWREx_DisableUCPDDeadBattery
                0x00000000080005c8       0x10 build/stm32g4xx_hal_pwr_ex.o
                0x00000000080005c8                HAL_PWREx_DisableUCPDDeadBattery
 .text.HAL_RCC_GetHCLKFreq
                0x00000000080005d8        0xc build/stm32g4xx_hal_rcc.o
                0x00000000080005d8                HAL_RCC_GetHCLKFreq
 .text.LL_ADC_CommonInit
                0x00000000080005e4       0x60 build/stm32g4xx_ll_adc.o
                0x00000000080005e4                LL_ADC_CommonInit
 .text.LL_ADC_Init
                0x0000000008000644       0x2e build/stm32g4xx_ll_adc.o
                0x0000000008000644                LL_ADC_Init
 *fill*         0x0000000008000672        0x2 
 .text.LL_ADC_REG_Init
                0x0000000008000674       0x60 build/stm32g4xx_ll_adc.o
                0x0000000008000674                LL_ADC_REG_Init
 .text.LL_ADC_INJ_Init
                0x00000000080006d4       0x4c build/stm32g4xx_ll_adc.o
                0x00000000080006d4                LL_ADC_INJ_Init
 .text.LL_COMP_Init
                0x0000000008000720       0x34 build/stm32g4xx_ll_comp.o
                0x0000000008000720                LL_COMP_Init
 .text.LL_DAC_Init
                0x0000000008000754       0xaa build/stm32g4xx_ll_dac.o
                0x0000000008000754                LL_DAC_Init
 *fill*         0x00000000080007fe        0x2 
 .text.LL_EXTI_Init
                0x0000000008000800      0x1a0 build/stm32g4xx_ll_exti.o
                0x0000000008000800                LL_EXTI_Init
 .text.LL_GPIO_Init
                0x00000000080009a0      0x172 build/stm32g4xx_ll_gpio.o
                0x00000000080009a0                LL_GPIO_Init
 .text.LL_OPAMP_Init
                0x0000000008000b12       0x50 build/stm32g4xx_ll_opamp.o
                0x0000000008000b12                LL_OPAMP_Init
 *fill*         0x0000000008000b62        0x2 
 .text.RCC_GetHCLKClockFreq
                0x0000000008000b64       0x1c build/stm32g4xx_ll_rcc.o
 .text.RCC_GetPCLK1ClockFreq
                0x0000000008000b80       0x1c build/stm32g4xx_ll_rcc.o
 .text.RCC_GetPCLK2ClockFreq
                0x0000000008000b9c       0x1c build/stm32g4xx_ll_rcc.o
 .text.RCC_PLL_GetFreqDomain_SYS
                0x0000000008000bb8       0x48 build/stm32g4xx_ll_rcc.o
 .text.RCC_GetSystemClockFreq
                0x0000000008000c00       0x2c build/stm32g4xx_ll_rcc.o
 .text.LL_RCC_GetUSARTClockFreq
                0x0000000008000c2c      0x11c build/stm32g4xx_ll_rcc.o
                0x0000000008000c2c                LL_RCC_GetUSARTClockFreq
 .text.LL_RCC_GetUARTClockFreq
                0x0000000008000d48       0x68 build/stm32g4xx_ll_rcc.o
                0x0000000008000d48                LL_RCC_GetUARTClockFreq
 .text.OC1Config
                0x0000000008000db0       0x8c build/stm32g4xx_ll_tim.o
 .text.OC2Config
                0x0000000008000e3c       0x94 build/stm32g4xx_ll_tim.o
 .text.OC3Config
                0x0000000008000ed0       0x94 build/stm32g4xx_ll_tim.o
 .text.OC4Config
                0x0000000008000f64       0x94 build/stm32g4xx_ll_tim.o
 .text.OC5Config
                0x0000000008000ff8       0x78 build/stm32g4xx_ll_tim.o
 .text.OC6Config
                0x0000000008001070       0x78 build/stm32g4xx_ll_tim.o
 .text.LL_TIM_Init
                0x00000000080010e8       0xb8 build/stm32g4xx_ll_tim.o
                0x00000000080010e8                LL_TIM_Init
 .text.LL_TIM_OC_Init
                0x00000000080011a0       0x54 build/stm32g4xx_ll_tim.o
                0x00000000080011a0                LL_TIM_OC_Init
 .text.LL_TIM_BDTR_Init
                0x00000000080011f4       0x8c build/stm32g4xx_ll_tim.o
                0x00000000080011f4                LL_TIM_BDTR_Init
 .text.LL_USART_Init
                0x0000000008001280      0x104 build/stm32g4xx_ll_usart.o
                0x0000000008001280                LL_USART_Init
 .text.LL_mDelay
                0x0000000008001384       0x2c build/stm32g4xx_ll_utils.o
                0x0000000008001384                LL_mDelay
 .text.LL_SetSystemCoreClock
                0x00000000080013b0        0xc build/stm32g4xx_ll_utils.o
                0x00000000080013b0                LL_SetSystemCoreClock
 .text.VBS_GetAvBusVoltage_d
                0x00000000080013bc        0x4 build/bus_voltage_sensor.o
                0x00000000080013bc                VBS_GetAvBusVoltage_d
 .text.VBS_GetAvBusVoltage_V
                0x00000000080013c0        0xc build/bus_voltage_sensor.o
                0x00000000080013c0                VBS_GetAvBusVoltage_V
 .text.Circle_Limitation
                0x00000000080013cc       0x6e build/circle_limitation.o
                0x00000000080013cc                Circle_Limitation
 .text.EAC_Init
                0x000000000800143a        0xe build/enc_align_ctrl.o
                0x000000000800143a                EAC_Init
 .text.EAC_StartAlignment
                0x0000000008001448       0x54 build/enc_align_ctrl.o
                0x0000000008001448                EAC_StartAlignment
 .text.EAC_Exec
                0x000000000800149c       0x2e build/enc_align_ctrl.o
                0x000000000800149c                EAC_Exec
 .text.EAC_IsAligned
                0x00000000080014ca        0x4 build/enc_align_ctrl.o
                0x00000000080014ca                EAC_IsAligned
 .text.EAC_SetRestartState
                0x00000000080014ce        0x4 build/enc_align_ctrl.o
                0x00000000080014ce                EAC_SetRestartState
 .text.ENC_Init
                0x00000000080014d2       0x7e build/encoder_speed_pos_fdbk.o
                0x00000000080014d2                ENC_Init
 .text.ENC_Clear
                0x0000000008001550       0x22 build/encoder_speed_pos_fdbk.o
                0x0000000008001550                ENC_Clear
 .text.ENC_CalcAngle
                0x0000000008001572       0x2e build/encoder_speed_pos_fdbk.o
                0x0000000008001572                ENC_CalcAngle
 .text.ENC_CalcAvrgMecSpeedUnit
                0x00000000080015a0      0x13e build/encoder_speed_pos_fdbk.o
                0x00000000080015a0                ENC_CalcAvrgMecSpeedUnit
 *fill*         0x00000000080016de        0x2 
 .text.ENC_SetMecAngle
                0x00000000080016e0       0x38 build/encoder_speed_pos_fdbk.o
                0x00000000080016e0                ENC_SetMecAngle
 .text.ENC_IRQHandler
                0x0000000008001718       0x12 build/encoder_speed_pos_fdbk.o
                0x0000000008001718                ENC_IRQHandler
 .text.FF_Init  0x000000000800172a       0x1a build/feed_forward_ctrl.o
                0x000000000800172a                FF_Init
 .text.FF_Clear
                0x0000000008001744        0x8 build/feed_forward_ctrl.o
                0x0000000008001744                FF_Clear
 .text.FF_VqdffComputation
                0x000000000800174c       0xbc build/feed_forward_ctrl.o
                0x000000000800174c                FF_VqdffComputation
 .text.FF_VqdConditioning
                0x0000000008001808       0x64 build/feed_forward_ctrl.o
                0x0000000008001808                FF_VqdConditioning
 .text.FF_DataProcess
                0x000000000800186c       0x2e build/feed_forward_ctrl.o
                0x000000000800186c                FF_DataProcess
 .text.FF_InitFOCAdditionalMethods
                0x000000000800189a       0x1c build/feed_forward_ctrl.o
                0x000000000800189a                FF_InitFOCAdditionalMethods
 .text.FF_GetVqdff
                0x00000000080018b6       0x16 build/feed_forward_ctrl.o
                0x00000000080018b6                FF_GetVqdff
 .text.FF_GetVqdAvPIout
                0x00000000080018cc       0x16 build/feed_forward_ctrl.o
                0x00000000080018cc                FF_GetVqdAvPIout
 *fill*         0x00000000080018e2        0x2 
 .text.MCP_ReceivedPacket
                0x00000000080018e4      0x1ac build/mcp.o
                0x00000000080018e4                MCP_ReceivedPacket
 .text.MCPA_stopDataLog
                0x0000000008001a90       0x36 build/mcpa.o
 *fill*         0x0000000008001ac6        0x2 
 .text.MCPA_dataLog
                0x0000000008001ac8      0x170 build/mcpa.o
                0x0000000008001ac8                MCPA_dataLog
 .text.MCPA_flushDataLog
                0x0000000008001c38       0x60 build/mcpa.o
                0x0000000008001c38                MCPA_flushDataLog
 .text.MCPA_cfgLog
                0x0000000008001c98       0xc2 build/mcpa.o
                0x0000000008001c98                MCPA_cfgLog
 .text.NTC_SetFaultState
                0x0000000008001d5a       0x1a build/ntc_temperature_sensor.o
                0x0000000008001d5a                NTC_SetFaultState
 .text.NTC_Clear
                0x0000000008001d74        0x6 build/ntc_temperature_sensor.o
                0x0000000008001d74                NTC_Clear
 .text.NTC_Init
                0x0000000008001d7a       0x24 build/ntc_temperature_sensor.o
                0x0000000008001d7a                NTC_Init
 .text.NTC_CalcAvTemp
                0x0000000008001d9e       0x3a build/ntc_temperature_sensor.o
                0x0000000008001d9e                NTC_CalcAvTemp
 .text.NTC_GetAvTemp_C
                0x0000000008001dd8       0x20 build/ntc_temperature_sensor.o
                0x0000000008001dd8                NTC_GetAvTemp_C
 .text.PID_HandleInit
                0x0000000008001df8       0x1a build/pid_regulator.o
                0x0000000008001df8                PID_HandleInit
 .text.PID_SetKP
                0x0000000008001e12        0x4 build/pid_regulator.o
                0x0000000008001e12                PID_SetKP
 .text.PID_SetKI
                0x0000000008001e16        0x4 build/pid_regulator.o
                0x0000000008001e16                PID_SetKI
 .text.PID_GetKP
                0x0000000008001e1a        0x6 build/pid_regulator.o
                0x0000000008001e1a                PID_GetKP
 .text.PID_GetKI
                0x0000000008001e20        0x6 build/pid_regulator.o
                0x0000000008001e20                PID_GetKI
 .text.PID_SetIntegralTerm
                0x0000000008001e26        0x4 build/pid_regulator.o
                0x0000000008001e26                PID_SetIntegralTerm
 .text.PID_GetKPDivisorPOW2
                0x0000000008001e2a        0x4 build/pid_regulator.o
                0x0000000008001e2a                PID_GetKPDivisorPOW2
 .text.PID_SetKPDivisorPOW2
                0x0000000008001e2e        0xc build/pid_regulator.o
                0x0000000008001e2e                PID_SetKPDivisorPOW2
 .text.PID_GetKIDivisor
                0x0000000008001e3a        0x4 build/pid_regulator.o
                0x0000000008001e3a                PID_GetKIDivisor
 .text.PID_GetKIDivisorPOW2
                0x0000000008001e3e        0x4 build/pid_regulator.o
                0x0000000008001e3e                PID_GetKIDivisorPOW2
 .text.PID_SetLowerIntegralTermLimit
                0x0000000008001e42        0x4 build/pid_regulator.o
                0x0000000008001e42                PID_SetLowerIntegralTermLimit
 .text.PID_SetUpperIntegralTermLimit
                0x0000000008001e46        0x4 build/pid_regulator.o
                0x0000000008001e46                PID_SetUpperIntegralTermLimit
 *fill*         0x0000000008001e4a        0x2 
 .text.PID_SetKIDivisorPOW2
                0x0000000008001e4c       0x28 build/pid_regulator.o
                0x0000000008001e4c                PID_SetKIDivisorPOW2
 .text.PID_SetKD
                0x0000000008001e74        0x4 build/pid_regulator.o
                0x0000000008001e74                PID_SetKD
 .text.PID_GetKD
                0x0000000008001e78        0x6 build/pid_regulator.o
                0x0000000008001e78                PID_GetKD
 .text.PID_GetKDDivisorPOW2
                0x0000000008001e7e        0x4 build/pid_regulator.o
                0x0000000008001e7e                PID_GetKDDivisorPOW2
 .text.PID_SetKDDivisorPOW2
                0x0000000008001e82        0xc build/pid_regulator.o
                0x0000000008001e82                PID_SetKDDivisorPOW2
 *fill*         0x0000000008001e8e        0x2 
 .text.PI_Controller
                0x0000000008001e90       0x8c build/pid_regulator.o
                0x0000000008001e90                PI_Controller
 .text.PQD_CalcElMotorPower
                0x0000000008001f1c       0x44 build/pqd_motor_power_measurement.o
                0x0000000008001f1c                PQD_CalcElMotorPower
 .text.PQD_Clear
                0x0000000008001f60        0x6 build/pqd_motor_power_measurement.o
                0x0000000008001f60                PQD_Clear
 .text.PQD_GetAvrgElMotorPowerW
                0x0000000008001f66       0x24 build/pqd_motor_power_measurement.o
                0x0000000008001f66                PQD_GetAvrgElMotorPowerW
 *fill*         0x0000000008001f8a        0x2 
 .text.startTimers
                0x0000000008001f8c       0x7c build/pwm_common.o
                0x0000000008001f8c                startTimers
 .text.waitForPolarizationEnd
                0x0000000008002008       0x3e build/pwm_common.o
                0x0000000008002008                waitForPolarizationEnd
 .text.RVBS_Clear
                0x0000000008002046       0x28 build/r_divider_bus_voltage_sensor.o
                0x0000000008002046                RVBS_Clear
 .text.RVBS_Init
                0x000000000800206e       0x16 build/r_divider_bus_voltage_sensor.o
                0x000000000800206e                RVBS_Init
 .text.RVBS_CheckFaultState
                0x0000000008002084       0x56 build/r_divider_bus_voltage_sensor.o
                0x0000000008002084                RVBS_CheckFaultState
 .text.RVBS_CalcAvVbus
                0x00000000080020da       0x62 build/r_divider_bus_voltage_sensor.o
                0x00000000080020da                RVBS_CalcAvVbus
 .text.REMNG_Init
                0x000000000800213c       0x10 build/ramp_ext_mngr.o
                0x000000000800213c                REMNG_Init
 .text.REMNG_Calc
                0x000000000800214c       0x2c build/ramp_ext_mngr.o
                0x000000000800214c                REMNG_Calc
 .text.REMNG_RampCompleted
                0x0000000008002178        0xc build/ramp_ext_mngr.o
                0x0000000008002178                REMNG_RampCompleted
 .text.getScalingFactor
                0x0000000008002184       0x28 build/ramp_ext_mngr.o
                0x0000000008002184                getScalingFactor
 .text.REMNG_ExecRamp
                0x00000000080021ac       0x88 build/ramp_ext_mngr.o
                0x00000000080021ac                REMNG_ExecRamp
 .text.RUC_Init
                0x0000000008002234       0x5c build/revup_ctrl.o
                0x0000000008002234                RUC_Init
 .text.RUC_Clear
                0x0000000008002290       0x90 build/revup_ctrl.o
                0x0000000008002290                RUC_Clear
 .text.RUC_Exec
                0x0000000008002320       0x70 build/revup_ctrl.o
                0x0000000008002320                RUC_Exec
 .text.RUC_FirstAccelerationStageReached
                0x0000000008002390       0x14 build/revup_ctrl.o
                0x0000000008002390                RUC_FirstAccelerationStageReached
 .text.RUC_SetPhase
                0x00000000080023a4       0x2a build/revup_ctrl.o
                0x00000000080023a4                RUC_SetPhase
 .text.RUC_GetNumberOfPhases
                0x00000000080023ce        0x6 build/revup_ctrl.o
                0x00000000080023ce                RUC_GetNumberOfPhases
 .text.RUC_GetPhase
                0x00000000080023d4       0x2a build/revup_ctrl.o
                0x00000000080023d4                RUC_GetPhase
 .text.SPD_GetElAngle
                0x00000000080023fe        0x6 build/speed_pos_fdbk.o
                0x00000000080023fe                SPD_GetElAngle
 .text.SPD_GetAvrgMecSpeedUnit
                0x0000000008002404        0x6 build/speed_pos_fdbk.o
                0x0000000008002404                SPD_GetAvrgMecSpeedUnit
 .text.SPD_GetElSpeedDpp
                0x000000000800240a        0x6 build/speed_pos_fdbk.o
                0x000000000800240a                SPD_GetElSpeedDpp
 .text.SPD_GetInstElSpeedDpp
                0x0000000008002410        0x6 build/speed_pos_fdbk.o
                0x0000000008002410                SPD_GetInstElSpeedDpp
 .text.SPD_IsMecSpeedReliable
                0x0000000008002416       0x68 build/speed_pos_fdbk.o
                0x0000000008002416                SPD_IsMecSpeedReliable
 .text.SPD_GetS16Speed
                0x000000000800247e       0x14 build/speed_pos_fdbk.o
                0x000000000800247e                SPD_GetS16Speed
 .text.STC_Init
                0x0000000008002492       0x24 build/speed_torq_ctrl.o
                0x0000000008002492                STC_Init
 .text.STC_SetSpeedSensor
                0x00000000080024b6        0x4 build/speed_torq_ctrl.o
                0x00000000080024b6                STC_SetSpeedSensor
 .text.STC_GetSpeedSensor
                0x00000000080024ba        0x4 build/speed_torq_ctrl.o
                0x00000000080024ba                STC_GetSpeedSensor
 .text.STC_Clear
                0x00000000080024be       0x14 build/speed_torq_ctrl.o
                0x00000000080024be                STC_Clear
 .text.STC_GetMecSpeedRefUnit
                0x00000000080024d2        0x6 build/speed_torq_ctrl.o
                0x00000000080024d2                STC_GetMecSpeedRefUnit
 .text.STC_GetTorqueRef
                0x00000000080024d8        0x6 build/speed_torq_ctrl.o
                0x00000000080024d8                STC_GetTorqueRef
 .text.STC_SetControlMode
                0x00000000080024de        0x8 build/speed_torq_ctrl.o
                0x00000000080024de                STC_SetControlMode
 *fill*         0x00000000080024e6        0x2 
 .text.STC_ExecRamp
                0x00000000080024e8       0xa0 build/speed_torq_ctrl.o
                0x00000000080024e8                STC_ExecRamp
 .text.STC_ExecSin
                0x0000000008002588      0x148 build/speed_torq_ctrl.o
                0x0000000008002588                STC_ExecSin
 .text.STC_StopRamp
                0x00000000080026d0        0x8 build/speed_torq_ctrl.o
                0x00000000080026d0                STC_StopRamp
 .text.STC_CalcTorqueReference
                0x00000000080026d8       0x52 build/speed_torq_ctrl.o
                0x00000000080026d8                STC_CalcTorqueReference
 .text.STC_GetDefaultIqdref
                0x000000000800272a       0x26 build/speed_torq_ctrl.o
                0x000000000800272a                STC_GetDefaultIqdref
 .text.STC_ForceSpeedReferenceToCurrentSpeed
                0x0000000008002750       0x10 build/speed_torq_ctrl.o
                0x0000000008002750                STC_ForceSpeedReferenceToCurrentSpeed
 .text.STO_InitSpeedBuffer
                0x0000000008002760       0x2e build/sto_pll_speed_pos_fdbk.o
 .text.STO_PLL_CalcElAngle
                0x000000000800278e      0x1f4 build/sto_pll_speed_pos_fdbk.o
                0x000000000800278e                STO_PLL_CalcElAngle
 .text.STO_PLL_CalcAvrgMecSpeedUnit
                0x0000000008002982      0x16c build/sto_pll_speed_pos_fdbk.o
                0x0000000008002982                STO_PLL_CalcAvrgMecSpeedUnit
 .text.STO_PLL_CalcAvrgElSpeedDpp
                0x0000000008002aee       0x68 build/sto_pll_speed_pos_fdbk.o
                0x0000000008002aee                STO_PLL_CalcAvrgElSpeedDpp
 .text.STO_PLL_Clear
                0x0000000008002b56       0x46 build/sto_pll_speed_pos_fdbk.o
                0x0000000008002b56                STO_PLL_Clear
 .text.STO_PLL_Init
                0x0000000008002b9c       0x68 build/sto_pll_speed_pos_fdbk.o
                0x0000000008002b9c                STO_PLL_Init
 .text.STO_PLL_IsObserverConverged
                0x0000000008002c04       0xd2 build/sto_pll_speed_pos_fdbk.o
                0x0000000008002c04                STO_PLL_IsObserverConverged
 .text.STO_PLL_GetEstimatedBemf
                0x0000000008002cd6       0x26 build/sto_pll_speed_pos_fdbk.o
                0x0000000008002cd6                STO_PLL_GetEstimatedBemf
 .text.STO_PLL_GetEstimatedCurrent
                0x0000000008002cfc       0x2a build/sto_pll_speed_pos_fdbk.o
                0x0000000008002cfc                STO_PLL_GetEstimatedCurrent
 .text.STO_PLL_GetObserverGains
                0x0000000008002d26        0xe build/sto_pll_speed_pos_fdbk.o
                0x0000000008002d26                STO_PLL_GetObserverGains
 .text.STO_PLL_SetObserverGains
                0x0000000008002d34        0x6 build/sto_pll_speed_pos_fdbk.o
                0x0000000008002d34                STO_PLL_SetObserverGains
 .text.STO_OTF_ResetPLL
                0x0000000008002d3a        0xe build/sto_pll_speed_pos_fdbk.o
                0x0000000008002d3a                STO_OTF_ResetPLL
 .text.STO_ResetPLL
                0x0000000008002d48        0xc build/sto_pll_speed_pos_fdbk.o
                0x0000000008002d48                STO_ResetPLL
 .text.STO_PLL_GetEstimatedBemfLevel
                0x0000000008002d54        0x6 build/sto_pll_speed_pos_fdbk.o
                0x0000000008002d54                STO_PLL_GetEstimatedBemfLevel
 .text.STO_PLL_GetObservedBemfLevel
                0x0000000008002d5a        0x6 build/sto_pll_speed_pos_fdbk.o
                0x0000000008002d5a                STO_PLL_GetObservedBemfLevel
 .text.STO_PLL_IsVarianceTight
                0x0000000008002d60        0x8 build/sto_pll_speed_pos_fdbk.o
                0x0000000008002d60                STO_PLL_IsVarianceTight
 .text.STO_PLL_ForceConvergency1
                0x0000000008002d68        0xa build/sto_pll_speed_pos_fdbk.o
                0x0000000008002d68                STO_PLL_ForceConvergency1
 .text.STO_PLL_ForceConvergency2
                0x0000000008002d72        0xa build/sto_pll_speed_pos_fdbk.o
                0x0000000008002d72                STO_PLL_ForceConvergency2
 .text.STO_SetDirection
                0x0000000008002d7c        0x6 build/sto_pll_speed_pos_fdbk.o
                0x0000000008002d7c                STO_SetDirection
 .text.VSS_Clear
                0x0000000008002d82       0x2e build/virtual_speed_sensor.o
                0x0000000008002d82                VSS_Clear
 .text.VSS_Init
                0x0000000008002db0        0x8 build/virtual_speed_sensor.o
                0x0000000008002db0                VSS_Init
 .text.VSS_CalcElAngle
                0x0000000008002db8       0xa0 build/virtual_speed_sensor.o
                0x0000000008002db8                VSS_CalcElAngle
 .text.VSS_CalcAvrgMecSpeedUnit
                0x0000000008002e58       0x84 build/virtual_speed_sensor.o
                0x0000000008002e58                VSS_CalcAvrgMecSpeedUnit
 .text.VSS_SetMecAngle
                0x0000000008002edc        0xe build/virtual_speed_sensor.o
                0x0000000008002edc                VSS_SetMecAngle
 *fill*         0x0000000008002eea        0x2 
 .text.VSS_SetMecAcceleration
                0x0000000008002eec       0x88 build/virtual_speed_sensor.o
                0x0000000008002eec                VSS_SetMecAcceleration
 .text.VSS_SetStartTransition
                0x0000000008002f74       0x24 build/virtual_speed_sensor.o
                0x0000000008002f74                VSS_SetStartTransition
 .text.VSS_TransitionEnded
                0x0000000008002f98        0x6 build/virtual_speed_sensor.o
                0x0000000008002f98                VSS_TransitionEnded
 *fill*         0x0000000008002f9e        0x2 
 .text.R3_2_ADCxInit
                0x0000000008002fa0       0xc0 build/r3_2_g4xx_pwm_curr_fdbk.o
 .text.R3_2_TIMxInit
                0x0000000008003060       0xfa build/r3_2_g4xx_pwm_curr_fdbk.o
 .text.R3_2_GetPhaseCurrents
                0x000000000800315a      0x148 build/r3_2_g4xx_pwm_curr_fdbk.o
                0x000000000800315a                R3_2_GetPhaseCurrents
 *fill*         0x00000000080032a2        0x2 
 .text.R3_2_SetADCSampPointPolarization
                0x00000000080032a4       0x3c build/r3_2_g4xx_pwm_curr_fdbk.o
                0x00000000080032a4                R3_2_SetADCSampPointPolarization
 .text.R3_2_HFCurrentsPolarizationAB
                0x00000000080032e0       0x64 build/r3_2_g4xx_pwm_curr_fdbk.o
 .text.R3_2_HFCurrentsPolarizationC
                0x0000000008003344       0x52 build/r3_2_g4xx_pwm_curr_fdbk.o
 .text.R3_2_TurnOnLowSides
                0x0000000008003396       0x60 build/r3_2_g4xx_pwm_curr_fdbk.o
                0x0000000008003396                R3_2_TurnOnLowSides
 .text.R3_2_SwitchOnPWM
                0x00000000080033f6       0xc6 build/r3_2_g4xx_pwm_curr_fdbk.o
                0x00000000080033f6                R3_2_SwitchOnPWM
 .text.R3_2_SwitchOffPWM
                0x00000000080034bc       0x6c build/r3_2_g4xx_pwm_curr_fdbk.o
                0x00000000080034bc                R3_2_SwitchOffPWM
 .text.R3_2_SetAOReferenceVoltage
                0x0000000008003528       0x88 build/r3_2_g4xx_pwm_curr_fdbk.o
 .text.R3_2_RLGetPhaseCurrents
                0x00000000080035b0       0x5c build/r3_2_g4xx_pwm_curr_fdbk.o
 .text.R3_2_RLTurnOnLowSides
                0x000000000800360c       0x56 build/r3_2_g4xx_pwm_curr_fdbk.o
 .text.R3_2_RLSwitchOnPWM
                0x0000000008003662       0xde build/r3_2_g4xx_pwm_curr_fdbk.o
 .text.R3_2_Init
                0x0000000008003740      0x1c8 build/r3_2_g4xx_pwm_curr_fdbk.o
                0x0000000008003740                R3_2_Init
 .text.R3_2_SetOffsetCalib
                0x0000000008003908       0x14 build/r3_2_g4xx_pwm_curr_fdbk.o
                0x0000000008003908                R3_2_SetOffsetCalib
 .text.R3_2_GetOffsetCalib
                0x000000000800391c        0xe build/r3_2_g4xx_pwm_curr_fdbk.o
                0x000000000800391c                R3_2_GetOffsetCalib
 *fill*         0x000000000800392a        0x2 
 .text.R3_2_CurrentReadingPolarization
                0x000000000800392c      0x18c build/r3_2_g4xx_pwm_curr_fdbk.o
                0x000000000800392c                R3_2_CurrentReadingPolarization
 .text.R3_2_SetADCSampPointSectX
                0x0000000008003ab8       0x90 build/r3_2_g4xx_pwm_curr_fdbk.o
                0x0000000008003ab8                R3_2_SetADCSampPointSectX
 .text.R3_2_TIMx_UP_IRQHandler
                0x0000000008003b48       0xd2 build/r3_2_g4xx_pwm_curr_fdbk.o
                0x0000000008003b48                R3_2_TIMx_UP_IRQHandler
 .text.R3_2_BRK2_IRQHandler
                0x0000000008003c1a       0x46 build/r3_2_g4xx_pwm_curr_fdbk.o
                0x0000000008003c1a                R3_2_BRK2_IRQHandler
 .text.R3_2_BRK_IRQHandler
                0x0000000008003c60       0x20 build/r3_2_g4xx_pwm_curr_fdbk.o
                0x0000000008003c60                R3_2_BRK_IRQHandler
 .text.R3_2_IsOverCurrentOccurred
                0x0000000008003c80       0x26 build/r3_2_g4xx_pwm_curr_fdbk.o
                0x0000000008003c80                R3_2_IsOverCurrentOccurred
 *fill*         0x0000000008003ca6        0x2 
 .text.R3_2_RLDetectionModeEnable
                0x0000000008003ca8       0xd4 build/r3_2_g4xx_pwm_curr_fdbk.o
                0x0000000008003ca8                R3_2_RLDetectionModeEnable
 .text.R3_2_RLDetectionModeDisable
                0x0000000008003d7c      0x108 build/r3_2_g4xx_pwm_curr_fdbk.o
                0x0000000008003d7c                R3_2_RLDetectionModeDisable
 .text.R3_2_RLDetectionModeSetDuty
                0x0000000008003e84       0x84 build/r3_2_g4xx_pwm_curr_fdbk.o
                0x0000000008003e84                R3_2_RLDetectionModeSetDuty
 .text.ASPEP_ComputeHeaderCRC
                0x0000000008003f08       0x38 build/aspep.o
 .text.ASPEP_CheckHeaderCRC
                0x0000000008003f40       0x28 build/aspep.o
 .text.ASPEP_TXframeProcess
                0x0000000008003f68       0xb2 build/aspep.o
 .text.ASPEP_sendNack
                0x000000000800401a       0x1c build/aspep.o
 .text.ASPEP_start
                0x0000000008004036       0x26 build/aspep.o
                0x0000000008004036                ASPEP_start
 .text.ASPEP_sendBeacon
                0x000000000800405c       0x32 build/aspep.o
                0x000000000800405c                ASPEP_sendBeacon
 .text.ASPEP_sendPing
                0x000000000800408e       0x3c build/aspep.o
                0x000000000800408e                ASPEP_sendPing
 .text.ASPEP_getBuffer
                0x00000000080040ca       0x70 build/aspep.o
                0x00000000080040ca                ASPEP_getBuffer
 .text.ASPEP_CheckBeacon
                0x000000000800413a       0x82 build/aspep.o
                0x000000000800413a                ASPEP_CheckBeacon
 .text.ASPEP_sendPacket
                0x00000000080041bc       0x50 build/aspep.o
                0x00000000080041bc                ASPEP_sendPacket
 .text.ASPEP_HWDataTransmittedIT
                0x000000000800420c       0xa2 build/aspep.o
                0x000000000800420c                ASPEP_HWDataTransmittedIT
 .text.ASPEP_RXframeProcess
                0x00000000080042ae      0x13e build/aspep.o
                0x00000000080042ae                ASPEP_RXframeProcess
 .text.ASPEP_HWDataReceivedIT
                0x00000000080043ec       0x8c build/aspep.o
                0x00000000080043ec                ASPEP_HWDataReceivedIT
 .text.ASPEP_HWDMAReset
                0x0000000008004478       0x16 build/aspep.o
                0x0000000008004478                ASPEP_HWDMAReset
 *fill*         0x000000000800448e        0x2 
 .text.getTickMSCounter
                0x0000000008004490        0xc build/debug_scope.o
                0x0000000008004490                getTickMSCounter
 .text.DebugScopeInsertData
                0x000000000800449c       0xce build/debug_scope.o
                0x000000000800449c                DebugScopeInsertData
 .text.DebugScopeStartWrite
                0x000000000800456a       0x16 build/debug_scope.o
                0x000000000800456a                DebugScopeStartWrite
 .text.MX_NVIC_Init
                0x0000000008004580      0x1a4 build/main.o
 .text.MX_CORDIC_Init
                0x0000000008004724       0x20 build/main.o
 .text.MX_DMA_Init
                0x0000000008004744       0x30 build/main.o
 .text.MX_GPIO_Init
                0x0000000008004774      0x1cc build/main.o
 .text.MX_ADC1_Init
                0x0000000008004940      0x244 build/main.o
 .text.MX_ADC2_Init
                0x0000000008004b84      0x194 build/main.o
 .text.MX_COMP1_Init
                0x0000000008004d18       0xa4 build/main.o
 .text.MX_COMP2_Init
                0x0000000008004dbc       0xa4 build/main.o
 .text.MX_COMP4_Init
                0x0000000008004e60       0xa4 build/main.o
 .text.MX_DAC3_Init
                0x0000000008004f04       0x88 build/main.o
 .text.MX_OPAMP1_Init
                0x0000000008004f8c       0xac build/main.o
 .text.MX_OPAMP2_Init
                0x0000000008005038       0xa8 build/main.o
 .text.MX_OPAMP3_Init
                0x00000000080050e0       0xa8 build/main.o
 .text.MX_TIM4_Init
                0x0000000008005188      0x104 build/main.o
 .text.MX_TIM1_Init
                0x000000000800528c      0x30c build/main.o
 .text.MX_USART2_UART_Init
                0x0000000008005598      0x1b0 build/main.o
 .text.Error_Handler
                0x0000000008005748        0x4 build/main.o
                0x0000000008005748                Error_Handler
 .text.SystemClock_Config
                0x000000000800574c      0x114 build/main.o
                0x000000000800574c                SystemClock_Config
 .text.main     0x0000000008005860       0x70 build/main.o
                0x0000000008005860                main
 .text.MC_StartMotor1
                0x00000000080058d0       0x20 build/mc_api.o
                0x00000000080058d0                MC_StartMotor1
 .text.MC_StopMotor1
                0x00000000080058f0       0x10 build/mc_api.o
                0x00000000080058f0                MC_StopMotor1
 .text.MC_GetSTMStateMotor1
                0x0000000008005900       0x10 build/mc_api.o
                0x0000000008005900                MC_GetSTMStateMotor1
 .text.MC_ProfilerCommand
                0x0000000008005910        0x4 build/mc_api.o
                0x0000000008005910                MC_ProfilerCommand
 .text.MC_APP_BootHook
                0x0000000008005914        0x2 build/mc_app_hooks.o
                0x0000000008005914                MC_APP_BootHook
 .text.MC_APP_PostMediumFrequencyHook_M1
                0x0000000008005916        0x2 build/mc_app_hooks.o
                0x0000000008005916                MC_APP_PostMediumFrequencyHook_M1
 .text.MCI_Init
                0x0000000008005918       0x2a build/mc_interface.o
                0x0000000008005918                MCI_Init
 .text.MCI_ExecSpeedRamp
                0x0000000008005942       0x14 build/mc_interface.o
                0x0000000008005942                MCI_ExecSpeedRamp
 .text.MCI_ExecSpeedSin
                0x0000000008005956       0x1e build/mc_interface.o
                0x0000000008005956                MCI_ExecSpeedSin
 .text.MCI_ExecTorqueSin
                0x0000000008005974       0x1e build/mc_interface.o
                0x0000000008005974                MCI_ExecTorqueSin
 .text.MCI_ExecTorqueRamp
                0x0000000008005992       0x16 build/mc_interface.o
                0x0000000008005992                MCI_ExecTorqueRamp
 .text.MCI_SetCurrentReferences
                0x00000000080059a8       0x1c build/mc_interface.o
                0x00000000080059a8                MCI_SetCurrentReferences
 .text.MCI_FaultProcessing
                0x00000000080059c4       0x12 build/mc_interface.o
                0x00000000080059c4                MCI_FaultProcessing
 .text.MCI_ExecBufferedCommands
                0x00000000080059d6       0xd4 build/mc_interface.o
                0x00000000080059d6                MCI_ExecBufferedCommands
 .text.MCI_GetSTMState
                0x0000000008005aaa        0x6 build/mc_interface.o
                0x0000000008005aaa                MCI_GetSTMState
 .text.MCI_GetOccurredFaults
                0x0000000008005ab0        0x4 build/mc_interface.o
                0x0000000008005ab0                MCI_GetOccurredFaults
 .text.MCI_GetCurrentFaults
                0x0000000008005ab4        0x4 build/mc_interface.o
                0x0000000008005ab4                MCI_GetCurrentFaults
 .text.MCI_StartMotor
                0x0000000008005ab8       0x32 build/mc_interface.o
                0x0000000008005ab8                MCI_StartMotor
 .text.MCI_StopMotor
                0x0000000008005aea       0x3e build/mc_interface.o
                0x0000000008005aea                MCI_StopMotor
 .text.MCI_FaultAcknowledged
                0x0000000008005b28       0x2a build/mc_interface.o
                0x0000000008005b28                MCI_FaultAcknowledged
 .text.MCI_GetFaultState
                0x0000000008005b52        0xa build/mc_interface.o
                0x0000000008005b52                MCI_GetFaultState
 .text.MCI_GetControlMode
                0x0000000008005b5c        0x6 build/mc_interface.o
                0x0000000008005b5c                MCI_GetControlMode
 .text.MCI_GetImposedMotorDirection
                0x0000000008005b62       0x4a build/mc_interface.o
                0x0000000008005b62                MCI_GetImposedMotorDirection
 .text.MCI_GetLastRampFinalSpeed
                0x0000000008005bac        0x6 build/mc_interface.o
                0x0000000008005bac                MCI_GetLastRampFinalSpeed
 .text.MCI_GetLastRampFinalTorque
                0x0000000008005bb2        0x6 build/mc_interface.o
                0x0000000008005bb2                MCI_GetLastRampFinalTorque
 .text.MCI_GetLastRampFinalDuration
                0x0000000008005bb8        0x4 build/mc_interface.o
                0x0000000008005bb8                MCI_GetLastRampFinalDuration
 .text.MCI_StopRamp
                0x0000000008005bbc        0xa build/mc_interface.o
                0x0000000008005bbc                MCI_StopRamp
 .text.MCI_GetAvrgMecSpeedUnit
                0x0000000008005bc6        0xe build/mc_interface.o
                0x0000000008005bc6                MCI_GetAvrgMecSpeedUnit
 .text.MCI_GetMecSpeedRefUnit
                0x0000000008005bd4        0xa build/mc_interface.o
                0x0000000008005bd4                MCI_GetMecSpeedRefUnit
 .text.MCI_GetIab
                0x0000000008005bde       0x1a build/mc_interface.o
                0x0000000008005bde                MCI_GetIab
 .text.MCI_GetIalphabeta
                0x0000000008005bf8       0x1a build/mc_interface.o
                0x0000000008005bf8                MCI_GetIalphabeta
 .text.MCI_GetIqd
                0x0000000008005c12       0x1a build/mc_interface.o
                0x0000000008005c12                MCI_GetIqd
 .text.MCI_GetIqdref
                0x0000000008005c2c       0x1a build/mc_interface.o
                0x0000000008005c2c                MCI_GetIqdref
 .text.MCI_GetVqd
                0x0000000008005c46       0x1c build/mc_interface.o
                0x0000000008005c46                MCI_GetVqd
 .text.MCI_GetValphabeta
                0x0000000008005c62       0x1c build/mc_interface.o
                0x0000000008005c62                MCI_GetValphabeta
 .text.MCI_GetTeref
                0x0000000008005c7e        0x8 build/mc_interface.o
                0x0000000008005c7e                MCI_GetTeref
 .text.MCI_Clear_Iqdref
                0x0000000008005c86       0x14 build/mc_interface.o
                0x0000000008005c86                MCI_Clear_Iqdref
 *fill*         0x0000000008005c9a        0x2 
 .text.MCM_Clarke
                0x0000000008005c9c       0x64 build/mc_math.o
                0x0000000008005c9c                MCM_Clarke
 .text.MCM_Trig_Functions
                0x0000000008005d00       0x2c build/mc_math.o
                0x0000000008005d00                MCM_Trig_Functions
 .text.MCM_Park
                0x0000000008005d2c       0x9c build/mc_math.o
                0x0000000008005d2c                MCM_Park
 .text.MCM_Rev_Park
                0x0000000008005dc8       0x4c build/mc_math.o
                0x0000000008005dc8                MCM_Rev_Park
 .text.MCM_Sqrt
                0x0000000008005e14       0x20 build/mc_math.o
                0x0000000008005e14                MCM_Sqrt
 .text.mechanicalAngleCalculation
                0x0000000008005e34       0xa8 build/mc_tasks.o
                0x0000000008005e34                mechanicalAngleCalculation
 .text.FOC_Clear
                0x0000000008005edc       0x9c build/mc_tasks.o
                0x0000000008005edc                FOC_Clear
 .text.MCboot   0x0000000008005f78      0x17c build/mc_tasks.o
                0x0000000008005f78                MCboot
 .text.FOC_InitAdditionalMethods
                0x00000000080060f4       0x1c build/mc_tasks.o
                0x00000000080060f4                FOC_InitAdditionalMethods
 .text.FOC_CalcCurrRef
                0x0000000008006110       0x54 build/mc_tasks.o
                0x0000000008006110                FOC_CalcCurrRef
 .text.TSK_SetChargeBootCapDelayM1
                0x0000000008006164        0xc build/mc_tasks.o
                0x0000000008006164                TSK_SetChargeBootCapDelayM1
 .text.TSK_ChargeBootCapDelayHasElapsedM1
                0x0000000008006170       0x14 build/mc_tasks.o
                0x0000000008006170                TSK_ChargeBootCapDelayHasElapsedM1
 .text.TSK_SetStopPermanencyTimeM1
                0x0000000008006184        0xc build/mc_tasks.o
                0x0000000008006184                TSK_SetStopPermanencyTimeM1
 .text.TSK_MF_StopProcessing
                0x0000000008006190       0x44 build/mc_tasks.o
                0x0000000008006190                TSK_MF_StopProcessing
 .text.TSK_StopPermanencyTimeHasElapsedM1
                0x00000000080061d4       0x14 build/mc_tasks.o
                0x00000000080061d4                TSK_StopPermanencyTimeHasElapsedM1
 .text.TSK_MediumFrequencyTaskM1
                0x00000000080061e8      0x4f4 build/mc_tasks.o
                0x00000000080061e8                TSK_MediumFrequencyTaskM1
 .text.MC_Scheduler
                0x00000000080066dc       0x9c build/mc_tasks.o
                0x00000000080066dc                MC_Scheduler
 .text.TSK_HighFrequencyTask
                0x0000000008006778      0x1bc build/mc_tasks.o
                0x0000000008006778                TSK_HighFrequencyTask
 .text.TSK_SafetyTask_PWMOFF
                0x0000000008006934       0xa4 build/mc_tasks.o
                0x0000000008006934                TSK_SafetyTask_PWMOFF
 .text.TSK_SafetyTask
                0x00000000080069d8       0x20 build/mc_tasks.o
                0x00000000080069d8                TSK_SafetyTask
 .text.MC_RunMotorControlTasks
                0x00000000080069f8       0x18 build/mc_tasks.o
                0x00000000080069f8                MC_RunMotorControlTasks
 .text.TSK_HardwareFaultTask
                0x0000000008006a10       0x20 build/mc_tasks.o
                0x0000000008006a10                TSK_HardwareFaultTask
 .text.UI_HandleStartStopButton_cb
                0x0000000008006a30       0x14 build/mc_tasks.o
                0x0000000008006a30                UI_HandleStartStopButton_cb
 .text.mc_lock_pins
                0x0000000008006a44      0x1b0 build/mc_tasks.o
                0x0000000008006a44                mc_lock_pins
 .text.MX_MotorControl_Init
                0x0000000008006bf4       0x38 build/motorcontrol.o
                0x0000000008006bf4                MX_MotorControl_Init
 .text.PWMC_GetPhaseCurrents
                0x0000000008006c2c        0x8 build/pwm_curr_fdbk.o
                0x0000000008006c2c                PWMC_GetPhaseCurrents
 .text.PWMC_SetPhaseVoltage
                0x0000000008006c34      0x2ca build/pwm_curr_fdbk.o
                0x0000000008006c34                PWMC_SetPhaseVoltage
 .text.PWMC_SwitchOffPWM
                0x0000000008006efe        0x8 build/pwm_curr_fdbk.o
                0x0000000008006efe                PWMC_SwitchOffPWM
 .text.PWMC_SwitchOnPWM
                0x0000000008006f06        0x8 build/pwm_curr_fdbk.o
                0x0000000008006f06                PWMC_SwitchOnPWM
 .text.PWMC_CurrentReadingCalibr
                0x0000000008006f0e       0x3c build/pwm_curr_fdbk.o
                0x0000000008006f0e                PWMC_CurrentReadingCalibr
 .text.PWMC_CheckOverCurrent
                0x0000000008006f4a        0x8 build/pwm_curr_fdbk.o
                0x0000000008006f4a                PWMC_CheckOverCurrent
 .text.RI_MovString
                0x0000000008006f52       0x2e build/register_interface.o
 .text.RI_SetReg
                0x0000000008006f80      0x750 build/register_interface.o
 .text.RI_GetReg
                0x00000000080076d0      0x874 build/register_interface.o
 .text.RI_SetRegCommandParser
                0x0000000008007f44       0x92 build/register_interface.o
                0x0000000008007f44                RI_SetRegCommandParser
 .text.RI_GetRegCommandParser
                0x0000000008007fd6       0x5a build/register_interface.o
                0x0000000008007fd6                RI_GetRegCommandParser
 .text.RI_GetIDSize
                0x0000000008008030       0x20 build/register_interface.o
                0x0000000008008030                RI_GetIDSize
 .text.RI_GetPtrReg
                0x0000000008008050      0x178 build/register_interface.o
                0x0000000008008050                RI_GetPtrReg
 .text.RCM_RegisterRegConv
                0x00000000080081c8      0x130 build/regular_conversion_manager.o
                0x00000000080081c8                RCM_RegisterRegConv
 .text.RCM_ExecRegularConv
                0x00000000080082f8      0x17c build/regular_conversion_manager.o
                0x00000000080082f8                RCM_ExecRegularConv
 .text.RCM_ExecUserConv
                0x0000000008008474       0x60 build/regular_conversion_manager.o
                0x0000000008008474                RCM_ExecUserConv
 .text.RCM_ExecNextConv
                0x00000000080084d4       0xa0 build/regular_conversion_manager.o
                0x00000000080084d4                RCM_ExecNextConv
 .text.RCM_ReadOngoingConv
                0x0000000008008574       0x5c build/regular_conversion_manager.o
                0x0000000008008574                RCM_ReadOngoingConv
 .text.HAL_MspInit
                0x00000000080085d0       0x40 build/stm32g4xx_hal_msp.o
                0x00000000080085d0                HAL_MspInit
 .text.EXTI9_5_IRQHandler
                0x0000000008008610       0xbc build/stm32g4xx_it.o
                0x0000000008008610                EXTI9_5_IRQHandler
 .text.ADC1_2_IRQHandler
                0x00000000080086cc       0x10 build/stm32g4xx_mc_it.o
                0x00000000080086cc                ADC1_2_IRQHandler
 .text.TIM1_UP_TIM16_IRQHandler
                0x00000000080086dc       0x1c build/stm32g4xx_mc_it.o
                0x00000000080086dc                TIM1_UP_TIM16_IRQHandler
 .text.TIM1_BRK_TIM15_IRQHandler
                0x00000000080086f8       0x40 build/stm32g4xx_mc_it.o
                0x00000000080086f8                TIM1_BRK_TIM15_IRQHandler
 .text.TIM4_IRQHandler
                0x0000000008008738       0x28 build/stm32g4xx_mc_it.o
                0x0000000008008738                TIM4_IRQHandler
 .text.DMA1_Channel1_IRQHandler
                0x0000000008008760       0x24 build/stm32g4xx_mc_it.o
                0x0000000008008760                DMA1_Channel1_IRQHandler
 .text.USART2_IRQHandler
                0x0000000008008784      0x100 build/stm32g4xx_mc_it.o
                0x0000000008008784                USART2_IRQHandler
 .text.HardFault_Handler
                0x0000000008008884        0x8 build/stm32g4xx_mc_it.o
                0x0000000008008884                HardFault_Handler
 .text.SysTick_Handler
                0x000000000800888c       0x2c build/stm32g4xx_mc_it.o
                0x000000000800888c                SysTick_Handler
 .text.EXTI15_10_IRQHandler
                0x00000000080088b8       0x20 build/stm32g4xx_mc_it.o
                0x00000000080088b8                EXTI15_10_IRQHandler
 .text.SystemInit
                0x00000000080088d8       0x14 build/system_stm32g4xx.o
                0x00000000080088d8                SystemInit
 .text.UASPEP_DAMCONFIG_TX
                0x00000000080088ec       0x54 build/usart_aspep_driver.o
                0x00000000080088ec                UASPEP_DAMCONFIG_TX
 .text.UASPEP_DAMCONFIG_RX
                0x0000000008008940       0x68 build/usart_aspep_driver.o
                0x0000000008008940                UASPEP_DAMCONFIG_RX
 .text.UASPEP_INIT
                0x00000000080089a8       0x10 build/usart_aspep_driver.o
                0x00000000080089a8                UASPEP_INIT
 .text.UASPEP_SEND_PACKET
                0x00000000080089b8       0x44 build/usart_aspep_driver.o
                0x00000000080089b8                UASPEP_SEND_PACKET
 .text.UASPEP_RECEIVE_BUFFER
                0x00000000080089fc       0x44 build/usart_aspep_driver.o
                0x00000000080089fc                UASPEP_RECEIVE_BUFFER
 .text.UASPEP_IDLE_ENABLE
                0x0000000008008a40       0x1a build/usart_aspep_driver.o
                0x0000000008008a40                UASPEP_IDLE_ENABLE
 *fill*         0x0000000008008a5a        0x2 
 .text.Reset_Handler
                0x0000000008008a5c       0x50 build/startup_stm32g431xx.o
                0x0000000008008a5c                Reset_Handler
 .text.Default_Handler
                0x0000000008008aac        0x2 build/startup_stm32g431xx.o
                0x0000000008008aac                RTC_Alarm_IRQHandler
                0x0000000008008aac                EXTI2_IRQHandler
                0x0000000008008aac                TIM8_TRG_COM_IRQHandler
                0x0000000008008aac                TIM8_CC_IRQHandler
                0x0000000008008aac                DebugMon_Handler
                0x0000000008008aac                TIM1_CC_IRQHandler
                0x0000000008008aac                USB_HP_IRQHandler
                0x0000000008008aac                CORDIC_IRQHandler
                0x0000000008008aac                PendSV_Handler
                0x0000000008008aac                NMI_Handler
                0x0000000008008aac                EXTI3_IRQHandler
                0x0000000008008aac                I2C3_ER_IRQHandler
                0x0000000008008aac                EXTI0_IRQHandler
                0x0000000008008aac                I2C2_EV_IRQHandler
                0x0000000008008aac                FPU_IRQHandler
                0x0000000008008aac                FDCAN1_IT1_IRQHandler
                0x0000000008008aac                UsageFault_Handler
                0x0000000008008aac                SPI1_IRQHandler
                0x0000000008008aac                TIM6_DAC_IRQHandler
                0x0000000008008aac                TIM8_UP_IRQHandler
                0x0000000008008aac                DMA2_Channel2_IRQHandler
                0x0000000008008aac                DMA1_Channel4_IRQHandler
                0x0000000008008aac                USART3_IRQHandler
                0x0000000008008aac                DMA2_Channel1_IRQHandler
                0x0000000008008aac                I2C1_EV_IRQHandler
                0x0000000008008aac                DMA1_Channel6_IRQHandler
                0x0000000008008aac                UART4_IRQHandler
                0x0000000008008aac                DMA2_Channel4_IRQHandler
                0x0000000008008aac                TIM3_IRQHandler
                0x0000000008008aac                RCC_IRQHandler
                0x0000000008008aac                Default_Handler
                0x0000000008008aac                RTC_TAMP_LSECSS_IRQHandler
                0x0000000008008aac                FMAC_IRQHandler
                0x0000000008008aac                TIM7_IRQHandler
                0x0000000008008aac                UCPD1_IRQHandler
                0x0000000008008aac                I2C3_EV_IRQHandler
                0x0000000008008aac                RTC_WKUP_IRQHandler
                0x0000000008008aac                PVD_PVM_IRQHandler
                0x0000000008008aac                SPI2_IRQHandler
                0x0000000008008aac                MemManage_Handler
                0x0000000008008aac                SVC_Handler
                0x0000000008008aac                DMA2_Channel5_IRQHandler
                0x0000000008008aac                CRS_IRQHandler
                0x0000000008008aac                DMA1_Channel5_IRQHandler
                0x0000000008008aac                USB_LP_IRQHandler
                0x0000000008008aac                EXTI4_IRQHandler
                0x0000000008008aac                RNG_IRQHandler
                0x0000000008008aac                TIM1_TRG_COM_TIM17_IRQHandler
                0x0000000008008aac                DMA1_Channel3_IRQHandler
                0x0000000008008aac                WWDG_IRQHandler
                0x0000000008008aac                LPUART1_IRQHandler
                0x0000000008008aac                DMA2_Channel6_IRQHandler
                0x0000000008008aac                FDCAN1_IT0_IRQHandler
                0x0000000008008aac                TIM2_IRQHandler
                0x0000000008008aac                COMP1_2_3_IRQHandler
                0x0000000008008aac                EXTI1_IRQHandler
                0x0000000008008aac                I2C2_ER_IRQHandler
                0x0000000008008aac                DMA1_Channel2_IRQHandler
                0x0000000008008aac                TIM8_BRK_IRQHandler
                0x0000000008008aac                FLASH_IRQHandler
                0x0000000008008aac                BusFault_Handler
                0x0000000008008aac                USART1_IRQHandler
                0x0000000008008aac                SPI3_IRQHandler
                0x0000000008008aac                I2C1_ER_IRQHandler
                0x0000000008008aac                LPTIM1_IRQHandler
                0x0000000008008aac                DMAMUX_OVR_IRQHandler
                0x0000000008008aac                USBWakeUp_IRQHandler
                0x0000000008008aac                SAI1_IRQHandler
                0x0000000008008aac                DMA2_Channel3_IRQHandler
                0x0000000008008aac                COMP4_IRQHandler
 *(.glue_7)
 .glue_7        0x0000000008008aae        0x0 linker stubs
 *(.glue_7t)
 .glue_7t       0x0000000008008aae        0x0 linker stubs
 *(.eh_frame)
 *fill*         0x0000000008008aae        0x2 
 .eh_frame      0x0000000008008ab0        0x0 /usr/lib/gcc/arm-none-eabi/9.2.1/thumb/v7e-m+fp/hard/crtbegin.o
 *(.init)
 .init          0x0000000008008ab0        0x4 /usr/lib/gcc/arm-none-eabi/9.2.1/thumb/v7e-m+fp/hard/crti.o
                0x0000000008008ab0                _init
 .init          0x0000000008008ab4        0x8 /usr/lib/gcc/arm-none-eabi/9.2.1/thumb/v7e-m+fp/hard/crtn.o
 *(.fini)
 .fini          0x0000000008008abc        0x4 /usr/lib/gcc/arm-none-eabi/9.2.1/thumb/v7e-m+fp/hard/crti.o
                0x0000000008008abc                _fini
 .fini          0x0000000008008ac0        0x8 /usr/lib/gcc/arm-none-eabi/9.2.1/thumb/v7e-m+fp/hard/crtn.o
                0x0000000008008ac8                . = ALIGN (0x4)
                0x0000000008008ac8                _etext = .

.vfp11_veneer   0x0000000008008ac8        0x0
 .vfp11_veneer  0x0000000008008ac8        0x0 linker stubs

.v4_bx          0x0000000008008ac8        0x0
 .v4_bx         0x0000000008008ac8        0x0 linker stubs

.iplt           0x0000000008008ac8        0x0
 .iplt          0x0000000008008ac8        0x0 /usr/lib/gcc/arm-none-eabi/9.2.1/thumb/v7e-m+fp/hard/crtbegin.o

.rodata         0x0000000008008ac8      0x334
                0x0000000008008ac8                . = ALIGN (0x4)
 *(.rodata)
 *(.rodata*)
 .rodata.USART_PRESCALER_TAB
                0x0000000008008ac8       0x30 build/stm32g4xx_ll_usart.o
 .rodata.CRC4_Lookup4
                0x0000000008008af8       0x10 build/aspep.o
 .rodata.CRC4_Lookup8
                0x0000000008008b08      0x100 build/aspep.o
 .rodata.CTL_BOARD
                0x0000000008008c08        0xd build/mc_configuration_registers.o
                0x0000000008008c08                CTL_BOARD
 *fill*         0x0000000008008c15        0x3 
 .rodata.FIRMWARE_NAME
                0x0000000008008c18       0x14 build/mc_configuration_registers.o
                0x0000000008008c18                FIRMWARE_NAME
 .rodata.M1_ApplicationConfig_reg
                0x0000000008008c2c        0xe build/mc_configuration_registers.o
 *fill*         0x0000000008008c3a        0x2 
 .rodata.M1_FOCConfig_reg
                0x0000000008008c3c        0xe build/mc_configuration_registers.o
 *fill*         0x0000000008008c4a        0x2 
 .rodata.M1_MotorConfig_reg
                0x0000000008008c4c       0x3c build/mc_configuration_registers.o
                0x0000000008008c4c                M1_MotorConfig_reg
 .rodata.M1_PWR_BOARD
                0x0000000008008c88        0xd build/mc_configuration_registers.o
 *fill*         0x0000000008008c95        0x3 
 .rodata.globalConfig_reg
                0x0000000008008c98        0xa build/mc_configuration_registers.o
                0x0000000008008c98                globalConfig_reg
 *fill*         0x0000000008008ca2        0x2 
 .rodata.R3_2_ParamsM1
                0x0000000008008ca4       0xcc build/mc_parameters.o
                0x0000000008008ca4                R3_2_ParamsM1
 .rodata.R3_3_OPAMPParamsM1
                0x0000000008008d70       0x6c build/mc_parameters.o
                0x0000000008008d70                R3_3_OPAMPParamsM1
 .rodata.AHBPrescTable
                0x0000000008008ddc       0x10 build/system_stm32g4xx.o
                0x0000000008008ddc                AHBPrescTable
 .rodata.APBPrescTable
                0x0000000008008dec        0x8 build/system_stm32g4xx.o
                0x0000000008008dec                APBPrescTable
 .rodata.CHANNEL_OFFSET_TAB
                0x0000000008008df4        0x6 build/usart_aspep_driver.o
                0x0000000008008dfc                . = ALIGN (0x4)
 *fill*         0x0000000008008dfa        0x2 

.rel.dyn        0x0000000008008dfc        0x0
 .rel.iplt      0x0000000008008dfc        0x0 /usr/lib/gcc/arm-none-eabi/9.2.1/thumb/v7e-m+fp/hard/crtbegin.o

.ARM.extab      0x0000000008008dfc        0x0
                0x0000000008008dfc                . = ALIGN (0x4)
 *(.ARM.extab* .gnu.linkonce.armextab.*)
                0x0000000008008dfc                . = ALIGN (0x4)

.ARM            0x0000000008008dfc        0x0
                0x0000000008008dfc                . = ALIGN (0x4)
                0x0000000008008dfc                __exidx_start = .
 *(.ARM.exidx*)
                0x0000000008008dfc                __exidx_end = .
                0x0000000008008dfc                . = ALIGN (0x4)

.preinit_array  0x0000000008008dfc        0x0
                0x0000000008008dfc                . = ALIGN (0x4)
                0x0000000008008dfc                PROVIDE (__preinit_array_start = .)
 *(.preinit_array*)
                0x0000000008008dfc                PROVIDE (__preinit_array_end = .)
                0x0000000008008dfc                . = ALIGN (0x4)

.init_array     0x0000000008008dfc        0x4
                0x0000000008008dfc                . = ALIGN (0x4)
                0x0000000008008dfc                PROVIDE (__init_array_start = .)
 *(SORT_BY_NAME(.init_array.*))
 *(.init_array*)
 .init_array    0x0000000008008dfc        0x4 /usr/lib/gcc/arm-none-eabi/9.2.1/thumb/v7e-m+fp/hard/crtbegin.o
                0x0000000008008e00                PROVIDE (__init_array_end = .)
                0x0000000008008e00                . = ALIGN (0x4)

.fini_array     0x0000000008008e00        0x4
                0x0000000008008e00                . = ALIGN (0x4)
                0x0000000008008e00                PROVIDE (__fini_array_start = .)
 *(SORT_BY_NAME(.fini_array.*))
 *(.fini_array*)
 .fini_array    0x0000000008008e00        0x4 /usr/lib/gcc/arm-none-eabi/9.2.1/thumb/v7e-m+fp/hard/crtbegin.o
                0x0000000008008e04                PROVIDE (__fini_array_end = .)
                0x0000000008008e04                . = ALIGN (0x4)
                0x0000000008008e04                _sidata = LOADADDR (.data)

.data           0x0000000020000000     0x1e5c load address 0x0000000008008e04
                0x0000000020000000                . = ALIGN (0x4)
                0x0000000020000000                _sdata = .
 *(.data)
 *(.data*)
 .data.uwTickFreq
                0x0000000020000000        0x4 build/stm32g4xx_hal.o
                0x0000000020000000                uwTickFreq
 .data.uwTickPrio
                0x0000000020000004        0x4 build/stm32g4xx_hal.o
                0x0000000020000004                uwTickPrio
 .data.startMotorTime
                0x0000000020000008        0x8 build/mc_api.o
 .data.BusVoltageSensor_M1
                0x0000000020000010       0x2c build/mc_config.o
                0x0000000020000010                BusVoltageSensor_M1
 .data.CircleLimitationM1
                0x000000002000003c       0xb4 build/mc_config.o
                0x000000002000003c                CircleLimitationM1
 .data.ENCODER_M1
                0x00000000200000f0       0x7c build/mc_config.o
                0x00000000200000f0                ENCODER_M1
 .data.EncAlignCtrlM1
                0x000000002000016c       0x1c build/mc_config.o
                0x000000002000016c                EncAlignCtrlM1
 .data.EncRefM1
                0x0000000020000188       0x10 build/mc_config.o
                0x0000000020000188                EncRefM1
 .data.FF_M1    0x0000000020000198       0x38 build/mc_config.o
                0x0000000020000198                FF_M1
 .data.PIDIdHandle_M1
                0x00000000200001d0       0x2c build/mc_config.o
                0x00000000200001d0                PIDIdHandle_M1
 .data.PIDIqHandle_M1
                0x00000000200001fc       0x2c build/mc_config.o
                0x00000000200001fc                PIDIqHandle_M1
 .data.PIDSpeedHandle_M1
                0x0000000020000228       0x2c build/mc_config.o
                0x0000000020000228                PIDSpeedHandle_M1
 .data.PQD_MotorPowMeasM1
                0x0000000020000254       0x10 build/mc_config.o
                0x0000000020000254                PQD_MotorPowMeasM1
 .data.PWM_Handle_M1
                0x0000000020000264       0x90 build/mc_config.o
                0x0000000020000264                PWM_Handle_M1
 .data.RampExtMngrHFParamsM1
                0x00000000200002f4       0x18 build/mc_config.o
                0x00000000200002f4                RampExtMngrHFParamsM1
 .data.RevUpControlM1
                0x000000002000030c       0x78 build/mc_config.o
                0x000000002000030c                RevUpControlM1
 .data.STO_M1   0x0000000020000384       0x14 build/mc_config.o
                0x0000000020000384                STO_M1
 .data.STO_PLL_M1
                0x0000000020000398      0x128 build/mc_config.o
                0x0000000020000398                STO_PLL_M1
 .data.SpeednTorqCtrlM1
                0x00000000200004c0       0x34 build/mc_config.o
                0x00000000200004c0                SpeednTorqCtrlM1
 .data.TempSensor_M1
                0x00000000200004f4       0x28 build/mc_config.o
                0x00000000200004f4                TempSensor_M1
 .data.VirtualSpeedSensorM1
                0x000000002000051c       0x38 build/mc_config.o
                0x000000002000051c                VirtualSpeedSensorM1
 .data.debugScopeM1
                0x0000000020000554     0x1814 build/mc_config.o
                0x0000000020000554                debugScopeM1
 .data.pFF      0x0000000020001d68        0x4 build/mc_config.o
                0x0000000020001d68                pFF
 .data.pMPM     0x0000000020001d6c        0x4 build/mc_config.o
                0x0000000020001d6c                pMPM
 .data.pPIDId   0x0000000020001d70        0x4 build/mc_config.o
                0x0000000020001d70                pPIDId
 .data.pPIDIq   0x0000000020001d74        0x4 build/mc_config.o
                0x0000000020001d74                pPIDIq
 .data.pSTC     0x0000000020001d78        0x4 build/mc_config.o
                0x0000000020001d78                pSTC
 .data.pTemperatureSensor
                0x0000000020001d7c        0x4 build/mc_config.o
                0x0000000020001d7c                pTemperatureSensor
 .data.ApplicationConfig_reg
                0x0000000020001d80        0x4 build/mc_configuration_registers.o
                0x0000000020001d80                ApplicationConfig_reg
 .data.FOCConfig_reg
                0x0000000020001d84        0x4 build/mc_configuration_registers.o
                0x0000000020001d84                FOCConfig_reg
 .data.MotorConfig_reg
                0x0000000020001d88        0x4 build/mc_configuration_registers.o
                0x0000000020001d88                MotorConfig_reg
 .data.PWR_BOARD_NAME
                0x0000000020001d8c        0x4 build/mc_configuration_registers.o
                0x0000000020001d8c                PWR_BOARD_NAME
 .data.MCPA_UART_A
                0x0000000020001d90       0x2c build/mcp_config.o
                0x0000000020001d90                MCPA_UART_A
 .data.MCP_Over_UartA
                0x0000000020001dbc       0x10 build/mcp_config.o
                0x0000000020001dbc                MCP_Over_UartA
 .data.UASPEP_A
                0x0000000020001dcc       0x14 build/mcp_config.o
 .data.aspepOverUartA
                0x0000000020001de0       0x74 build/mcp_config.o
                0x0000000020001de0                aspepOverUartA
 .data.SystickDividerCounter.15158
                0x0000000020001e54        0x1 build/stm32g4xx_mc_it.o
 *fill*         0x0000000020001e55        0x3 
 .data.SystemCoreClock
                0x0000000020001e58        0x4 build/system_stm32g4xx.o
                0x0000000020001e58                SystemCoreClock
 *(.RamFunc)
 *(.RamFunc*)
                0x0000000020001e5c                . = ALIGN (0x4)
                0x0000000020001e5c                _edata = .

.tm_clone_table
                0x0000000020001e5c        0x0 load address 0x000000000800ac60
 .tm_clone_table
                0x0000000020001e5c        0x0 /usr/lib/gcc/arm-none-eabi/9.2.1/thumb/v7e-m+fp/hard/crtbegin.o
 .tm_clone_table
                0x0000000020001e5c        0x0 /usr/lib/gcc/arm-none-eabi/9.2.1/thumb/v7e-m+fp/hard/crtend.o

.igot.plt       0x0000000020001e5c        0x0 load address 0x000000000800ac60
 .igot.plt      0x0000000020001e5c        0x0 /usr/lib/gcc/arm-none-eabi/9.2.1/thumb/v7e-m+fp/hard/crtbegin.o
                0x0000000020001e5c                . = ALIGN (0x4)

.bss            0x0000000020001e60     0x1418 load address 0x000000000800ac60
                0x0000000020001e60                _sbss = .
                0x0000000020001e60                __bss_start__ = _sbss
 *(.bss)
 .bss           0x0000000020001e60       0x1c /usr/lib/gcc/arm-none-eabi/9.2.1/thumb/v7e-m+fp/hard/crtbegin.o
 *(.bss*)
 .bss.GLOBAL_TIMESTAMP
                0x0000000020001e7c        0x4 build/mcpa.o
                0x0000000020001e7c                GLOBAL_TIMESTAMP
 .bss.TickMSCounter
                0x0000000020001e80        0x8 build/debug_scope.o
                0x0000000020001e80                TickMSCounter
 .bss.encoder   0x0000000020001e88        0x4 build/main.o
                0x0000000020001e88                encoder
 .bss.RealBusVoltageSensorFilterBufferM1
                0x0000000020001e8c        0xc build/mc_config.o
 .bss.FOCVars   0x0000000020001e98       0x26 build/mc_tasks.o
 .bss.bMCBootCompleted
                0x0000000020001ebe        0x1 build/mc_tasks.o
 *fill*         0x0000000020001ebf        0x1 
 .bss.hBootCapDelayCounterM1
                0x0000000020001ec0        0x2 build/mc_tasks.o
 .bss.hMFTaskCounterM1
                0x0000000020001ec2        0x2 build/mc_tasks.o
 .bss.hStopPermanencyCounterM1
                0x0000000020001ec4        0x2 build/mc_tasks.o
 *fill*         0x0000000020001ec6        0x2 
 .bss.pEAC      0x0000000020001ec8        0x4 build/mc_tasks.o
 .bss.pREMNG    0x0000000020001ecc        0x4 build/mc_tasks.o
 .bss.prevAngle.15751
                0x0000000020001ed0        0x2 build/mc_tasks.o
 *fill*         0x0000000020001ed2        0x2 
 .bss.pwmcHandle
                0x0000000020001ed4        0x4 build/mc_tasks.o
 .bss.sectionCounter.15752
                0x0000000020001ed8        0x2 build/mc_tasks.o
 *fill*         0x0000000020001eda        0x2 
 .bss.MCPAsyncBuffUARTA_A
                0x0000000020001edc      0x806 build/mcp_config.o
 *fill*         0x00000000200026e2        0x2 
 .bss.MCPAsyncBuffUARTA_B
                0x00000000200026e4      0x806 build/mcp_config.o
 *fill*         0x0000000020002eea        0x2 
 .bss.MCPSyncRXBuff
                0x0000000020002eec       0x82 build/mcp_config.o
 *fill*         0x0000000020002f6e        0x2 
 .bss.MCPSyncTxBuff
                0x0000000020002f70       0x86 build/mcp_config.o
 .bss.nullData16.15675
                0x0000000020002ff6        0x2 build/register_interface.o
 .bss.RCM_CB_array
                0x0000000020002ff8       0x20 build/regular_conversion_manager.o
 .bss.RCM_NoInj_array
                0x0000000020003018       0x18 build/regular_conversion_manager.o
 .bss.RCM_UserConvHandle
                0x0000000020003030        0x1 build/regular_conversion_manager.o
 .bss.RCM_UserConvState
                0x0000000020003031        0x1 build/regular_conversion_manager.o
 .bss.RCM_UserConvValue
                0x0000000020003032        0x2 build/regular_conversion_manager.o
 .bss.RCM_currentHandle
                0x0000000020003034        0x1 build/regular_conversion_manager.o
 *fill*         0x0000000020003035        0x3 
 .bss.RCM_handle_array
                0x0000000020003038       0x10 build/regular_conversion_manager.o
 *(COMMON)
 COMMON         0x0000000020003048        0x4 build/stm32g4xx_hal.o
                0x0000000020003048                uwTick
 COMMON         0x000000002000304c       0x28 build/mc_config.o
                0x000000002000304c                Mci
 COMMON         0x0000000020003074       0x6e build/mcp_config.o
                0x0000000020003074                dataPtrTableBuffA
                0x000000002000309c                MCP_UserCallBack
                0x00000000200030a4                dataSizeTableBuffA
                0x00000000200030b0                dataPtrTableA
                0x00000000200030d8                dataSizeTableA
 *fill*         0x00000000200030e2        0x2 
 COMMON         0x00000000200030e4        0x4 build/motorcontrol.o
                0x00000000200030e4                pMCI
 COMMON         0x00000000200030e8      0x190 build/stm32g4xx_it.o
                0x00000000200030e8                angArr
                0x0000000020003278                . = ALIGN (0x4)
                0x0000000020003278                _ebss = .
                0x0000000020003278                __bss_end__ = _ebss

._user_heap_stack
                0x0000000020003278      0x600 load address 0x000000000800ac60
                0x0000000020003278                . = ALIGN (0x8)
                [!provide]                        PROVIDE (end = .)
                [!provide]                        PROVIDE (_end = .)
                0x0000000020003478                . = (. + _Min_Heap_Size)
 *fill*         0x0000000020003278      0x200 
                0x0000000020003878                . = (. + _Min_Stack_Size)
 *fill*         0x0000000020003478      0x400 
                0x0000000020003878                . = ALIGN (0x8)

/DISCARD/
 libc.a(*)
 libm.a(*)
 libgcc.a(*)

.ARM.attributes
                0x0000000000000000       0x30
 *(.ARM.attributes)
 .ARM.attributes
                0x0000000000000000       0x1e /usr/lib/gcc/arm-none-eabi/9.2.1/thumb/v7e-m+fp/hard/crti.o
 .ARM.attributes
                0x000000000000001e       0x34 /usr/lib/gcc/arm-none-eabi/9.2.1/thumb/v7e-m+fp/hard/crtbegin.o
 .ARM.attributes
                0x0000000000000052       0x34 build/stm32g4xx_hal.o
 .ARM.attributes
                0x0000000000000086       0x34 build/stm32g4xx_hal_cortex.o
 .ARM.attributes
                0x00000000000000ba       0x34 build/stm32g4xx_hal_pwr_ex.o
 .ARM.attributes
                0x00000000000000ee       0x34 build/stm32g4xx_hal_rcc.o
 .ARM.attributes
                0x0000000000000122       0x34 build/stm32g4xx_ll_adc.o
 .ARM.attributes
                0x0000000000000156       0x34 build/stm32g4xx_ll_comp.o
 .ARM.attributes
                0x000000000000018a       0x34 build/stm32g4xx_ll_dac.o
 .ARM.attributes
                0x00000000000001be       0x34 build/stm32g4xx_ll_exti.o
 .ARM.attributes
                0x00000000000001f2       0x34 build/stm32g4xx_ll_gpio.o
 .ARM.attributes
                0x0000000000000226       0x34 build/stm32g4xx_ll_opamp.o
 .ARM.attributes
                0x000000000000025a       0x34 build/stm32g4xx_ll_rcc.o
 .ARM.attributes
                0x000000000000028e       0x34 build/stm32g4xx_ll_tim.o
 .ARM.attributes
                0x00000000000002c2       0x34 build/stm32g4xx_ll_usart.o
 .ARM.attributes
                0x00000000000002f6       0x34 build/stm32g4xx_ll_utils.o
 .ARM.attributes
                0x000000000000032a       0x34 build/bus_voltage_sensor.o
 .ARM.attributes
                0x000000000000035e       0x34 build/circle_limitation.o
 .ARM.attributes
                0x0000000000000392       0x34 build/enc_align_ctrl.o
 .ARM.attributes
                0x00000000000003c6       0x34 build/encoder_speed_pos_fdbk.o
 .ARM.attributes
                0x00000000000003fa       0x34 build/feed_forward_ctrl.o
 .ARM.attributes
                0x000000000000042e       0x34 build/mcp.o
 .ARM.attributes
                0x0000000000000462       0x34 build/mcpa.o
 .ARM.attributes
                0x0000000000000496       0x34 build/ntc_temperature_sensor.o
 .ARM.attributes
                0x00000000000004ca       0x34 build/pid_regulator.o
 .ARM.attributes
                0x00000000000004fe       0x34 build/pqd_motor_power_measurement.o
 .ARM.attributes
                0x0000000000000532       0x34 build/pwm_common.o
 .ARM.attributes
                0x0000000000000566       0x34 build/r_divider_bus_voltage_sensor.o
 .ARM.attributes
                0x000000000000059a       0x34 build/ramp_ext_mngr.o
 .ARM.attributes
                0x00000000000005ce       0x34 build/revup_ctrl.o
 .ARM.attributes
                0x0000000000000602       0x34 build/speed_pos_fdbk.o
 .ARM.attributes
                0x0000000000000636       0x34 build/speed_torq_ctrl.o
 .ARM.attributes
                0x000000000000066a       0x34 build/sto_pll_speed_pos_fdbk.o
 .ARM.attributes
                0x000000000000069e       0x34 build/virtual_speed_sensor.o
 .ARM.attributes
                0x00000000000006d2       0x34 build/r3_2_g4xx_pwm_curr_fdbk.o
 .ARM.attributes
                0x0000000000000706       0x34 build/aspep.o
 .ARM.attributes
                0x000000000000073a       0x34 build/debug_scope.o
 .ARM.attributes
                0x000000000000076e       0x34 build/main.o
 .ARM.attributes
                0x00000000000007a2       0x34 build/mc_api.o
 .ARM.attributes
                0x00000000000007d6       0x34 build/mc_app_hooks.o
 .ARM.attributes
                0x000000000000080a       0x39 build/mc_config.o
 .ARM.attributes
                0x0000000000000843       0x39 build/mc_configuration_registers.o
 .ARM.attributes
                0x000000000000087c       0x34 build/mc_interface.o
 .ARM.attributes
                0x00000000000008b0       0x34 build/mc_math.o
 .ARM.attributes
                0x00000000000008e4       0x39 build/mc_parameters.o
 .ARM.attributes
                0x000000000000091d       0x34 build/mc_tasks.o
 .ARM.attributes
                0x0000000000000951       0x39 build/mcp_config.o
 .ARM.attributes
                0x000000000000098a       0x34 build/motorcontrol.o
 .ARM.attributes
                0x00000000000009be       0x34 build/pwm_curr_fdbk.o
 .ARM.attributes
                0x00000000000009f2       0x34 build/register_interface.o
 .ARM.attributes
                0x0000000000000a26       0x34 build/regular_conversion_manager.o
 .ARM.attributes
                0x0000000000000a5a       0x34 build/stm32g4xx_hal_msp.o
 .ARM.attributes
                0x0000000000000a8e       0x34 build/stm32g4xx_it.o
 .ARM.attributes
                0x0000000000000ac2       0x34 build/stm32g4xx_mc_it.o
 .ARM.attributes
                0x0000000000000af6       0x34 build/system_stm32g4xx.o
 .ARM.attributes
                0x0000000000000b2a       0x34 build/usart_aspep_driver.o
 .ARM.attributes
                0x0000000000000b5e       0x21 build/startup_stm32g431xx.o
 .ARM.attributes
                0x0000000000000b7f       0x34 /usr/lib/gcc/arm-none-eabi/9.2.1/../../../arm-none-eabi/lib/thumb/v7e-m+fp/hard/libc_nano.a(lib_a-init.o)
 .ARM.attributes
                0x0000000000000bb3       0x1c /usr/lib/gcc/arm-none-eabi/9.2.1/../../../arm-none-eabi/lib/thumb/v7e-m+fp/hard/libc_nano.a(lib_a-memcpy.o)
 .ARM.attributes
                0x0000000000000bcf       0x34 /usr/lib/gcc/arm-none-eabi/9.2.1/../../../arm-none-eabi/lib/thumb/v7e-m+fp/hard/libc_nano.a(lib_a-memset.o)
 .ARM.attributes
                0x0000000000000c03       0x32 /usr/lib/gcc/arm-none-eabi/9.2.1/thumb/v7e-m+fp/hard/crtend.o
 .ARM.attributes
                0x0000000000000c35       0x1e /usr/lib/gcc/arm-none-eabi/9.2.1/thumb/v7e-m+fp/hard/crtn.o
OUTPUT(build/STM32_MCSDK_Project.elf elf32-littlearm)
LOAD linker stubs
LOAD /usr/lib/gcc/arm-none-eabi/9.2.1/../../../arm-none-eabi/lib/thumb/v7e-m+fp/hard/libc.a
LOAD /usr/lib/gcc/arm-none-eabi/9.2.1/../../../arm-none-eabi/lib/thumb/v7e-m+fp/hard/libm.a
LOAD /usr/lib/gcc/arm-none-eabi/9.2.1/thumb/v7e-m+fp/hard/libgcc.a

.comment        0x0000000000000000       0xa7
 .comment       0x0000000000000000       0x59 /usr/lib/gcc/arm-none-eabi/9.2.1/thumb/v7e-m+fp/hard/crtbegin.o
                                         0x5a (size before relaxing)
 .comment       0x0000000000000059       0x5a build/stm32g4xx_hal.o
 .comment       0x0000000000000059       0x5a build/stm32g4xx_hal_cortex.o
 .comment       0x0000000000000059       0x5a build/stm32g4xx_hal_pwr_ex.o
 .comment       0x0000000000000059       0x5a build/stm32g4xx_hal_rcc.o
 .comment       0x0000000000000059       0x5a build/stm32g4xx_ll_adc.o
 .comment       0x0000000000000059       0x5a build/stm32g4xx_ll_comp.o
 .comment       0x0000000000000059       0x5a build/stm32g4xx_ll_dac.o
 .comment       0x0000000000000059       0x5a build/stm32g4xx_ll_exti.o
 .comment       0x0000000000000059       0x5a build/stm32g4xx_ll_gpio.o
 .comment       0x0000000000000059       0x5a build/stm32g4xx_ll_opamp.o
 .comment       0x0000000000000059       0x5a build/stm32g4xx_ll_rcc.o
 .comment       0x0000000000000059       0x5a build/stm32g4xx_ll_tim.o
 .comment       0x0000000000000059       0x5a build/stm32g4xx_ll_usart.o
 .comment       0x0000000000000059       0x5a build/stm32g4xx_ll_utils.o
 .comment       0x0000000000000059       0x5a build/bus_voltage_sensor.o
 .comment       0x0000000000000059       0x5a build/circle_limitation.o
 .comment       0x0000000000000059       0x5a build/enc_align_ctrl.o
 .comment       0x0000000000000059       0x5a build/encoder_speed_pos_fdbk.o
 .comment       0x0000000000000059       0x5a build/feed_forward_ctrl.o
 .comment       0x0000000000000059       0x5a build/mcp.o
 .comment       0x0000000000000059       0x5a build/mcpa.o
 .comment       0x0000000000000059       0x5a build/ntc_temperature_sensor.o
 .comment       0x0000000000000059       0x5a build/pid_regulator.o
 .comment       0x0000000000000059       0x5a build/pqd_motor_power_measurement.o
 .comment       0x0000000000000059       0x5a build/pwm_common.o
 .comment       0x0000000000000059       0x5a build/r_divider_bus_voltage_sensor.o
 .comment       0x0000000000000059       0x5a build/ramp_ext_mngr.o
 .comment       0x0000000000000059       0x5a build/revup_ctrl.o
 .comment       0x0000000000000059       0x5a build/speed_pos_fdbk.o
 .comment       0x0000000000000059       0x5a build/speed_torq_ctrl.o
 .comment       0x0000000000000059       0x5a build/sto_pll_speed_pos_fdbk.o
 .comment       0x0000000000000059       0x5a build/virtual_speed_sensor.o
 .comment       0x0000000000000059       0x5a build/r3_2_g4xx_pwm_curr_fdbk.o
 .comment       0x0000000000000059       0x5a build/aspep.o
 .comment       0x0000000000000059       0x5a build/debug_scope.o
 .comment       0x0000000000000059       0x5a build/main.o
 .comment       0x0000000000000059       0x5a build/mc_api.o
 .comment       0x0000000000000059       0x5a build/mc_app_hooks.o
 .comment       0x0000000000000059       0x5a build/mc_config.o
 .comment       0x0000000000000059       0x5a build/mc_configuration_registers.o
 .comment       0x0000000000000059       0x5a build/mc_interface.o
 .comment       0x0000000000000059       0x5a build/mc_math.o
 .comment       0x0000000000000059       0x5a build/mc_parameters.o
 .comment       0x0000000000000059       0x5a build/mc_tasks.o
 .comment       0x0000000000000059       0x5a build/mcp_config.o
 .comment       0x0000000000000059       0x5a build/motorcontrol.o
 .comment       0x0000000000000059       0x5a build/pwm_curr_fdbk.o
 .comment       0x0000000000000059       0x5a build/register_interface.o
 .comment       0x0000000000000059       0x5a build/regular_conversion_manager.o
 .comment       0x0000000000000059       0x5a build/stm32g4xx_hal_msp.o
 .comment       0x0000000000000059       0x5a build/stm32g4xx_it.o
 .comment       0x0000000000000059       0x5a build/stm32g4xx_mc_it.o
 .comment       0x0000000000000059       0x5a build/system_stm32g4xx.o
 .comment       0x0000000000000059       0x5a build/usart_aspep_driver.o
 .comment       0x0000000000000059       0x4e /usr/lib/gcc/arm-none-eabi/9.2.1/../../../arm-none-eabi/lib/thumb/v7e-m+fp/hard/libc_nano.a(lib_a-init.o)
                                         0x4f (size before relaxing)
 .comment       0x00000000000000a7       0x4f /usr/lib/gcc/arm-none-eabi/9.2.1/../../../arm-none-eabi/lib/thumb/v7e-m+fp/hard/libc_nano.a(lib_a-memset.o)
 .comment       0x00000000000000a7       0x5a /usr/lib/gcc/arm-none-eabi/9.2.1/thumb/v7e-m+fp/hard/crtend.o

.debug_info     0x0000000000000000    0x56759
 .debug_info    0x0000000000000000      0xd00 build/stm32g4xx_hal.o
 .debug_info    0x0000000000000d00     0x11d1 build/stm32g4xx_hal_cortex.o
 .debug_info    0x0000000000001ed1      0xba3 build/stm32g4xx_hal_pwr_ex.o
 .debug_info    0x0000000000002a74      0xfde build/stm32g4xx_hal_rcc.o
 .debug_info    0x0000000000003a52     0x109e build/stm32g4xx_ll_adc.o
 .debug_info    0x0000000000004af0      0x42c build/stm32g4xx_ll_comp.o
 .debug_info    0x0000000000004f1c      0x8a2 build/stm32g4xx_ll_dac.o
 .debug_info    0x00000000000057be      0xa21 build/stm32g4xx_ll_exti.o
 .debug_info    0x00000000000061df      0xfab build/stm32g4xx_ll_gpio.o
 .debug_info    0x000000000000718a      0x48c build/stm32g4xx_ll_opamp.o
 .debug_info    0x0000000000007616     0x15ae build/stm32g4xx_ll_rcc.o
 .debug_info    0x0000000000008bc4     0x1992 build/stm32g4xx_ll_tim.o
 .debug_info    0x000000000000a556      0xc40 build/stm32g4xx_ll_usart.o
 .debug_info    0x000000000000b196     0x1103 build/stm32g4xx_ll_utils.o
 .debug_info    0x000000000000c299      0x4bf build/bus_voltage_sensor.o
 .debug_info    0x000000000000c758      0x526 build/circle_limitation.o
 .debug_info    0x000000000000cc7e      0xd04 build/enc_align_ctrl.o
 .debug_info    0x000000000000d982      0xe14 build/encoder_speed_pos_fdbk.o
 .debug_info    0x000000000000e796      0xbf1 build/feed_forward_ctrl.o
 .debug_info    0x000000000000f387     0x3309 build/mcp.o
 .debug_info    0x0000000000012690     0x10da build/mcpa.o
 .debug_info    0x000000000001376a      0x901 build/ntc_temperature_sensor.o
 .debug_info    0x000000000001406b      0xb4e build/pid_regulator.o
 .debug_info    0x0000000000014bb9      0x6a6 build/pqd_motor_power_measurement.o
 .debug_info    0x000000000001525f      0xaf0 build/pwm_common.o
 .debug_info    0x0000000000015d4f      0x9fc build/r_divider_bus_voltage_sensor.o
 .debug_info    0x000000000001674b      0x6b6 build/ramp_ext_mngr.o
 .debug_info    0x0000000000016e01     0x16a3 build/revup_ctrl.o
 .debug_info    0x00000000000184a4      0x73a build/speed_pos_fdbk.o
 .debug_info    0x0000000000018bde     0x1310 build/speed_torq_ctrl.o
 .debug_info    0x0000000000019eee     0x170b build/sto_pll_speed_pos_fdbk.o
 .debug_info    0x000000000001b5f9      0x958 build/virtual_speed_sensor.o
 .debug_info    0x000000000001bf51     0x5137 build/r3_2_g4xx_pwm_curr_fdbk.o
 .debug_info    0x0000000000021088      0xffb build/aspep.o
 .debug_info    0x0000000000022083      0x25d build/debug_scope.o
 .debug_info    0x00000000000222e0     0x8bfa build/main.o
 .debug_info    0x000000000002aeda     0x340d build/mc_api.o
 .debug_info    0x000000000002e2e7      0x382 build/mc_app_hooks.o
 .debug_info    0x000000000002e669     0x2be6 build/mc_config.o
 .debug_info    0x000000000003124f      0x71d build/mc_configuration_registers.o
 .debug_info    0x000000000003196c     0x3e42 build/mc_interface.o
 .debug_info    0x00000000000357ae      0x8d7 build/mc_math.o
 .debug_info    0x0000000000036085     0x290e build/mc_parameters.o
 .debug_info    0x0000000000038993     0x4dee build/mc_tasks.o
 .debug_info    0x000000000003d781      0xc4d build/mcp_config.o
 .debug_info    0x000000000003e3ce     0x2b7e build/motorcontrol.o
 .debug_info    0x0000000000040f4c     0x117b build/pwm_curr_fdbk.o
 .debug_info    0x00000000000420c7     0x4cbe build/register_interface.o
 .debug_info    0x0000000000046d85     0x3386 build/regular_conversion_manager.o
 .debug_info    0x000000000004a10b     0x3252 build/stm32g4xx_hal_msp.o
 .debug_info    0x000000000004d35d     0x2ba9 build/stm32g4xx_it.o
 .debug_info    0x000000000004ff06     0x3fb0 build/stm32g4xx_mc_it.o
 .debug_info    0x0000000000053eb6      0x709 build/system_stm32g4xx.o
 .debug_info    0x00000000000545bf     0x1117 build/usart_aspep_driver.o
 .debug_info    0x00000000000556d6       0x22 build/startup_stm32g431xx.o
 .debug_info    0x00000000000556f8      0x11a /usr/lib/gcc/arm-none-eabi/9.2.1/../../../arm-none-eabi/lib/thumb/v7e-m+fp/hard/libc_nano.a(lib_a-init.o)
 .debug_info    0x0000000000055812       0x26 /usr/lib/gcc/arm-none-eabi/9.2.1/../../../arm-none-eabi/lib/thumb/v7e-m+fp/hard/libc_nano.a(lib_a-memcpy.o)
 .debug_info    0x0000000000055838      0xf21 /usr/lib/gcc/arm-none-eabi/9.2.1/../../../arm-none-eabi/lib/thumb/v7e-m+fp/hard/libc_nano.a(lib_a-memset.o)

.debug_abbrev   0x0000000000000000     0x8cba
 .debug_abbrev  0x0000000000000000      0x25e build/stm32g4xx_hal.o
 .debug_abbrev  0x000000000000025e      0x387 build/stm32g4xx_hal_cortex.o
 .debug_abbrev  0x00000000000005e5      0x258 build/stm32g4xx_hal_pwr_ex.o
 .debug_abbrev  0x000000000000083d      0x26f build/stm32g4xx_hal_rcc.o
 .debug_abbrev  0x0000000000000aac      0x224 build/stm32g4xx_ll_adc.o
 .debug_abbrev  0x0000000000000cd0      0x1aa build/stm32g4xx_ll_comp.o
 .debug_abbrev  0x0000000000000e7a      0x237 build/stm32g4xx_ll_dac.o
 .debug_abbrev  0x00000000000010b1      0x216 build/stm32g4xx_ll_exti.o
 .debug_abbrev  0x00000000000012c7      0x2c1 build/stm32g4xx_ll_gpio.o
 .debug_abbrev  0x0000000000001588      0x1e8 build/stm32g4xx_ll_opamp.o
 .debug_abbrev  0x0000000000001770      0x2d6 build/stm32g4xx_ll_rcc.o
 .debug_abbrev  0x0000000000001a46      0x30d build/stm32g4xx_ll_tim.o
 .debug_abbrev  0x0000000000001d53      0x2f9 build/stm32g4xx_ll_usart.o
 .debug_abbrev  0x000000000000204c      0x2cf build/stm32g4xx_ll_utils.o
 .debug_abbrev  0x000000000000231b      0x137 build/bus_voltage_sensor.o
 .debug_abbrev  0x0000000000002452      0x16c build/circle_limitation.o
 .debug_abbrev  0x00000000000025be      0x1f2 build/enc_align_ctrl.o
 .debug_abbrev  0x00000000000027b0      0x2d7 build/encoder_speed_pos_fdbk.o
 .debug_abbrev  0x0000000000002a87      0x241 build/feed_forward_ctrl.o
 .debug_abbrev  0x0000000000002cc8      0x2d3 build/mcp.o
 .debug_abbrev  0x0000000000002f9b      0x2f2 build/mcpa.o
 .debug_abbrev  0x000000000000328d      0x1e1 build/ntc_temperature_sensor.o
 .debug_abbrev  0x000000000000346e      0x1e5 build/pid_regulator.o
 .debug_abbrev  0x0000000000003653      0x1db build/pqd_motor_power_measurement.o
 .debug_abbrev  0x000000000000382e      0x252 build/pwm_common.o
 .debug_abbrev  0x0000000000003a80      0x211 build/r_divider_bus_voltage_sensor.o
 .debug_abbrev  0x0000000000003c91      0x24a build/ramp_ext_mngr.o
 .debug_abbrev  0x0000000000003edb      0x2c4 build/revup_ctrl.o
 .debug_abbrev  0x000000000000419f      0x1bb build/speed_pos_fdbk.o
 .debug_abbrev  0x000000000000435a      0x342 build/speed_torq_ctrl.o
 .debug_abbrev  0x000000000000469c      0x333 build/sto_pll_speed_pos_fdbk.o
 .debug_abbrev  0x00000000000049cf      0x1f9 build/virtual_speed_sensor.o
 .debug_abbrev  0x0000000000004bc8      0x43f build/r3_2_g4xx_pwm_curr_fdbk.o
 .debug_abbrev  0x0000000000005007      0x34b build/aspep.o
 .debug_abbrev  0x0000000000005352      0x15f build/debug_scope.o
 .debug_abbrev  0x00000000000054b1      0x526 build/main.o
 .debug_abbrev  0x00000000000059d7      0x2eb build/mc_api.o
 .debug_abbrev  0x0000000000005cc2       0xe6 build/mc_app_hooks.o
 .debug_abbrev  0x0000000000005da8      0x236 build/mc_config.o
 .debug_abbrev  0x0000000000005fde      0x12b build/mc_configuration_registers.o
 .debug_abbrev  0x0000000000006109      0x434 build/mc_interface.o
 .debug_abbrev  0x000000000000653d      0x2c0 build/mc_math.o
 .debug_abbrev  0x00000000000067fd      0x1ed build/mc_parameters.o
 .debug_abbrev  0x00000000000069ea      0x3ea build/mc_tasks.o